02-22 10:50:13.759     0     0 I EXT4-fs (vda5): mounted filesystem with ordered data mode. Opts: errors=remount-ro,nomblk_io_submit
02-22 10:50:13.788     0     0 I e2fsck  : e2fsck 1.45.4 (23-Sep-2019)
02-22 10:50:13.791     0     0 I e2fsck  : Pass 1: Checking inodes, blocks, and sizes
02-22 10:50:13.792     0     0 I e2fsck  : Pass 2: Checking directory structure
02-22 10:50:13.793     0     0 I e2fsck  : Pass 3: Checking directory connectivity
02-22 10:50:13.793     0     0 I e2fsck  : Pass 4: Checking reference counts
02-22 10:50:13.794     0     0 I e2fsck  : Pass 5: Checking group summary information
--------- beginning of system
02-22 10:50:13.786   123   123 I vold    : Vold 3.0 (the awakening) firing up
02-22 10:50:13.786   123   123 D vold    : Detected support for: ext4 f2fs vfat
02-22 10:50:13.788   123   123 D vold    : Tearing down stale mount /mnt/shared
02-22 10:50:13.791   123   123 D vold    : VoldNativeService::start() completed OK
02-22 10:50:13.806     0     0 I e2fsck  : cache: 14/65536 files (0.0% non-contiguous), 8210/65536 blocks
02-22 10:50:13.817     0     0 I         : ip (132) used greatest stack depth: 11400 bytes left
02-22 10:50:13.824     0     0 I EXT4-fs (vda5): mounted filesystem with ordered data mode. Opts: barrier=1,data=ordered
02-22 10:50:13.825     0     0 W EXT4-fs (vdb2): Ignoring removed nomblk_io_submit option
02-22 10:50:14.289     0     0 I EXT4-fs (vdb2): 3 orphan inodes deleted
02-22 10:50:14.289     0     0 I EXT4-fs (vdb2): recovery complete
02-22 10:50:14.319     0     0 I EXT4-fs (vdb2): mounted filesystem with ordered data mode. Opts: errors=remount-ro,nomblk_io_submit
02-22 10:50:14.345     0     0 I e2fsck  : e2fsck 1.45.4 (23-Sep-2019)
02-22 10:50:14.354     0     0 I e2fsck  : Pass 1: Checking inodes, blocks, and sizes
02-22 10:50:14.381     0     0 I e2fsck  : Inode 41638 extent tree (at level 1) could be shorter.  Optimize? yes
02-22 10:50:15.044     0     0 I EXT4-fs (vdb2): mounted filesystem with ordered data mode. Opts: discard,barrier=1,data=ordered,noauto_da_alloc
02-22 10:50:15.129   123   123 I Checkpoint: cp_prepareCheckpoint called
02-22 10:50:15.150   123   123 I vold    : fscrypt_initialize_systemwide_keys
02-22 10:50:15.150   123   123 D vold    : Key exists, using: /data/unencrypted/key
02-22 10:50:15.165     0     0 D vdc     : Waited 0ms for vold
02-22 10:50:15.175   123   123 D vold    : Detected support for FS_IOC_ADD_ENCRYPTION_KEY
02-22 10:50:15.175   123   123 D vold    : Installed fscrypt key with ref 3eb1fff33341a73c to /data
02-22 10:50:15.175   123   123 D vold    : Added fscrypt-provisioning key for 3eb1fff33341a73c to session keyring
02-22 10:50:15.201   123   123 I vold    : Wrote system DE key reference to:/data/unencrypted/ref
02-22 10:50:15.201   123   123 D vold    : Generating standard storage key
02-22 10:50:15.201   123   123 D vold    : Installed fscrypt key with ref 118fa1b7c79187e5 to /data
02-22 10:50:15.201   123   123 D vold    : Added fscrypt-provisioning key for 118fa1b7c79187e5 to session keyring
02-22 10:50:15.209   123   123 I vold    : Wrote per boot key reference to:/data/unencrypted/per_boot_ref
02-22 10:50:15.227     0     0 I fscrypt : AES-256-CTS-CBC using implementation "cts(cbc(aes-generic))"
02-22 10:50:15.228     0     0 I fscrypt : AES-256-XTS using implementation "xts(ecb(aes-generic))"
02-22 10:50:15.230   123   123 I incfs   : Initial API level of the device: 16
02-22 10:50:15.230   123   123 I incfs   : ro.incremental.enable: 
02-22 10:50:15.230   123   123 E incfs   : IncFs_Features: failed to open features dir, assuming v1/none.: No such file or directory
02-22 10:50:15.247   123   123 E vold    : keystore2 Keystore earlyBootEnded returned service specific error: -68
02-22 10:50:15.276     0     0 W         : NOHZ tick-stop error: Non-RCU local softirq work is pending, handler #282!!!
02-22 10:50:15.277     0     0 W         : NOHZ tick-stop error: Non-RCU local softirq work is pending, handler #280!!!
02-22 10:50:15.286     0     0 I apexd   : This device does not support updatable APEX. Exiting
02-22 10:50:15.286     0     0 I apexd   : Marking APEXd as activated
02-22 10:50:15.323     0     0 D vdc     : Waited 0ms for vold
02-22 10:50:15.309   123   123 D vold    : fscrypt_init_user0
02-22 10:50:15.309   123   123 D vold    : Preparing: /data/misc/vold/user_keys
02-22 10:50:15.310   123   123 D vold    : Preparing: /data/misc/vold/user_keys/ce
02-22 10:50:15.310   123   123 D vold    : Preparing: /data/misc/vold/user_keys/de
02-22 10:50:15.314   123   123 D vold    : Installed fscrypt key with ref 05d26e782d9ac585 to /data
02-22 10:50:15.314   123   123 D vold    : Added fscrypt-provisioning key for 05d26e782d9ac585 to session keyring
02-22 10:50:15.314   123   123 D vold    : Installed de key for user 0
02-22 10:50:15.314   123   123 D vold    : fscrypt_prepare_user_storage for volume null, user 0, serial 0, flags 1
02-22 10:50:15.314   123   123 D vold    : Preparing: /data/system/users/0
02-22 10:50:15.314   123   123 D vold    : Preparing: /data/misc/profiles/cur/0
02-22 10:50:15.314   123   123 D vold    : Preparing: /data/system_de/0
02-22 10:50:15.315   123   123 D vold    : Preparing: /data/misc_de/0
02-22 10:50:15.315   123   123 D vold    : Preparing: /data/vendor_de/0
02-22 10:50:15.315   123   123 D vold    : Preparing: /data/user_de/0
02-22 10:50:15.315   123   123 I vold    : Verified that /data/system_de/0 has the encryption policy 05d26e782d9ac585 v1 modes 1/4 flags 0x0
02-22 10:50:15.315   123   123 I vold    : Verified that /data/misc_de/0 has the encryption policy 05d26e782d9ac585 v1 modes 1/4 flags 0x0
02-22 10:50:15.315   123   123 I vold    : Verified that /data/vendor_de/0 has the encryption policy 05d26e782d9ac585 v1 modes 1/4 flags 0x0
02-22 10:50:15.315   123   123 I vold    : Verified that /data/user_de/0 has the encryption policy 05d26e782d9ac585 v1 modes 1/4 flags 0x0
02-22 10:50:15.315   123   123 D vold    : /system/bin/vold_prepare_subdirs
02-22 10:50:15.315   123   123 D vold    :     prepare
02-22 10:50:15.316   123   123 D vold    :     
02-22 10:50:15.316   123   123 D vold    :     0
02-22 10:50:15.316   123   123 D vold    :     1
02-22 10:50:15.413     0     0 I apexd   : This device does not support updatable APEX. Exiting
02-22 10:50:15.413     0     0 I apexd   : Marking APEXd as ready
02-22 10:50:15.456   207   207 D local_opengl: Starting local_opengl
02-22 10:50:15.466   210   213 D batteryd: Try to unmount mount point if already mounted
02-22 10:50:19.563     0     0 I init    : Wait for property 'genymotion.local_opengl.started=1' took 4096ms
02-22 10:50:19.563     0     0 I init    : processing action (load_persist_props_action) from (/system/etc/init/flags_health_check.rc:1)
02-22 10:50:19.563     0     0 W init    : Top-level directory needs encryption action, eg mkdir /data/server_configurable_flags <mode> <uid> <gid> encryption=Require
02-22 10:50:19.564     0     0 I init    : Verified that /data/server_configurable_flags has the encryption policy 3eb1fff33341a73c v1 modes 1/4 flags 0x0
02-22 10:50:19.564     0     0 I init    : starting service 'exec 13 (/system/bin/flags_health_check BOOT_FAILURE)'...
02-22 10:50:19.566     0     0 I init    : SVC_EXEC service 'exec 13 (/system/bin/flags_health_check BOOT_FAILURE)' pid 370 (uid 1000 gid 1000+0 context default) started; waiting...
02-22 10:50:19.613     0     0 I init    : Service 'exec 13 (/system/bin/flags_health_check BOOT_FAILURE)' (pid 370) exited with status 0 waiting took 0.047000 seconds
02-22 10:50:19.613     0     0 I init    : Sending signal 9 to service 'exec 13 (/system/bin/flags_health_check BOOT_FAILURE)' (pid 370) process group...
02-22 10:50:19.613     0     0 I libprocessgroup: Successfully killed process cgroup uid 1000 pid 370 in 0ms
02-22 10:50:19.613     0     0 I init    : processing action (load_persist_props_action) from (/system/etc/init/logcatd.rc:29)
02-22 10:50:19.990     0     0 W healthd : BatteryHealthPath not found
02-22 10:50:19.990     0     0 W healthd : BatteryPresentPath not found
02-22 10:50:19.990     0     0 W healthd : BatteryVoltagePath not found
02-22 10:50:19.990     0     0 W healthd : BatteryTemperaturePath not found
02-22 10:50:19.990     0     0 W healthd : BatteryTechnologyPath not found
02-22 10:50:19.990     0     0 W healthd : BatteryCurrentNowPath not found
02-22 10:50:19.990     0     0 W healthd : BatteryFullChargePath not found
02-22 10:50:19.990     0     0 W healthd : BatteryCycleCountPath not found
02-22 10:50:19.990     0     0 W healthd : batteryCapacityLevelPath not found
02-22 10:50:19.990     0     0 W healthd : batteryChargeTimeToFullNowPath. not found
02-22 10:50:20.165   207   420 D local_opengl: Sending id 0 to host
02-22 10:50:20.180   207   423 D local_opengl: Sending id 1 to host
02-22 10:50:20.194     0     0 E selinux : SELinux:  Could not read /sys/devices/virtual/net/ipsec_test/queues: No such file or directory.
02-22 10:50:20.195     0     0 E selinux :  
02-22 10:50:20.198   410   410 I Sensors : Redis connect
02-22 10:50:20.229   207   441 D local_opengl: Sending id 2 to host
02-22 10:50:20.244   410   433 I Sensors : Redis read thread
02-22 10:50:20.259   410   433 I Sensors : Redis read wait
02-22 10:50:20.259   410   433 D Sensors : on_redis_event: subscribe success
02-22 10:50:20.269   411   411 I android.hardware.wifi@1.0-service: Wifi Hal is booting up...
02-22 10:50:20.272   411   411 I HidlServiceManagement: Registered android.hardware.wifi@1.5::IWifi/default
02-22 10:50:20.293   448   448 D network_profile_handler: init_all_network_profile_state: wlan: wlan0 phone:radio0
02-22 10:50:20.294   448   448 I network_profile: Redis connect
02-22 10:50:20.295   448   448 I network_profile: Redis PUB: network_profile status ready
02-22 10:50:20.298   448   448 I network_profile: Redis PUB: gsm signal-profile 4
02-22 10:50:20.305   448   453 I network_profile: Redis read thread
02-22 10:50:20.306   448   453 I network_profile: Redis read wait
02-22 10:50:20.306   448   453 W network_profile: message not properly formated
02-22 10:50:20.341   456   456 D vinput  : Starting Vinput Daemon
02-22 10:50:20.343   456   456 D vinput  : send_status_async
02-22 10:50:20.343   456   456 D vinput  : send_status_async
02-22 10:50:20.343   456   456 D vinput  : send_status_async
02-22 10:50:20.343   456   456 D vinput  : send_status_async
02-22 10:50:20.343   456   456 D vinput  : on_message: subscribe success
02-22 10:50:20.344   456   456 D vinput  : on_message: subscribe success
02-22 10:50:20.344   456   456 D vinput  : on_message: subscribe success
02-22 10:50:20.344   456   456 D vinput  : on_message: subscribe success
02-22 10:50:20.347   456   462 D vinput  : send_status: display 3
02-22 10:50:20.348   456   461 D vinput  : send_status: display 2
02-22 10:50:20.350   456   460 D vinput  : send_status: display 1
02-22 10:50:20.352   456   459 D vinput  : send_status: display 0
02-22 10:50:20.369     0     0 I input   : Genymotion Virtual Input as /devices/virtual/input/input3
02-22 10:50:20.359   449   464 D baseband-redis: Redis baseband read thread is starting ...
02-22 10:50:20.364   449   464 W baseband-redis: Redis message not properly formated
02-22 10:50:20.409   463   463 I gsid    : no DSU: No such file or directory
02-22 10:50:20.642   207   494 D local_opengl: Sending id 3 to host
02-22 10:50:20.648   207   497 D local_opengl: Sending id 4 to host
02-22 10:50:20.736   505   505 I installd: installd firing up
02-22 10:50:20.960   514   514 I wificond: wificond is starting up...
02-22 10:50:20.973   514   514 I HidlServiceManagement: Registered android.system.wifi.keystore@1.0::IKeystore/default
02-22 10:50:21.030   449   449 D baseband-redis: android_modem_init
02-22 10:50:21.030   449   449 D genybaseband: Loading property 'persist.gsm.imei'
02-22 10:50:21.031   449   449 D genybaseband: Loading property 'persist.gsm.sim.operator'
02-22 10:50:21.031   449   449 D genybaseband: Loading property 'persist.gsm.sim.operator_name'
02-22 10:50:21.033   449   449 D genybaseband: Loading property 'persist.gsm.sim.msin'
02-22 10:50:21.033   449   449 D genybaseband: Loading property 'persist.gsm.sim.phone'
02-22 10:50:21.033   449   449 D genybaseband: Loading property 'persist.gsm.operator'
02-22 10:50:21.033   449   449 D genybaseband: Loading property 'persist.gsm.operator_name'
02-22 10:50:21.034   448   453 I network_profile: Redis PUB: gsm signal-profile 4
02-22 10:50:21.035   449   464 D genybaseband: OK
02-22 10:50:21.035   449   464 D genybaseband: 
02-22 10:50:21.038   456   456 W vinput  : configure_vinput: input_state already configured for display 0, ignoring
02-22 10:50:21.139   448   540 I network_profile: Redis PUB: network_profile state wifi up_rate:disabled:10000000 down_rate:disabled:10000000 up_delay:disabled:0 down_delay:disabled:0 up_pkt_loss:disabled:0.00 down_pkt_loss:disabled:0.00 dns_delay:disabled:0
02-22 10:50:21.139   448   541 I network_profile: Redis PUB: network_profile state phone up_rate:disabled:10000000 down_rate:disabled:10000000 up_delay:disabled:0 down_delay:disabled:0 up_pkt_loss:disabled:0.00 down_pkt_loss:disabled:0.00 dns_delay:disabled:0 profile:none signal_strength:great
02-22 10:50:21.176     0     0 W         : NOHZ tick-stop error: Non-RCU local softirq work is pending, handler #240!!!
02-22 10:50:21.176     0     0 W         : NOHZ tick-stop error: Non-RCU local softirq work is pending, handler #240!!!
02-22 10:50:21.300   448   453 I network_profile: Redis PUB: network_profile supported-profiles mobile:none,gsm,gprs,edge,umts,hsdpa,lte,5g
02-22 10:50:21.513     0     0 I IPv6    : ADDRCONF(NETDEV_CHANGE): radio0: link becomes ready
02-22 10:50:21.513     0     0 I IPv6    : ADDRCONF(NETDEV_CHANGE): radio0-peer: link becomes ready
02-22 10:50:21.602     0     0 I br0     : port 1(eth1) entered blocking state
02-22 10:50:21.602     0     0 I br0     : port 1(eth1) entered disabled state
02-22 10:50:21.602     0     0 I         : device eth1 entered promiscuous mode
02-22 10:50:21.602     0     0 I br0     : port 1(eth1) entered blocking state
02-22 10:50:21.602     0     0 I br0     : port 1(eth1) entered forwarding state
02-22 10:50:21.613     0     0 I br0     : port 2(radio0-peer) entered blocking state
02-22 10:50:21.613     0     0 I br0     : port 2(radio0-peer) entered disabled state
02-22 10:50:21.613     0     0 I         : device radio0-peer entered promiscuous mode
02-22 10:50:21.613     0     0 I br0     : port 2(radio0-peer) entered blocking state
02-22 10:50:21.613     0     0 I br0     : port 2(radio0-peer) entered forwarding state
02-22 10:50:21.713     0     0 I capability: warning: `hostapd_nohidl' uses 32-bit capabilities (legacy support in use)
02-22 10:50:21.730     0     0 I br0     : port 3(wlan1) entered blocking state
02-22 10:50:21.730     0     0 I br0     : port 3(wlan1) entered disabled state
02-22 10:50:21.730     0     0 I         : device wlan1 entered promiscuous mode
02-22 10:50:21.730     0     0 I br0     : port 3(wlan1) entered blocking state
02-22 10:50:21.730     0     0 I br0     : port 3(wlan1) entered forwarding state
02-22 10:50:21.736     0     0 I IPv6    : ADDRCONF(NETDEV_CHANGE): wlan1: link becomes ready
02-22 10:50:21.893     0     0 W         : NOHZ tick-stop error: Non-RCU local softirq work is pending, handler #08!!!
02-22 10:50:21.917     0     0 W         : NOHZ tick-stop error: Non-RCU local softirq work is pending, handler #08!!!
02-22 10:50:21.917     0     0 W         : NOHZ tick-stop error: Non-RCU local softirq work is pending, handler #08!!!
02-22 10:50:22.225   375   375 D Zygote32Timing: PostZygoteInitGC took to complete: 15ms
02-22 10:50:22.225   375   375 D Zygote32Timing: ZygoteInit took to complete: 24ms
02-22 10:50:22.495   374   374 D Zygote64Timing: BeginPreload took to complete: 272ms
02-22 10:50:23.368   207   644 D local_opengl: Sending id 5 to host
02-22 10:50:23.412   207   647 D local_opengl: Sending id 6 to host
02-22 10:50:23.467   518   631 D BootAnimation: BootAnimationShownTiming start time: 12873ms
02-22 10:50:23.831   374   374 D Zygote64Timing: PreloadClasses took to complete: 1336ms
02-22 10:50:23.841   374   374 D Zygote64Timing: CacheNonBootClasspathClassLoaders took to complete: 10ms
02-22 10:50:23.874   374   374 D Zygote64Timing: PreloadResources took to complete: 33ms
02-22 10:50:23.885   374   374 D Zygote64Timing: ZygotePreload took to complete: 1662ms
02-22 10:50:23.943   374   374 D Zygote64Timing: PostZygoteInitGC took to complete: 57ms
02-22 10:50:23.943   374   374 D Zygote64Timing: ZygoteInit took to complete: 1737ms
02-22 10:50:24.346   649   649 I SystemServerTiming: InitBeforeStartServices
02-22 10:50:24.348   649   649 I SystemServer: Entered the Android system server!
02-22 10:50:24.536   649   649 I SystemServerInitThreadPool: Creating instance with 2 threads
02-22 10:50:24.885   649   649 D SystemServerTiming: InitBeforeStartServices took to complete: 539ms
02-22 10:50:24.885   649   649 I SystemServerTiming: StartServices
02-22 10:50:24.885   649   649 I SystemServerTiming: startBootstrapServices
02-22 10:50:24.885   649   649 I SystemServerTiming: StartWatchdog
02-22 10:50:24.893   649   649 D SystemServerTiming: StartWatchdog took to complete: 8ms
02-22 10:50:24.894   649   649 I SystemServer: Reading configuration...
02-22 10:50:24.894   649   649 I SystemServerTiming: ReadingSystemConfig
02-22 10:50:24.895   649   649 D SystemServerTiming: ReadingSystemConfig took to complete: 0ms
02-22 10:50:24.896   649   649 I SystemServerTiming: PlatformCompat
02-22 10:50:24.897   649   676 I SystemServerTimingAsync: InitThreadPoolExec:ReadingSystemConfig
02-22 10:50:24.897   649   676 D SystemServerInitThreadPool: Started executing ReadingSystemConfig
02-22 10:50:24.901   649   676 I SystemConfig: Reading permissions from /system/etc/sysconfig/preinstalled-packages-platform.xml
02-22 10:50:24.901   649   649 D CompatConfig: Found a config file: /system/etc/compatconfig/services-platform-compat-config.xml
02-22 10:50:24.905   649   676 I SystemConfig: Reading permissions from /system/etc/sysconfig/preinstalled-packages-platform-full-base.xml
02-22 10:50:24.906   649   649 D CompatConfig: Adding: com.android.server.compat.config.Change@8727f3
02-22 10:50:24.907   649   676 I SystemConfig: Reading permissions from /system/etc/sysconfig/framework-sysconfig.xml
02-22 10:50:24.909   649   649 D CompatConfig: Adding: com.android.server.compat.config.Change@aa3cb0
02-22 10:50:24.910   649   649 D CompatConfig: Adding: com.android.server.compat.config.Change@719a729
02-22 10:50:24.911   649   649 D CompatConfig: Adding: com.android.server.compat.config.Change@990daae
02-22 10:50:24.912   649   649 D CompatConfig: Adding: com.android.server.compat.config.Change@5e2504f
02-22 10:50:24.914   649   649 D CompatConfig: Adding: com.android.server.compat.config.Change@1ee73dc
02-22 10:50:24.915   649   649 D CompatConfig: Adding: com.android.server.compat.config.Change@1fc8ce5
02-22 10:50:24.915   649   649 D CompatConfig: Adding: com.android.server.compat.config.Change@993f3ba
02-22 10:50:24.916   649   676 I SystemConfig: Reading permissions from /system/etc/sysconfig/hiddenapi-package-whitelist.xml
02-22 10:50:24.917   649   649 D CompatConfig: Adding: com.android.server.compat.config.Change@1dcf1c8
02-22 10:50:24.918   649   649 D CompatConfig: Adding: com.android.server.compat.config.Change@56e1261
02-22 10:50:24.919   649   649 D CompatConfig: Adding: com.android.server.compat.config.Change@17d9186
02-22 10:50:24.919   649   676 I SystemConfig: Reading permissions from /system/etc/sysconfig/preinstalled-packages-com.android.providers.media.module.xml
02-22 10:50:24.919   649   649 D CompatConfig: Adding: com.android.server.compat.config.Change@cb36274
02-22 10:50:24.920   649   649 D CompatConfig: Adding: com.android.server.compat.config.Change@a18739d
02-22 10:50:24.920   649   649 D CompatConfig: Adding: com.android.server.compat.config.Change@8114012
02-22 10:50:24.920   649   649 D CompatConfig: Adding: com.android.server.compat.config.Change@c9f3e3
02-22 10:50:24.921   649   649 D CompatConfig: Adding: com.android.server.compat.config.Change@2de31e0
02-22 10:50:24.921   649   649 D CompatConfig: Adding: com.android.server.compat.config.Change@f0dac99
02-22 10:50:24.921   649   649 D CompatConfig: Adding: com.android.server.compat.config.Change@abf4b5e
02-22 10:50:24.923   649   676 I SystemConfig: Reading permissions from /system/etc/permissions/android.software.webview.xml
02-22 10:50:24.924   649   649 D CompatConfig: Adding: com.android.server.compat.config.Change@d248c0c
02-22 10:50:24.924   649   649 D CompatConfig: Adding: com.android.server.compat.config.Change@8837955
02-22 10:50:24.925   649   649 D CompatConfig: Adding: com.android.server.compat.config.Change@bb0bf6a
02-22 10:50:24.926   649   676 I SystemConfig: Reading permissions from /system/etc/permissions/com.android.networkstack.tethering.xml
02-22 10:50:24.926   649   649 D CompatConfig: Adding: com.android.server.compat.config.Change@7945cf8
02-22 10:50:24.927   649   649 D CompatConfig: Adding: com.android.server.compat.config.Change@e4f55d1
02-22 10:50:24.928   649   676 I SystemConfig: Reading permissions from /system/etc/permissions/org.apache.http.legacy.xml
02-22 10:50:24.929   649   649 D CompatConfig: Adding: com.android.server.compat.config.Change@c480337
02-22 10:50:24.929   649   649 D CompatConfig: Adding: com.android.server.compat.config.Change@f2e50a4
02-22 10:50:24.930   649   649 D CompatConfig: Adding: com.android.server.compat.config.Change@a25d1c2
02-22 10:50:24.931   649   676 I SystemConfig: Reading permissions from /system/etc/permissions/android.software.live_wallpaper.xml
02-22 10:50:24.932   649   649 D CompatConfig: Adding: com.android.server.compat.config.Change@60f9bd3
02-22 10:50:24.932   649   649 D CompatConfig: Adding: com.android.server.compat.config.Change@e51d310
02-22 10:50:24.933   649   676 I SystemConfig: Reading permissions from /system/etc/permissions/android.test.mock.xml
02-22 10:50:24.933   649   649 D CompatConfig: Adding: com.android.server.compat.config.Change@c83480e
02-22 10:50:24.934   649   649 D CompatConfig: Adding: com.android.server.compat.config.Change@cae222f
02-22 10:50:24.934   649   676 I SystemConfig: Reading permissions from /system/etc/permissions/com.android.media.remotedisplay.xml
02-22 10:50:24.935   649   649 D CompatConfig: Adding: com.android.server.compat.config.Change@79661c5
02-22 10:50:24.936   649   676 I SystemConfig: Reading permissions from /system/etc/permissions/android.test.runner.xml
02-22 10:50:24.936   649   649 D CompatConfig: Adding: com.android.server.compat.config.Change@4b24b
02-22 10:50:24.937   649   649 D CompatConfig: Adding: com.android.server.compat.config.Change@154f428
02-22 10:50:24.937   649   649 D CompatConfig: Adding: com.android.server.compat.config.Change@2805541
02-22 10:50:24.937   649   649 D CompatConfig: Adding: com.android.server.compat.config.Change@be44ae6
02-22 10:50:24.937   649   649 D CompatConfig: Adding: com.android.server.compat.config.Change@2ea2827
02-22 10:50:24.938   649   676 I SystemConfig: Reading permissions from /system/etc/permissions/android.hardware.telephony.gsm.xml
02-22 10:50:24.939   649   649 D CompatConfig: Adding: com.android.server.compat.config.Change@8bc047d
02-22 10:50:24.939   649   676 I SystemConfig: Reading permissions from /system/etc/permissions/com.android.networkstack.xml
02-22 10:50:24.940   649   649 D CompatConfig: Adding: com.android.server.compat.config.Change@4c71fc3
02-22 10:50:24.942   649   649 D CompatConfig: Adding: com.android.server.compat.config.Change@2096b79
02-22 10:50:24.942   649   649 D CompatConfig: Adding: com.android.server.compat.config.Change@557d0be
02-22 10:50:24.943   649   649 D CompatConfig: Adding: com.android.server.compat.config.Change@8f1f51f
02-22 10:50:24.943   649   649 D CompatConfig: Adding: com.android.server.compat.config.Change@caf006c
02-22 10:50:24.943   649   649 D CompatConfig: Adding: com.android.server.compat.config.Change@82c4635
02-22 10:50:24.943   649   649 D CompatConfig: Adding: com.android.server.compat.config.Change@a3c3aca
02-22 10:50:24.944   649   649 D CompatConfig: Adding: com.android.server.compat.config.Change@7cac43b
02-22 10:50:24.944   649   649 D CompatConfig: Adding: com.android.server.compat.config.Change@9c1b758
02-22 10:50:24.944   649   649 D CompatConfig: Adding: com.android.server.compat.config.Change@36810b1
02-22 10:50:24.944   649   649 D CompatConfig: Adding: com.android.server.compat.config.Change@24b3996
02-22 10:50:24.945   649   649 D CompatConfig: Adding: com.android.server.compat.config.Change@5976917
02-22 10:50:24.945   649   649 D CompatConfig: Adding: com.android.server.compat.config.Change@246f104
02-22 10:50:24.945   649   676 I SystemConfig: Reading permissions from /system/etc/permissions/com.android.mediadrm.signer.xml
02-22 10:50:24.945   649   649 D CompatConfig: Adding: com.android.server.compat.config.Change@2bc06ed
02-22 10:50:24.946   649   649 D CompatConfig: Adding: com.android.server.compat.config.Change@c795922
02-22 10:50:24.946   649   676 I SystemConfig: Reading permissions from /system/etc/permissions/com.android.documentsui.xml
02-22 10:50:24.947   649   649 D CompatConfig: Found a config file: /system/etc/compatconfig/icu4j-platform-compat-config.xml
02-22 10:50:24.947   649   676 I SystemConfig: Reading permissions from /system/etc/permissions/handheld_core_hardware.xml
02-22 10:50:24.948   649   649 D CompatConfig: Adding: com.android.server.compat.config.Change@77e56e
02-22 10:50:24.948   649   649 D CompatConfig: Found a config file: /system/etc/compatconfig/documents-ui-compat-config.xml
02-22 10:50:24.949   649   676 I SystemConfig: Reading permissions from /system/etc/permissions/javax.obex.xml
02-22 10:50:24.950   649   649 D CompatConfig: Adding: com.android.server.compat.config.Change@efc26a5
02-22 10:50:24.950   649   649 D CompatConfig: Found a config file: /system/etc/compatconfig/framework-platform-compat-config.xml
02-22 10:50:24.951   649   676 I SystemConfig: Reading permissions from /system/etc/permissions/privapp-permissions-platform.xml
02-22 10:50:24.952   649   649 D CompatConfig: Adding: com.android.server.compat.config.Change@a3da688
02-22 10:50:24.954   649   676 I SystemConfig: Reading permissions from /system/etc/permissions/com.android.location.provider.xml
02-22 10:50:24.955   649   649 D CompatConfig: Adding: com.android.server.compat.config.Change@f633446
02-22 10:50:24.956   649   676 I SystemConfig: Reading permissions from /system/etc/permissions/android.test.base.xml
02-22 10:50:24.956   649   649 D CompatConfig: Adding: com.android.server.compat.config.Change@14aa334
02-22 10:50:24.957   649   649 D CompatConfig: Adding: com.android.server.compat.config.Change@8b9855d
02-22 10:50:24.957   649   649 D CompatConfig: Adding: com.android.server.compat.config.Change@8e4ed2
02-22 10:50:24.957   649   649 D CompatConfig: Adding: com.android.server.compat.config.Change@107bba3
02-22 10:50:24.957   649   649 D CompatConfig: Adding: com.android.server.compat.config.Change@e88bea0
02-22 10:50:24.957   649   649 D CompatConfig: Adding: com.android.server.compat.config.Change@a0e1a59
02-22 10:50:24.958   649   649 D CompatConfig: Adding: com.android.server.compat.config.Change@dde861e
02-22 10:50:24.958   649   649 D CompatConfig: Adding: com.android.server.compat.config.Change@dd06eff
02-22 10:50:24.958   649   649 D CompatConfig: Adding: com.android.server.compat.config.Change@bcb24cc
02-22 10:50:24.958   649   649 D CompatConfig: Adding: com.android.server.compat.config.Change@c7d0315
02-22 10:50:24.958   649   649 D CompatConfig: Adding: com.android.server.compat.config.Change@f68e62a
02-22 10:50:24.959   649   649 D CompatConfig: Adding: com.android.server.compat.config.Change@446fc1b
02-22 10:50:24.959   649   649 D CompatConfig: Adding: com.android.server.compat.config.Change@aebc1b8
02-22 10:50:24.959   649   649 D CompatConfig: Adding: com.android.server.compat.config.Change@7b7bb91
02-22 10:50:24.959   649   649 D CompatConfig: Adding: com.android.server.compat.config.Change@7873af6
02-22 10:50:24.959   649   649 D CompatConfig: Adding: com.android.server.compat.config.Change@8cf3ef7
02-22 10:50:24.959   649   649 D CompatConfig: Adding: com.android.server.compat.config.Change@f774164
02-22 10:50:24.959   649   649 D CompatConfig: Adding: com.android.server.compat.config.Change@30b7fcd
02-22 10:50:24.960   649   649 D CompatConfig: Adding: com.android.server.compat.config.Change@2641082
02-22 10:50:24.960   649   649 D CompatConfig: Adding: com.android.server.compat.config.Change@82ed393
02-22 10:50:24.960   649   649 D CompatConfig: Adding: com.android.server.compat.config.Change@7190fd0
02-22 10:50:24.960   649   649 D CompatConfig: Adding: com.android.server.compat.config.Change@35d4bc9
02-22 10:50:24.960   649   649 D CompatConfig: Adding: com.android.server.compat.config.Change@246b2ce
02-22 10:50:24.960   649   649 D CompatConfig: Adding: com.android.server.compat.config.Change@be915ef
02-22 10:50:24.960   649   649 D CompatConfig: Adding: com.android.server.compat.config.Change@cc758fc
02-22 10:50:24.961   649   649 D CompatConfig: Adding: com.android.server.compat.config.Change@ce5db85
02-22 10:50:24.961   649   649 D CompatConfig: Adding: com.android.server.compat.config.Change@49f2dda
02-22 10:50:24.961   649   649 D CompatConfig: Adding: com.android.server.compat.config.Change@85b220b
02-22 10:50:24.961   649   649 D CompatConfig: Adding: com.android.server.compat.config.Change@2af08e8
02-22 10:50:24.961   649   649 D CompatConfig: Adding: com.android.server.compat.config.Change@4adab01
02-22 10:50:24.961   649   649 D CompatConfig: Adding: com.android.server.compat.config.Change@bd24da6
02-22 10:50:24.961   649   649 D CompatConfig: Adding: com.android.server.compat.config.Change@97d3e7
02-22 10:50:24.961   649   649 D CompatConfig: Adding: com.android.server.compat.config.Change@edfcb94
02-22 10:50:24.962   649   649 D CompatConfig: Adding: com.android.server.compat.config.Change@dc8f63d
02-22 10:50:24.962   649   649 D CompatConfig: Adding: com.android.server.compat.config.Change@9c59e32
02-22 10:50:24.962   649   649 D CompatConfig: Adding: com.android.server.compat.config.Change@c03c783
02-22 10:50:24.962   649   649 D CompatConfig: Adding: com.android.server.compat.config.Change@6b80d00
02-22 10:50:24.962   649   649 D CompatConfig: Adding: com.android.server.compat.config.Change@e53b939
02-22 10:50:24.963   649   649 D CompatConfig: Adding: com.android.server.compat.config.Change@72b6b7e
02-22 10:50:24.964   649   676 I SystemConfig: Reading permissions from /system/etc/permissions/com.android.future.usb.accessory.xml
02-22 10:50:24.964   649   649 D CompatConfig: Adding: com.android.server.compat.config.Change@510f92c
02-22 10:50:24.965   649   649 D CompatConfig: Adding: com.android.server.compat.config.Change@82daff5
02-22 10:50:24.965   649   676 I SystemConfig: Reading permissions from /system/etc/permissions/platform.xml
02-22 10:50:24.966   649   649 D CompatConfig: Adding: com.android.server.compat.config.Change@d7ca3fb
02-22 10:50:24.967   649   649 D CompatConfig: Adding: com.android.server.compat.config.Change@72a7c18
02-22 10:50:24.968   649   649 D CompatConfig: Adding: com.android.server.compat.config.Change@1765671
02-22 10:50:24.969   649   676 I SystemConfig: Reading permissions from /vendor/etc/permissions/android.hardware.location.gps.xml
02-22 10:50:24.969   649   649 D CompatConfig: Adding: com.android.server.compat.config.Change@2e784d7
02-22 10:50:24.970   649   676 I SystemConfig: Reading permissions from /vendor/etc/permissions/android.hardware.camera.autofocus.xml
02-22 10:50:24.970   649   649 D CompatConfig: Adding: com.android.server.compat.config.Change@8c8e8ad
02-22 10:50:24.971   649   676 I SystemConfig: Reading permissions from /vendor/etc/permissions/android.hardware.sensor.barometer.xml
02-22 10:50:24.972   649   649 D CompatConfig: Adding: com.android.server.compat.config.Change@1b59773
02-22 10:50:24.973   649   649 D CompatConfig: Adding: com.android.server.compat.config.Change@468b630
02-22 10:50:24.973   649   676 I SystemConfig: Reading permissions from /vendor/etc/permissions/android.hardware.sensor.light.xml
02-22 10:50:24.974   649   649 D CompatConfig: Adding: com.android.server.compat.config.Change@ac7b02e
02-22 10:50:24.974   649   676 I SystemConfig: Reading permissions from /vendor/etc/permissions/android.hardware.sensor.ambient_temperature.xml
02-22 10:50:24.974   649   649 D CompatConfig: Adding: com.android.server.compat.config.Change@8db055c
02-22 10:50:24.975   649   649 D CompatConfig: Adding: com.android.server.compat.config.Change@322a13a
02-22 10:50:24.975   649   676 I SystemConfig: Reading permissions from /vendor/etc/permissions/android.hardware.camera.front.xml
02-22 10:50:24.976   649   649 D CompatConfig: Adding: com.android.server.compat.config.Change@fba81eb
02-22 10:50:24.976   649   649 D CompatConfig: Adding: com.android.server.compat.config.Change@638bde1
02-22 10:50:24.977   649   676 I SystemConfig: Reading permissions from /vendor/etc/permissions/android.hardware.sensor.relative_humidity.xml
02-22 10:50:24.978   649   649 D CompatConfig: Adding: com.android.server.compat.config.Change@dbd51c7
02-22 10:50:24.978   649   649 D CompatConfig: Adding: com.android.server.compat.config.Change@f70a3f4
02-22 10:50:24.979   649   676 I SystemConfig: Reading permissions from /vendor/etc/permissions/android.hardware.vulkan.level.xml
02-22 10:50:24.979   649   649 D CompatConfig: Adding: com.android.server.compat.config.Change@7a2571d
02-22 10:50:24.980   649   649 D CompatConfig: Found a config file: /system/etc/compatconfig/calendar-provider-compat-config.xml
02-22 10:50:24.982   649   649 D CompatConfig: Adding: com.android.server.compat.config.Change@dee0b60
02-22 10:50:24.982   649   676 I SystemConfig: Reading permissions from /vendor/etc/permissions/android.hardware.hardware_keystore.km41.xml
02-22 10:50:24.983   649   649 D CompatConfig: Found a config file: /system/system_ext/etc/compatconfig/settings-platform-compat-config.xml
02-22 10:50:24.984   649   676 I SystemConfig: Reading permissions from /vendor/etc/permissions/android.hardware.touchscreen.multitouch.jazzhand.xml
02-22 10:50:24.984   649   649 D CompatConfig: Adding: com.android.server.compat.config.Change@e8cb2bf
02-22 10:50:24.986   649   676 I SystemConfig: Reading permissions from /vendor/etc/permissions/android.hardware.bluetooth.xml
02-22 10:50:24.987   649   649 D CompatConfig: No directory /apex/com.android.wifi/etc/compatconfig, skipping
02-22 10:50:24.987   649   649 D CompatConfig: No directory /apex/com.android.tzdata/etc/compatconfig, skipping
02-22 10:50:24.987   649   649 D CompatConfig: No directory /apex/com.android.tethering/etc/compatconfig, skipping
02-22 10:50:24.987   649   649 D CompatConfig: No directory /apex/com.android.sdkext/etc/compatconfig, skipping
02-22 10:50:24.988   649   649 D CompatConfig: No directory /apex/com.android.scheduling/etc/compatconfig, skipping
02-22 10:50:24.988   649   649 D CompatConfig: No directory /apex/com.android.runtime/etc/compatconfig, skipping
02-22 10:50:24.988   649   649 D CompatConfig: No directory /apex/com.android.resolv/etc/compatconfig, skipping
02-22 10:50:24.988   649   649 D CompatConfig: No directory /apex/com.android.permission/etc/compatconfig, skipping
02-22 10:50:24.988   649   676 I SystemConfig: Reading permissions from /vendor/etc/permissions/android.hardware.bluetooth_le.xml
02-22 10:50:24.988   649   649 D CompatConfig: No directory /apex/com.android.os.statsd/etc/compatconfig, skipping
02-22 10:50:24.988   649   649 D CompatConfig: No directory /apex/com.android.neuralnetworks/etc/compatconfig, skipping
02-22 10:50:24.989   649   649 D CompatConfig: Found a config file: /apex/com.android.mediaprovider/etc/compatconfig/media-provider-platform-compat-config.xml
02-22 10:50:24.991   649   676 I SystemConfig: Reading permissions from /vendor/etc/permissions/android.hardware.vulkan.version.xml
02-22 10:50:24.991   649   649 D CompatConfig: Adding: com.android.server.compat.config.Change@695e678
02-22 10:50:24.992   649   676 I SystemConfig: Reading permissions from /vendor/etc/permissions/android.hardware.identity_credential.xml
02-22 10:50:24.993   649   676 I SystemConfig: Reading permissions from /vendor/etc/permissions/handheld_core_hardware.xml
02-22 10:50:24.993   649   676 D SystemConfig: Removed unavailable feature android.hardware.sensor.compass
02-22 10:50:24.993   649   649 D CompatConfig: Adding: com.android.server.compat.config.Change@cd83ab7
02-22 10:50:24.994   649   676 I SystemConfig: Reading permissions from /vendor/etc/permissions/android.hardware.usb.accessory.xml
02-22 10:50:24.995   649   676 I SystemConfig: Reading permissions from /vendor/etc/permissions/android.hardware.usb.host.xml
02-22 10:50:24.996   649   649 D CompatConfig: Adding: com.android.server.compat.config.Change@25f0f42
02-22 10:50:24.996   649   649 D CompatConfig: Adding: com.android.server.compat.config.Change@82bcb53
02-22 10:50:24.996   649   649 D CompatConfig: Adding: com.android.server.compat.config.Change@7cb0c90
02-22 10:50:24.997   649   649 D CompatConfig: Adding: com.android.server.compat.config.Change@6a86989
02-22 10:50:24.997   649   649 D CompatConfig: Adding: com.android.server.compat.config.Change@ed2dd8e
02-22 10:50:24.997   649   649 D CompatConfig: No directory /apex/com.android.media.swcodec/etc/compatconfig, skipping
02-22 10:50:24.997   649   649 D CompatConfig: No directory /apex/com.android.media/etc/compatconfig, skipping
02-22 10:50:24.997   649   649 D CompatConfig: No directory /apex/com.android.ipsec/etc/compatconfig, skipping
02-22 10:50:24.997   649   649 D CompatConfig: No directory /apex/com.android.i18n/etc/compatconfig, skipping
02-22 10:50:24.997   649   649 D CompatConfig: No directory /apex/com.android.extservices/etc/compatconfig, skipping
02-22 10:50:24.998   649   649 D CompatConfig: No directory /apex/com.android.conscrypt/etc/compatconfig, skipping
02-22 10:50:24.998   649   649 D CompatConfig: No directory /apex/com.android.cellbroadcast/etc/compatconfig, skipping
02-22 10:50:24.998   649   649 D CompatConfig: Found a config file: /apex/com.android.art/etc/compatconfig/libcore-platform-compat-config.xml
02-22 10:50:24.999   649   649 D CompatConfig: Adding: com.android.server.compat.config.Change@17c61bc
02-22 10:50:24.999   649   649 D CompatConfig: Adding: com.android.server.compat.config.Change@b251545
02-22 10:50:25.000   649   649 D CompatConfig: Adding: com.android.server.compat.config.Change@3a3449a
02-22 10:50:25.000   649   649 D CompatConfig: Adding: com.android.server.compat.config.Change@48751cb
02-22 10:50:25.000   649   649 D CompatConfig: Adding: com.android.server.compat.config.Change@68bdda8
02-22 10:50:25.001   649   649 D CompatConfig: No directory /apex/com.android.appsearch/etc/compatconfig, skipping
02-22 10:50:25.001   649   649 D CompatConfig: No directory /apex/com.android.adbd/etc/compatconfig, skipping
02-22 10:50:25.002   649   649 D SystemServerTiming: PlatformCompat took to complete: 106ms
02-22 10:50:25.002   649   649 I SystemServerTiming: StartFileIntegrityService
02-22 10:50:25.002   649   649 I SystemServiceManager: Starting com.android.server.security.FileIntegrityService
02-22 10:50:25.003   649   676 I SystemConfig: Reading permissions from /vendor/etc/permissions/android.hardware.vulkan.compute.xml
02-22 10:50:25.005   649   676 I SystemConfig: Reading permissions from /vendor/etc/permissions/android.software.sip.voip.xml
02-22 10:50:25.007   649   676 I SystemConfig: Reading permissions from /vendor/etc/permissions/android.hardware.sensor.proximity.xml
02-22 10:50:25.008   649   676 I SystemConfig: Reading permissions from /vendor/etc/permissions/android.hardware.wifi.xml
02-22 10:50:25.009   649   649 D SystemServerTiming: StartFileIntegrityService took to complete: 7ms
02-22 10:50:25.009   649   649 I SystemServerTiming: StartInstaller
02-22 10:50:25.009   649   649 I SystemServiceManager: Starting com.android.server.pm.Installer
02-22 10:50:25.012   649   649 D SystemServerTiming: StartInstaller took to complete: 3ms
02-22 10:50:25.012   649   649 I SystemServerTiming: DeviceIdentifiersPolicyService
02-22 10:50:25.012   649   649 I SystemServiceManager: Starting com.android.server.os.DeviceIdentifiersPolicyService
02-22 10:50:25.012   649   649 D SystemServerTiming: DeviceIdentifiersPolicyService took to complete: 0ms
02-22 10:50:25.013   649   649 I SystemServerTiming: UriGrantsManagerService
02-22 10:50:25.013   649   649 I SystemServiceManager: Starting com.android.server.uri.UriGrantsManagerService$Lifecycle
02-22 10:50:25.014   649   649 D SystemServerTiming: UriGrantsManagerService took to complete: 1ms
02-22 10:50:25.014   649   649 I SystemServerTiming: StartPowerStatsService
02-22 10:50:25.014   649   649 I SystemServiceManager: Starting com.android.server.powerstats.PowerStatsService
02-22 10:50:25.015   649   676 I SystemConfig: Reading permissions from /vendor/etc/permissions/android.hardware.camera.xml
02-22 10:50:25.018   649   676 I SystemConfig: Reading permissions from /product/etc/sysconfig/preinstalled-packages-platform-overlays.xml
02-22 10:50:25.019   649   649 D SystemServerTiming: StartPowerStatsService took to complete: 5ms
02-22 10:50:25.020   649   649 I SystemServerTiming: StartIStatsService
02-22 10:50:25.022   649   649 D SystemServerTiming: StartIStatsService took to complete: 2ms
02-22 10:50:25.022   649   649 I SystemServerTiming: MemtrackProxyService
02-22 10:50:25.024   649   676 I SystemConfig: Reading permissions from /product/etc/sysconfig/preinstalled-packages-platform-handheld-product.xml
02-22 10:50:25.025   649   649 D SystemServerTiming: MemtrackProxyService took to complete: 3ms
02-22 10:50:25.025   649   649 I SystemServerTiming: StartActivityManager
02-22 10:50:25.025   649   649 I SystemServiceManager: Starting com.android.server.wm.ActivityTaskManagerService$Lifecycle
02-22 10:50:25.027   649   676 I SystemConfig: Reading permissions from /product/etc/permissions/com.android.dialer.xml
02-22 10:50:25.028   649   676 I SystemConfig: Reading permissions from /product/etc/permissions/com.android.imsserviceentitlement.xml
02-22 10:50:25.029   649   676 I SystemConfig: Reading permissions from /product/etc/permissions/com.android.contacts.xml
02-22 10:50:25.030   649   676 I SystemConfig: Reading permissions from /product/etc/permissions/com.android.settings.intelligence.xml
02-22 10:50:25.031   649   676 W SystemConfig: No directory /system_ext/etc/sysconfig, skipping
02-22 10:50:25.032   649   676 I SystemConfig: Reading permissions from /system_ext/etc/permissions/com.android.emergency.xml
02-22 10:50:25.033   649   649 I SystemServiceManager: Starting com.android.server.am.ActivityManagerService$Lifecycle
02-22 10:50:25.035   649   676 I SystemConfig: Reading permissions from /system_ext/etc/permissions/com.android.storagemanager.xml
02-22 10:50:25.035   649   676 I SystemConfig: Reading permissions from /system_ext/etc/permissions/com.android.settings.xml
02-22 10:50:25.036   649   676 I SystemConfig: Reading permissions from /system_ext/etc/permissions/com.android.launcher3.xml
02-22 10:50:25.037   649   676 I SystemConfig: Reading permissions from /system_ext/etc/permissions/com.android.carrierconfig.xml
02-22 10:50:25.037   649   676 I SystemConfig: Reading permissions from /system_ext/etc/permissions/com.android.systemui.xml
02-22 10:50:25.039   649   676 I SystemConfig: Reading permissions from /system_ext/etc/permissions/com.android.provision.xml
02-22 10:50:25.041   649   676 I SystemConfig: Reading permissions from /apex/com.android.ipsec/etc/permissions/android.net.ipsec.ike.xml
02-22 10:50:25.048   649   676 W SystemConfig: Failed to read public libraries file /vendor/etc/public.libraries.txt
02-22 10:50:25.048   649   676 W SystemConfig: java.io.FileNotFoundException: /vendor/etc/public.libraries.txt: open failed: ENOENT (No such file or directory)
02-22 10:50:25.048   649   676 W SystemConfig: 	at libcore.io.IoBridge.open(IoBridge.java:575)
02-22 10:50:25.048   649   676 W SystemConfig: 	at java.io.FileInputStream.<init>(FileInputStream.java:160)
02-22 10:50:25.048   649   676 W SystemConfig: 	at java.io.FileReader.<init>(FileReader.java:72)
02-22 10:50:25.048   649   676 W SystemConfig: 	at com.android.server.SystemConfig.readPublicLibrariesListFile(SystemConfig.java:1601)
02-22 10:50:25.048   649   676 W SystemConfig: 	at com.android.server.SystemConfig.readPublicNativeLibrariesList(SystemConfig.java:1583)
02-22 10:50:25.048   649   676 W SystemConfig: 	at com.android.server.SystemConfig.<init>(SystemConfig.java:484)
02-22 10:50:25.048   649   676 W SystemConfig: 	at com.android.server.SystemConfig.getInstance(SystemConfig.java:272)
02-22 10:50:25.048   649   676 W SystemConfig: 	at com.android.server.SystemServer$$ExternalSyntheticLambda5.run(Unknown Source:0)
02-22 10:50:25.048   649   676 W SystemConfig: 	at com.android.server.SystemServerInitThreadPool.lambda$submitTask$0$SystemServerInitThreadPool(SystemServerInitThreadPool.java:105)
02-22 10:50:25.048   649   676 W SystemConfig: 	at com.android.server.SystemServerInitThreadPool$$ExternalSyntheticLambda0.run(Unknown Source:6)
02-22 10:50:25.048   649   676 W SystemConfig: 	at java.util.concurrent.Executors$RunnableAdapter.call(Executors.java:462)
02-22 10:50:25.048   649   676 W SystemConfig: 	at java.util.concurrent.FutureTask.run(FutureTask.java:266)
02-22 10:50:25.048   649   676 W SystemConfig: 	at java.util.concurrent.ThreadPoolExecutor.runWorker(ThreadPoolExecutor.java:1167)
02-22 10:50:25.048   649   676 W SystemConfig: 	at java.util.concurrent.ThreadPoolExecutor$Worker.run(ThreadPoolExecutor.java:641)
02-22 10:50:25.048   649   676 W SystemConfig: 	at com.android.internal.util.ConcurrentUtils$1$1.run(ConcurrentUtils.java:65)
02-22 10:50:25.048   649   676 W SystemConfig: Caused by: android.system.ErrnoException: open failed: ENOENT (No such file or directory)
02-22 10:50:25.048   649   676 W SystemConfig: 	at libcore.io.Linux.open(Native Method)
02-22 10:50:25.048   649   676 W SystemConfig: 	at libcore.io.ForwardingOs.open(ForwardingOs.java:567)
02-22 10:50:25.048   649   676 W SystemConfig: 	at libcore.io.BlockGuardOs.open(BlockGuardOs.java:273)
02-22 10:50:25.048   649   676 W SystemConfig: 	at libcore.io.IoBridge.open(IoBridge.java:561)
02-22 10:50:25.048   649   676 W SystemConfig: 	... 14 more
02-22 10:50:25.048   649   676 D SystemConfig: readAllPermissions took to complete: 151ms
02-22 10:50:25.048   649   676 D SystemServerInitThreadPool: Finished executing ReadingSystemConfig
02-22 10:50:25.048   649   676 D SystemServerTimingAsync: InitThreadPoolExec:ReadingSystemConfig took to complete: 151ms
02-22 10:50:25.048   649   649 I ActivityManager: Memory class: 96
02-22 10:50:25.052   649   680 I Binder  : Setting heavy hitter watcher config: false, 0, 0.0
02-22 10:50:25.068   649   649 D BatteryStatsImpl: Reading daily items from /data/system/batterystats-daily.xml
02-22 10:50:25.081   649   687 I KernelCpuUidFreqTimeReader: mPerClusterTimesAvailable=false
02-22 10:50:25.084   649   687 E KernelCpuSpeedReader: Failed to read cpu-freq: /sys/devices/system/cpu/cpu0/cpufreq/stats/time_in_state: open failed: ENOENT (No such file or directory)
02-22 10:50:25.090   649   687 W KernelMemoryBandwidthStats: No kernel memory bandwidth stats available
02-22 10:50:25.164   649   649 I IntentFirewall: Read new rules (A:0 B:0 S:0)
02-22 10:50:25.173   649   649 D AppOps  : AppOpsService published
02-22 10:50:25.175   649   649 D SystemServerTiming: StartActivityManager took to complete: 150ms
02-22 10:50:25.175   649   649 I SystemServerTiming: StartDataLoaderManagerService
02-22 10:50:25.175   649   649 I SystemServiceManager: Starting com.android.server.pm.DataLoaderManagerService
02-22 10:50:25.176   649   649 D SystemServerTiming: StartDataLoaderManagerService took to complete: 1ms
02-22 10:50:25.176   649   649 I SystemServerTiming: StartIncrementalService
02-22 10:50:25.176   649   649 D SystemServerTiming: StartIncrementalService took to complete: 0ms
02-22 10:50:25.176   649   649 I SystemServerTiming: StartPowerManager
02-22 10:50:25.176   649   649 I SystemServiceManager: Starting com.android.server.power.PowerManagerService
02-22 10:50:25.185   649   649 D SystemServerTiming: StartPowerManager took to complete: 9ms
02-22 10:50:25.185   649   649 I SystemServerTiming: StartThermalManager
02-22 10:50:25.186   649   649 I SystemServiceManager: Starting com.android.server.power.ThermalManagerService
02-22 10:50:25.187   649   649 D SystemServerTiming: StartThermalManager took to complete: 1ms
02-22 10:50:25.187   649   649 I SystemServerTiming: StartHintManager
02-22 10:50:25.187   649   649 I SystemServiceManager: Starting com.android.server.power.hint.HintManagerService
02-22 10:50:25.188   649   649 D SystemServerTiming: StartHintManager took to complete: 1ms
02-22 10:50:25.188   649   649 I SystemServerTiming: InitPowerManagement
02-22 10:50:25.190   649   649 D SystemServerTiming: InitPowerManagement took to complete: 1ms
02-22 10:50:25.190   649   649 I SystemServerTiming: StartRecoverySystemService
02-22 10:50:25.190   649   649 I SystemServiceManager: Starting com.android.server.recoverysystem.RecoverySystemService$Lifecycle
02-22 10:50:25.191   649   649 D SystemServerTiming: StartRecoverySystemService took to complete: 1ms
02-22 10:50:25.192   649   649 I PackageWatchdog: Syncing state, reason: added new observer
