02-22 10:50:25.192   649   649 I PackageWatchdog: Not pruning observers, elapsed time: 0ms
02-22 10:50:25.192   649   649 I PackageWatchdog: Cancelling state sync, nothing to sync
02-22 10:50:25.192   649   679 I PackageWatchdog: Saving observer state to file
02-22 10:50:25.193   649   649 I SystemServerTiming: StartLightsService
02-22 10:50:25.193   649   649 I SystemServiceManager: Starting com.android.server.lights.LightsService
02-22 10:50:25.196   649   649 D SystemServerTiming: StartLightsService took to complete: 3ms
02-22 10:50:25.196   649   649 I SystemServerTiming: StartSidekickService
02-22 10:50:25.196   649   649 D SystemServerTiming: StartSidekickService took to complete: 0ms
02-22 10:50:25.196   649   649 I SystemServerTiming: StartDisplayManager
02-22 10:50:25.196   649   649 I SystemServiceManager: Starting com.android.server.display.DisplayManagerService
02-22 10:50:25.208   649   649 D SystemServerTiming: StartDisplayManager took to complete: 12ms
02-22 10:50:25.208   649   649 I SystemServerTiming: WaitForDisplay
02-22 10:50:25.208   649   649 I SystemServiceManager: Starting phase 100
02-22 10:50:25.209   649   649 I SystemServerTiming: OnBootPhase_100
02-22 10:50:25.209   649   649 I SystemServerTiming: OnBootPhase_100_com.android.server.security.FileIntegrityService
02-22 10:50:25.209   649   649 D SystemServerTiming: OnBootPhase_100_com.android.server.security.FileIntegrityService took to complete: 0ms
02-22 10:50:25.209   649   649 I SystemServerTiming: OnBootPhase_100_com.android.server.pm.Installer
02-22 10:50:25.209   649   649 D SystemServerTiming: OnBootPhase_100_com.android.server.pm.Installer took to complete: 0ms
02-22 10:50:25.209   649   649 I SystemServerTiming: OnBootPhase_100_com.android.server.os.DeviceIdentifiersPolicyService
02-22 10:50:25.209   649   649 D SystemServerTiming: OnBootPhase_100_com.android.server.os.DeviceIdentifiersPolicyService took to complete: 0ms
02-22 10:50:25.210   649   649 I SystemServerTiming: OnBootPhase_100_com.android.server.uri.UriGrantsManagerService$Lifecycle
02-22 10:50:25.210   649   649 D SystemServerTiming: OnBootPhase_100_com.android.server.uri.UriGrantsManagerService$Lifecycle took to complete: 0ms
02-22 10:50:25.210   649   649 I SystemServerTiming: OnBootPhase_100_com.android.server.powerstats.PowerStatsService
02-22 10:50:25.210   649   649 D SystemServerTiming: OnBootPhase_100_com.android.server.powerstats.PowerStatsService took to complete: 0ms
02-22 10:50:25.210   649   649 I SystemServerTiming: OnBootPhase_100_com.android.server.wm.ActivityTaskManagerService$Lifecycle
02-22 10:50:25.210   649   649 D SystemServerTiming: OnBootPhase_100_com.android.server.wm.ActivityTaskManagerService$Lifecycle took to complete: 0ms
02-22 10:50:25.211   649   649 I SystemServerTiming: OnBootPhase_100_com.android.server.am.ActivityManagerService$Lifecycle
02-22 10:50:25.211   649   649 D SystemServerTiming: OnBootPhase_100_com.android.server.am.ActivityManagerService$Lifecycle took to complete: 0ms
02-22 10:50:25.211   649   649 I SystemServerTiming: OnBootPhase_100_com.android.server.pm.DataLoaderManagerService
02-22 10:50:25.211   649   649 D SystemServerTiming: OnBootPhase_100_com.android.server.pm.DataLoaderManagerService took to complete: 0ms
02-22 10:50:25.211   649   649 I SystemServerTiming: OnBootPhase_100_com.android.server.power.PowerManagerService
02-22 10:50:25.211   649   649 D SystemServerTiming: OnBootPhase_100_com.android.server.power.PowerManagerService took to complete: 0ms
02-22 10:50:25.211   649   649 I SystemServerTiming: OnBootPhase_100_com.android.server.power.ThermalManagerService
02-22 10:50:25.211   649   649 D SystemServerTiming: OnBootPhase_100_com.android.server.power.ThermalManagerService took to complete: 0ms
02-22 10:50:25.211   649   649 I SystemServerTiming: OnBootPhase_100_com.android.server.power.hint.HintManagerService
02-22 10:50:25.211   649   649 D SystemServerTiming: OnBootPhase_100_com.android.server.power.hint.HintManagerService took to complete: 0ms
02-22 10:50:25.211   649   649 I SystemServerTiming: OnBootPhase_100_com.android.server.recoverysystem.RecoverySystemService$Lifecycle
02-22 10:50:25.211   649   649 D SystemServerTiming: OnBootPhase_100_com.android.server.recoverysystem.RecoverySystemService$Lifecycle took to complete: 0ms
02-22 10:50:25.211   649   649 I SystemServerTiming: OnBootPhase_100_com.android.server.lights.LightsService
02-22 10:50:25.211   649   649 D SystemServerTiming: OnBootPhase_100_com.android.server.lights.LightsService took to complete: 0ms
02-22 10:50:25.211   649   649 I SystemServerTiming: OnBootPhase_100_com.android.server.display.DisplayManagerService
02-22 10:50:25.216   649   672 I DisplayDeviceRepository: Display device added: DisplayDeviceInfo{"Built-in Screen": uniqueId="local:4619827259835644672", 720 x 1520, modeId 1, defaultModeId 1, supportedModes [{id=1, width=720, height=1520, fps=60.000004, alternativeRefreshRates=[]}], colorMode 0, supportedColorModes [0], hdrCapabilities HdrCapabilities{mSupportedHdrTypes=[], mMaxLuminance=500.0, mMaxAverageLuminance=500.0, mMinLuminance=0.0}, allmSupported false, gameContentTypeSupported false, density 260, 260.0 x 260.0 dpi, appVsyncOff 1000000, presDeadline 16666666, touch INTERNAL, rotation 0, type INTERNAL, address {port=0, model=0x401cec6a7a2b7b}, deviceProductInfo DeviceProductInfo{name=EMU_display_0, manufacturerPnpId=GGL, productId=1, modelYear=null, manufactureDate=ManufactureDate{week=27, year=2006}, connectionToSinkType=0}, state UNKNOWN, frameRateOverride , brightnessMinimum 0.0, brightnessMaximum 1.0, brightnessDefault 0.39763778, FLAG_DEFAULT_DISPLAY, FLAG_ROTATES_WITH_CONTENT, FLAG_SECURE, FLAG_SUPPORTS_PROTECTED_BUFFERS}
02-22 10:50:25.218   649   672 I LogicalDisplayMapper: Applying layout: [{addr: {port=0, model=0x401cec6a7a2b7b}, dispId: 0(ON)}], Previous layout: null
02-22 10:50:25.220   649   672 I LogicalDisplayMapper: Adding new display: 0: DisplayInfo{"Built-in Screen", displayId 0", displayGroupId -1, FLAG_SECURE, FLAG_SUPPORTS_PROTECTED_BUFFERS, FLAG_TRUSTED, real 720 x 1520, largest app 720 x 1520, smallest app 720 x 1520, appVsyncOff 1000000, presDeadline 16666666, mode 1, defaultMode 1, modes [{id=1, width=720, height=1520, fps=60.000004, alternativeRefreshRates=[]}], hdrCapabilities HdrCapabilities{mSupportedHdrTypes=[], mMaxLuminance=500.0, mMaxAverageLuminance=500.0, mMinLuminance=0.0}, userDisabledHdrTypes [], minimalPostProcessingSupported false, rotation 0, state UNKNOWN, type INTERNAL, uniqueId "local:4619827259835644672", app 720 x 1520, density 260 (260.0 x 260.0) dpi, layerStack 0, colorMode 0, supportedColorModes [0], address {port=0, model=0x401cec6a7a2b7b}, deviceProductInfo DeviceProductInfo{name=EMU_display_0, manufacturerPnpId=GGL, productId=1, modelYear=null, manufactureDate=ManufactureDate{week=27, year=2006}, connectionToSinkType=0}, removeMode 0, refreshRateOverride 0.0, brightnessMinimum 0.0, brightnessMaximum 1.0, brightnessDefault 0.39763778}
02-22 10:50:25.220   649   672 I LogicalDisplayMapper: Setting new display group 0 for display 0, from previous group: null
02-22 10:50:25.221   649   649 D SystemServerTiming: OnBootPhase_100_com.android.server.display.DisplayManagerService took to complete: 10ms
02-22 10:50:25.222   649   649 D SystemServerTiming: OnBootPhase_100 took to complete: 13ms
02-22 10:50:25.222   649   649 D SystemServerTiming: WaitForDisplay took to complete: 14ms
02-22 10:50:25.222   649   649 I SystemServerTiming: StartDomainVerificationService
02-22 10:50:25.225   649   649 D SystemServerTiming: StartDomainVerificationService took to complete: 3ms
02-22 10:50:25.226   649   649 I SystemServerTiming: StartPackageManagerService
02-22 10:50:25.226   649   649 I Watchdog: Pausing HandlerChecker: main thread for reason: packagemanagermain. Pause count: 1
02-22 10:50:25.229   649   649 I PackageManagerTiming: create package manager
02-22 10:50:25.234   649   649 I PackageManagerTiming: createSubComponents
02-22 10:50:25.246   649   649 D PackageManagerTiming: createSubComponents took to complete: 12ms
02-22 10:50:25.246   649   649 I PackageManagerTiming: addSharedUsers
02-22 10:50:25.246   649   649 D PackageManagerTiming: addSharedUsers took to complete: 0ms
02-22 10:50:25.247   649   649 I PackageManagerTiming: get system config
02-22 10:50:25.247   649   649 D PackageManagerTiming: get system config took to complete: 0ms
02-22 10:50:25.249   649   649 D PackageManager: Directories scanned as system partitions: [/system:0, /system/vendor:524288, /odm:4194304, /oem:262144, /system/product:1048576, /system/system_ext:2097152, /apex/com.android.wifi:8388608, /apex/com.android.tzdata:8388608, /apex/com.android.tethering:8388608, /apex/com.android.sdkext:8388608, /apex/com.android.scheduling:8388608, /apex/com.android.runtime:8388608, /apex/com.android.resolv:8388608, /apex/com.android.permission:8388608, /apex/com.android.os.statsd:8388608, /apex/com.android.neuralnetworks:8388608, /apex/com.android.mediaprovider:8388608, /apex/com.android.media.swcodec:8388608, /apex/com.android.media:8388608, /apex/com.android.ipsec:8388608, /apex/com.android.i18n:8388608, /apex/com.android.extservices:8388608, /apex/com.android.conscrypt:8388608, /apex/com.android.cellbroadcast:8388608, /apex/com.android.art:8388608, /apex/com.android.appsearch:8388608, /apex/com.android.adbd:8388608]
02-22 10:50:25.251   649   649 D SELinuxMMAC: Using policy file /system/etc/selinux/plat_mac_permissions.xml
02-22 10:50:25.252   649   649 D SELinuxMMAC: Using policy file /vendor/etc/selinux/vendor_mac_permissions.xml
02-22 10:50:25.253   649   649 I PackageManagerTiming: loadFallbacks
02-22 10:50:25.254   649   649 D PackageManagerTiming: loadFallbacks took to complete: 1ms
02-22 10:50:25.254   649   649 I PackageManagerTiming: read user settings
02-22 10:50:25.299   649   649 W android.permission.PermissionManager: Missing ActivityManager; assuming 1000 holds android.permission.SET_PREFERRED_APPLICATIONS
02-22 10:50:25.300   649   649 W android.permission.PermissionManager: Missing ActivityManager; assuming 1000 holds android.permission.SET_PREFERRED_APPLICATIONS
02-22 10:50:25.301   649   649 W android.permission.PermissionManager: Missing ActivityManager; assuming 1000 holds android.permission.SET_PREFERRED_APPLICATIONS
02-22 10:50:25.302   649   649 W android.permission.PermissionManager: Missing ActivityManager; assuming 1000 holds android.permission.SET_PREFERRED_APPLICATIONS
02-22 10:50:25.303   649   649 W android.permission.PermissionManager: Missing ActivityManager; assuming 1000 holds android.permission.SET_PREFERRED_APPLICATIONS
02-22 10:50:25.303   649   649 W android.permission.PermissionManager: Missing ActivityManager; assuming 1000 holds android.permission.SET_PREFERRED_APPLICATIONS
02-22 10:50:25.304   649   649 W android.permission.PermissionManager: Missing ActivityManager; assuming 1000 holds android.permission.SET_PREFERRED_APPLICATIONS
02-22 10:50:25.304   649   649 W android.permission.PermissionManager: Missing ActivityManager; assuming 1000 holds android.permission.SET_PREFERRED_APPLICATIONS
02-22 10:50:25.305   649   649 W android.permission.PermissionManager: Missing ActivityManager; assuming 1000 holds android.permission.SET_PREFERRED_APPLICATIONS
02-22 10:50:25.306   649   649 W android.permission.PermissionManager: Missing ActivityManager; assuming 1000 holds android.permission.SET_PREFERRED_APPLICATIONS
02-22 10:50:25.307   649   649 W android.permission.PermissionManager: Missing ActivityManager; assuming 1000 holds android.permission.SET_PREFERRED_APPLICATIONS
02-22 10:50:25.308   649   649 W android.permission.PermissionManager: Missing ActivityManager; assuming 1000 holds android.permission.SET_PREFERRED_APPLICATIONS
02-22 10:50:25.308   649   649 W android.permission.PermissionManager: Missing ActivityManager; assuming 1000 holds android.permission.SET_PREFERRED_APPLICATIONS
02-22 10:50:25.309   649   649 W android.permission.PermissionManager: Missing ActivityManager; assuming 1000 holds android.permission.SET_PREFERRED_APPLICATIONS
02-22 10:50:25.309   649   649 W android.permission.PermissionManager: Missing ActivityManager; assuming 1000 holds android.permission.SET_PREFERRED_APPLICATIONS
02-22 10:50:25.310   649   649 W android.permission.PermissionManager: Missing ActivityManager; assuming 1000 holds android.permission.SET_PREFERRED_APPLICATIONS
02-22 10:50:25.311   649   649 W android.permission.PermissionManager: Missing ActivityManager; assuming 1000 holds android.permission.SET_PREFERRED_APPLICATIONS
02-22 10:50:25.312   649   649 W android.permission.PermissionManager: Missing ActivityManager; assuming 1000 holds android.permission.SET_PREFERRED_APPLICATIONS
02-22 10:50:25.312   649   649 W android.permission.PermissionManager: Missing ActivityManager; assuming 1000 holds android.permission.SET_PREFERRED_APPLICATIONS
02-22 10:50:25.314   649   649 W android.permission.PermissionManager: Missing ActivityManager; assuming 1000 holds android.permission.SET_PREFERRED_APPLICATIONS
02-22 10:50:25.314   649   649 W android.permission.PermissionManager: Missing ActivityManager; assuming 1000 holds android.permission.SET_PREFERRED_APPLICATIONS
02-22 10:50:25.315   649   649 W android.permission.PermissionManager: Missing ActivityManager; assuming 1000 holds android.permission.SET_PREFERRED_APPLICATIONS
02-22 10:50:25.315   649   649 W android.permission.PermissionManager: Missing ActivityManager; assuming 1000 holds android.permission.SET_PREFERRED_APPLICATIONS
02-22 10:50:25.316   649   649 W android.permission.PermissionManager: Missing ActivityManager; assuming 1000 holds android.permission.SET_PREFERRED_APPLICATIONS
02-22 10:50:25.316   649   649 W android.permission.PermissionManager: Missing ActivityManager; assuming 1000 holds android.permission.SET_PREFERRED_APPLICATIONS
02-22 10:50:25.317   649   649 W android.permission.PermissionManager: Missing ActivityManager; assuming 1000 holds android.permission.SET_PREFERRED_APPLICATIONS
02-22 10:50:25.317   649   649 W android.permission.PermissionManager: Missing ActivityManager; assuming 1000 holds android.permission.SET_PREFERRED_APPLICATIONS
02-22 10:50:25.318   649   649 W android.permission.PermissionManager: Missing ActivityManager; assuming 1000 holds android.permission.SET_PREFERRED_APPLICATIONS
02-22 10:50:25.319   649   649 W android.permission.PermissionManager: Missing ActivityManager; assuming 1000 holds android.permission.SET_PREFERRED_APPLICATIONS
02-22 10:50:25.319   649   649 W android.permission.PermissionManager: Missing ActivityManager; assuming 1000 holds android.permission.SET_PREFERRED_APPLICATIONS
02-22 10:50:25.320   649   649 W android.permission.PermissionManager: Missing ActivityManager; assuming 1000 holds android.permission.SET_PREFERRED_APPLICATIONS
02-22 10:50:25.321   649   649 W android.permission.PermissionManager: Missing ActivityManager; assuming 1000 holds android.permission.SET_PREFERRED_APPLICATIONS
02-22 10:50:25.321   649   649 W android.permission.PermissionManager: Missing ActivityManager; assuming 1000 holds android.permission.SET_PREFERRED_APPLICATIONS
02-22 10:50:25.322   649   649 W android.permission.PermissionManager: Missing ActivityManager; assuming 1000 holds android.permission.SET_PREFERRED_APPLICATIONS
02-22 10:50:25.322   649   649 W android.permission.PermissionManager: Missing ActivityManager; assuming 1000 holds android.permission.SET_PREFERRED_APPLICATIONS
02-22 10:50:25.323   649   649 W android.permission.PermissionManager: Missing ActivityManager; assuming 1000 holds android.permission.SET_PREFERRED_APPLICATIONS
02-22 10:50:25.324   649   649 W android.permission.PermissionManager: Missing ActivityManager; assuming 1000 holds android.permission.SET_PREFERRED_APPLICATIONS
02-22 10:50:25.325   649   649 W android.permission.PermissionManager: Missing ActivityManager; assuming 1000 holds android.permission.SET_PREFERRED_APPLICATIONS
02-22 10:50:25.325   649   649 W android.permission.PermissionManager: Missing ActivityManager; assuming 1000 holds android.permission.SET_PREFERRED_APPLICATIONS
02-22 10:50:25.326   649   649 W android.permission.PermissionManager: Missing ActivityManager; assuming 1000 holds android.permission.SET_PREFERRED_APPLICATIONS
02-22 10:50:25.326   649   649 W android.permission.PermissionManager: Missing ActivityManager; assuming 1000 holds android.permission.SET_PREFERRED_APPLICATIONS
02-22 10:50:25.327   649   649 W android.permission.PermissionManager: Missing ActivityManager; assuming 1000 holds android.permission.SET_PREFERRED_APPLICATIONS
02-22 10:50:25.328   649   649 W android.permission.PermissionManager: Missing ActivityManager; assuming 1000 holds android.permission.SET_PREFERRED_APPLICATIONS
02-22 10:50:25.328   649   649 W android.permission.PermissionManager: Missing ActivityManager; assuming 1000 holds android.permission.SET_PREFERRED_APPLICATIONS
02-22 10:50:25.328   649   649 W android.permission.PermissionManager: Missing ActivityManager; assuming 1000 holds android.permission.SET_PREFERRED_APPLICATIONS
02-22 10:50:25.329   649   649 W android.permission.PermissionManager: Missing ActivityManager; assuming 1000 holds android.permission.SET_PREFERRED_APPLICATIONS
02-22 10:50:25.330   649   649 W android.permission.PermissionManager: Missing ActivityManager; assuming 1000 holds android.permission.SET_PREFERRED_APPLICATIONS
02-22 10:50:25.330   649   649 W android.permission.PermissionManager: Missing ActivityManager; assuming 1000 holds android.permission.SET_PREFERRED_APPLICATIONS
02-22 10:50:25.331   649   649 W android.permission.PermissionManager: Missing ActivityManager; assuming 1000 holds android.permission.SET_PREFERRED_APPLICATIONS
02-22 10:50:25.331   649   649 W android.permission.PermissionManager: Missing ActivityManager; assuming 1000 holds android.permission.SET_PREFERRED_APPLICATIONS
02-22 10:50:25.331   649   649 W android.permission.PermissionManager: Missing ActivityManager; assuming 1000 holds android.permission.SET_PREFERRED_APPLICATIONS
02-22 10:50:25.332   649   649 W android.permission.PermissionManager: Missing ActivityManager; assuming 1000 holds android.permission.SET_PREFERRED_APPLICATIONS
02-22 10:50:25.333   649   649 W android.permission.PermissionManager: Missing ActivityManager; assuming 1000 holds android.permission.SET_PREFERRED_APPLICATIONS
02-22 10:50:25.333   649   649 W android.permission.PermissionManager: Missing ActivityManager; assuming 1000 holds android.permission.SET_PREFERRED_APPLICATIONS
02-22 10:50:25.334   649   649 W android.permission.PermissionManager: Missing ActivityManager; assuming 1000 holds android.permission.SET_PREFERRED_APPLICATIONS
02-22 10:50:25.334   649   649 W android.permission.PermissionManager: Missing ActivityManager; assuming 1000 holds android.permission.SET_PREFERRED_APPLICATIONS
02-22 10:50:25.335   649   649 W android.permission.PermissionManager: Missing ActivityManager; assuming 1000 holds android.permission.SET_PREFERRED_APPLICATIONS
02-22 10:50:25.335   649   649 W android.permission.PermissionManager: Missing ActivityManager; assuming 1000 holds android.permission.SET_PREFERRED_APPLICATIONS
02-22 10:50:25.336   649   649 W android.permission.PermissionManager: Missing ActivityManager; assuming 1000 holds android.permission.SET_PREFERRED_APPLICATIONS
02-22 10:50:25.336   649   649 W android.permission.PermissionManager: Missing ActivityManager; assuming 1000 holds android.permission.SET_PREFERRED_APPLICATIONS
02-22 10:50:25.337   649   649 W android.permission.PermissionManager: Missing ActivityManager; assuming 1000 holds android.permission.SET_PREFERRED_APPLICATIONS
02-22 10:50:25.337   649   649 W android.permission.PermissionManager: Missing ActivityManager; assuming 1000 holds android.permission.SET_PREFERRED_APPLICATIONS
02-22 10:50:25.338   649   649 W android.permission.PermissionManager: Missing ActivityManager; assuming 1000 holds android.permission.SET_PREFERRED_APPLICATIONS
02-22 10:50:25.339   649   649 W android.permission.PermissionManager: Missing ActivityManager; assuming 1000 holds android.permission.SET_PREFERRED_APPLICATIONS
02-22 10:50:25.339   649   649 W android.permission.PermissionManager: Missing ActivityManager; assuming 1000 holds android.permission.SET_PREFERRED_APPLICATIONS
02-22 10:50:25.339   649   649 W android.permission.PermissionManager: Missing ActivityManager; assuming 1000 holds android.permission.SET_PREFERRED_APPLICATIONS
02-22 10:50:25.340   649   649 W android.permission.PermissionManager: Missing ActivityManager; assuming 1000 holds android.permission.SET_PREFERRED_APPLICATIONS
02-22 10:50:25.340   649   649 W android.permission.PermissionManager: Missing ActivityManager; assuming 1000 holds android.permission.SET_PREFERRED_APPLICATIONS
02-22 10:50:25.341   649   649 W android.permission.PermissionManager: Missing ActivityManager; assuming 1000 holds android.permission.SET_PREFERRED_APPLICATIONS
02-22 10:50:25.342   649   649 W android.permission.PermissionManager: Missing ActivityManager; assuming 1000 holds android.permission.SET_PREFERRED_APPLICATIONS
02-22 10:50:25.343   649   649 W android.permission.PermissionManager: Missing ActivityManager; assuming 1000 holds android.permission.SET_PREFERRED_APPLICATIONS
02-22 10:50:25.344   649   649 W android.permission.PermissionManager: Missing ActivityManager; assuming 1000 holds android.permission.SET_PREFERRED_APPLICATIONS
02-22 10:50:25.344   649   649 W android.permission.PermissionManager: Missing ActivityManager; assuming 1000 holds android.permission.SET_PREFERRED_APPLICATIONS
02-22 10:50:25.345   649   649 W android.permission.PermissionManager: Missing ActivityManager; assuming 1000 holds android.permission.SET_PREFERRED_APPLICATIONS
02-22 10:50:25.346   649   649 W android.permission.PermissionManager: Missing ActivityManager; assuming 1000 holds android.permission.SET_PREFERRED_APPLICATIONS
02-22 10:50:25.346   649   649 W android.permission.PermissionManager: Missing ActivityManager; assuming 1000 holds android.permission.SET_PREFERRED_APPLICATIONS
02-22 10:50:25.347   649   649 W android.permission.PermissionManager: Missing ActivityManager; assuming 1000 holds android.permission.SET_PREFERRED_APPLICATIONS
02-22 10:50:25.347   649   649 W android.permission.PermissionManager: Missing ActivityManager; assuming 1000 holds android.permission.SET_PREFERRED_APPLICATIONS
02-22 10:50:25.348   649   649 W android.permission.PermissionManager: Missing ActivityManager; assuming 1000 holds android.permission.SET_PREFERRED_APPLICATIONS
02-22 10:50:25.348   649   649 W android.permission.PermissionManager: Missing ActivityManager; assuming 1000 holds android.permission.SET_PREFERRED_APPLICATIONS
02-22 10:50:25.349   649   649 W android.permission.PermissionManager: Missing ActivityManager; assuming 1000 holds android.permission.SET_PREFERRED_APPLICATIONS
02-22 10:50:25.349   649   649 W android.permission.PermissionManager: Missing ActivityManager; assuming 1000 holds android.permission.SET_PREFERRED_APPLICATIONS
02-22 10:50:25.350   649   649 W android.permission.PermissionManager: Missing ActivityManager; assuming 1000 holds android.permission.SET_PREFERRED_APPLICATIONS
02-22 10:50:25.350   649   649 W android.permission.PermissionManager: Missing ActivityManager; assuming 1000 holds android.permission.SET_PREFERRED_APPLICATIONS
02-22 10:50:25.351   649   649 W android.permission.PermissionManager: Missing ActivityManager; assuming 1000 holds android.permission.SET_PREFERRED_APPLICATIONS
02-22 10:50:25.352   649   649 W android.permission.PermissionManager: Missing ActivityManager; assuming 1000 holds android.permission.SET_PREFERRED_APPLICATIONS
02-22 10:50:25.352   649   649 W android.permission.PermissionManager: Missing ActivityManager; assuming 1000 holds android.permission.SET_PREFERRED_APPLICATIONS
02-22 10:50:25.353   649   649 W android.permission.PermissionManager: Missing ActivityManager; assuming 1000 holds android.permission.SET_PREFERRED_APPLICATIONS
02-22 10:50:25.353   649   649 W android.permission.PermissionManager: Missing ActivityManager; assuming 1000 holds android.permission.SET_PREFERRED_APPLICATIONS
02-22 10:50:25.354   649   649 W android.permission.PermissionManager: Missing ActivityManager; assuming 1000 holds android.permission.SET_PREFERRED_APPLICATIONS
02-22 10:50:25.354   649   649 W android.permission.PermissionManager: Missing ActivityManager; assuming 1000 holds android.permission.SET_PREFERRED_APPLICATIONS
02-22 10:50:25.355   649   649 W android.permission.PermissionManager: Missing ActivityManager; assuming 1000 holds android.permission.SET_PREFERRED_APPLICATIONS
02-22 10:50:25.355   649   649 W android.permission.PermissionManager: Missing ActivityManager; assuming 1000 holds android.permission.SET_PREFERRED_APPLICATIONS
02-22 10:50:25.355   649   649 W android.permission.PermissionManager: Missing ActivityManager; assuming 1000 holds android.permission.SET_PREFERRED_APPLICATIONS
02-22 10:50:25.356   649   649 W android.permission.PermissionManager: Missing ActivityManager; assuming 1000 holds android.permission.SET_PREFERRED_APPLICATIONS
02-22 10:50:25.356   649   649 W android.permission.PermissionManager: Missing ActivityManager; assuming 1000 holds android.permission.SET_PREFERRED_APPLICATIONS
02-22 10:50:25.357   649   649 W android.permission.PermissionManager: Missing ActivityManager; assuming 1000 holds android.permission.SET_PREFERRED_APPLICATIONS
02-22 10:50:25.357   649   649 W android.permission.PermissionManager: Missing ActivityManager; assuming 1000 holds android.permission.SET_PREFERRED_APPLICATIONS
02-22 10:50:25.358   649   649 W android.permission.PermissionManager: Missing ActivityManager; assuming 1000 holds android.permission.SET_PREFERRED_APPLICATIONS
02-22 10:50:25.358   649   649 W android.permission.PermissionManager: Missing ActivityManager; assuming 1000 holds android.permission.SET_PREFERRED_APPLICATIONS
02-22 10:50:25.360   649   649 W android.permission.PermissionManager: Missing ActivityManager; assuming 1000 holds android.permission.SET_PREFERRED_APPLICATIONS
02-22 10:50:25.360   649   649 W android.permission.PermissionManager: Missing ActivityManager; assuming 1000 holds android.permission.SET_PREFERRED_APPLICATIONS
02-22 10:50:25.361   649   649 W android.permission.PermissionManager: Missing ActivityManager; assuming 1000 holds android.permission.SET_PREFERRED_APPLICATIONS
02-22 10:50:25.361   649   649 W android.permission.PermissionManager: Missing ActivityManager; assuming 1000 holds android.permission.SET_PREFERRED_APPLICATIONS
02-22 10:50:25.362   649   649 W android.permission.PermissionManager: Missing ActivityManager; assuming 1000 holds android.permission.SET_PREFERRED_APPLICATIONS
02-22 10:50:25.363   649   649 W android.permission.PermissionManager: Missing ActivityManager; assuming 1000 holds android.permission.SET_PREFERRED_APPLICATIONS
02-22 10:50:25.363   649   649 W android.permission.PermissionManager: Missing ActivityManager; assuming 1000 holds android.permission.SET_PREFERRED_APPLICATIONS
02-22 10:50:25.364   649   649 W android.permission.PermissionManager: Missing ActivityManager; assuming 1000 holds android.permission.SET_PREFERRED_APPLICATIONS
02-22 10:50:25.365   649   649 W android.permission.PermissionManager: Missing ActivityManager; assuming 1000 holds android.permission.SET_PREFERRED_APPLICATIONS
02-22 10:50:25.365   649   649 W android.permission.PermissionManager: Missing ActivityManager; assuming 1000 holds android.permission.SET_PREFERRED_APPLICATIONS
02-22 10:50:25.365   649   649 W android.permission.PermissionManager: Missing ActivityManager; assuming 1000 holds android.permission.SET_PREFERRED_APPLICATIONS
02-22 10:50:25.365   649   649 W android.permission.PermissionManager: Missing ActivityManager; assuming 1000 holds android.permission.SET_PREFERRED_APPLICATIONS
02-22 10:50:25.366   649   649 W android.permission.PermissionManager: Missing ActivityManager; assuming 1000 holds android.permission.SET_PREFERRED_APPLICATIONS
02-22 10:50:25.366   649   649 W android.permission.PermissionManager: Missing ActivityManager; assuming 1000 holds android.permission.SET_PREFERRED_APPLICATIONS
02-22 10:50:25.366   649   649 W android.permission.PermissionManager: Missing ActivityManager; assuming 1000 holds android.permission.SET_PREFERRED_APPLICATIONS
02-22 10:50:25.366   649   649 W android.permission.PermissionManager: Missing ActivityManager; assuming 1000 holds android.permission.SET_PREFERRED_APPLICATIONS
02-22 10:50:25.366   649   649 W android.permission.PermissionManager: Missing ActivityManager; assuming 1000 holds android.permission.SET_PREFERRED_APPLICATIONS
02-22 10:50:25.366   649   649 W android.permission.PermissionManager: Missing ActivityManager; assuming 1000 holds android.permission.SET_PREFERRED_APPLICATIONS
02-22 10:50:25.367   649   649 W android.permission.PermissionManager: Missing ActivityManager; assuming 1000 holds android.permission.SET_PREFERRED_APPLICATIONS
02-22 10:50:25.367   649   649 W android.permission.PermissionManager: Missing ActivityManager; assuming 1000 holds android.permission.SET_PREFERRED_APPLICATIONS
02-22 10:50:25.367   649   649 W android.permission.PermissionManager: Missing ActivityManager; assuming 1000 holds android.permission.SET_PREFERRED_APPLICATIONS
02-22 10:50:25.367   649   649 W android.permission.PermissionManager: Missing ActivityManager; assuming 1000 holds android.permission.SET_PREFERRED_APPLICATIONS
02-22 10:50:25.368   649   649 W android.permission.PermissionManager: Missing ActivityManager; assuming 1000 holds android.permission.SET_PREFERRED_APPLICATIONS
02-22 10:50:25.377   649   649 W PackageSettings: Missing permission state for package: com.android.cts.priv.ctsshim
02-22 10:50:25.377   649   649 W PackageSettings: Missing permission state for package: com.android.internal.display.cutout.emulation.corner
02-22 10:50:25.377   649   649 W PackageSettings: Missing permission state for package: com.android.internal.display.cutout.emulation.double
02-22 10:50:25.377   649   649 W PackageSettings: Missing permission state for package: com.google.android.ext.shared
02-22 10:50:25.377   649   649 W PackageSettings: Missing permission state for package: com.android.internal.systemui.navbar.gestural_wide_back
02-22 10:50:25.377   649   649 W PackageSettings: Missing permission state for package: com.android.htmlviewer
02-22 10:50:25.377   649   649 W PackageSettings: Missing permission state for package: com.android.internal.systemui.onehanded.gestural
02-22 10:50:25.377   649   649 W PackageSettings: Missing permission state for package: com.android.simappdialog
02-22 10:50:25.377   649   649 W PackageSettings: Missing permission state for package: com.android.connectivity.resources
02-22 10:50:25.377   649   649 W PackageSettings: Missing permission state for package: com.android.internal.display.cutout.emulation.hole
02-22 10:50:25.377   649   649 W PackageSettings: Missing permission state for package: com.android.internal.display.cutout.emulation.tall
02-22 10:50:25.377   649   649 W PackageSettings: Missing permission state for package: com.android.modulemetadata
02-22 10:50:25.377   649   649 W PackageSettings: Missing permission state for package: com.android.internal.systemui.navbar.threebutton
02-22 10:50:25.378   649   649 W PackageSettings: Missing permission state for package: com.android.internal.systemui.navbar.gestural_extra_wide_back
02-22 10:50:25.378   649   649 W PackageSettings: Missing permission state for package: com.android.dreams.basic
02-22 10:50:25.378   649   649 W PackageSettings: Missing permission state for package: com.android.cellbroadcastreceiver
02-22 10:50:25.378   649   649 W PackageSettings: Missing permission state for package: android.ext.shared
02-22 10:50:25.378   649   649 W PackageSettings: Missing permission state for package: com.android.wifi.resources
02-22 10:50:25.378   649   649 W PackageSettings: Missing permission state for package: com.android.cameraextensions
02-22 10:50:25.378   649   649 W PackageSettings: Missing permission state for package: com.android.theme.font.notoserifsource
02-22 10:50:25.378   649   649 W PackageSettings: Missing permission state for package: com.android.internal.display.cutout.emulation.waterfall
02-22 10:50:25.378   649   649 W PackageSettings: Missing permission state for package: com.android.bookmarkprovider
02-22 10:50:25.378   649   649 W PackageSettings: Missing permission state for package: com.android.cts.ctsshim
02-22 10:50:25.378   649   649 W PackageSettings: Missing permission state for package: com.android.internal.systemui.navbar.gestural
02-22 10:50:25.378   649   649 W PackageSettings: Missing permission state for package: com.android.internal.systemui.navbar.gestural_narrow_back
02-22 10:50:25.379   649   649 W PackageSettings: Missing permission state for shared user: android.uid.log
02-22 10:50:25.379   649   649 W PackageSettings: Missing permission state for shared user: android.uid.uwb
02-22 10:50:25.381   649   649 D PackageManagerTiming: read user settings took to complete: 127ms
02-22 10:50:25.392   649   649 D PackageManager: Keeping known cache 945870862e3a868edc27e268e10815625e64cd7e
02-22 10:50:25.393   649   649 W android.permission.PermissionManager: Missing ActivityManager; assuming 1000 holds android.permission.WATCH_APPOPS
02-22 10:50:25.394   649   649 W android.permission.PermissionManager: Missing ActivityManager; assuming 1000 holds android.permission.WATCH_APPOPS
02-22 10:50:25.401   649   649 D CompatibilityChangeReporter: Compat change id reported: 143539591; UID -1; state: ENABLED
02-22 10:50:25.410   649   649 W PackageManager: Failed to parse /system/framework/oat: Missing base APK in /system/framework/oat
02-22 10:50:25.410   649   649 W PackageManager: Failed to parse /system/framework/x86_64: Missing base APK in /system/framework/x86_64
02-22 10:50:25.411   649   649 W PackageManager: Failed to parse /system/framework/x86: Missing base APK in /system/framework/x86
02-22 10:50:25.429   649   649 D CompatibilityChangeReporter: Compat change id reported: 143539591; UID -1; state: DISABLED
02-22 10:50:25.429   649   649 D CompatibilityChangeReporter: Compat change id reported: 168782947; UID -1; state: DISABLED
02-22 10:50:25.487   649   649 D CompatibilityChangeReporter: Compat change id reported: 168782947; UID -1; state: ENABLED
02-22 10:50:25.493   649   649 W PackageManager: Failed to scan /system/priv-app/Phonesky: Package com.android.vending at /system/priv-app/Phonesky ignored: updated version 83962630 better than this 82594910
02-22 10:50:25.494   649   649 W PackageManager: Failed to scan /system/priv-app/PrebuiltGmsCore: Package com.google.android.gms at /system/priv-app/PrebuiltGmsCore ignored: updated version 240213041 better than this 212423056
02-22 10:50:25.504   649   701 D CompatibilityChangeReporter: Compat change id reported: 150232615; UID -1; state: ENABLED
02-22 10:50:25.525   649   649 W PackageManager: Package com.google.android.ext.shared declares library android.ext.shared that already exists; skipping
02-22 10:50:25.529   649   649 W PackageManager: Failed to parse /system/app/DevelopmentSettings: /system/app/DevelopmentSettings/DevelopmentSettings.apk (at Binary XML file line #21): android.app.AliasActivity: Targeting S+ (version 31 and above) requires that an explicit value for android:exported be defined when intent filters are present
02-22 10:50:25.532   649   649 W PackageManager: Failed to parse /system/app/CubeLiveWallpapers: /system/app/CubeLiveWallpapers/CubeLiveWallpapers.apk (at Binary XML file line #29): com.example.android.livecubes.cube1.CubeWallpaper1: Targeting S+ (version 31 and above) requires that an explicit value for android:exported be defined when intent filters are present
02-22 10:50:25.532   649   649 W PackageManager: Failed to parse /system/app/CustomLocale: /system/app/CustomLocale/CustomLocale.apk (at Binary XML file line #25): com.android.customlocale2.CustomLocaleActivity: Targeting S+ (version 31 and above) requires that an explicit value for android:exported be defined when intent filters are present
02-22 10:50:25.532   649   649 W PackageManager: Failed to parse /system/app/GenymotionLayout: /system/app/GenymotionLayout/GenymotionLayout.apk (at Binary XML file line #9): com.google.android.launcher.layouts.genymotion.PartnerCustomizationReceiver: Targeting S+ (version 31 and above) requires that an explicit value for android:exported be defined when intent filters are present
02-22 10:50:25.613   649   649 I PackageManager: Finished scanning system apps. Time: 223 ms, packageCount: 119 , timePerPackage: 1 , cached: 121
02-22 10:50:25.616   649   649 D CompatibilityChangeReporter: Compat change id reported: 133396946; UID -1; state: ENABLED
02-22 10:50:25.628   649   649 W PackageManager: Skipping provider name host.exp.exponent.fileprovider (in package host.exp.exponent): name already used by host.exp.exponent
02-22 10:50:25.630   649   649 W PackageManager: Relax SCAN_REQUIRE_KNOWN requirement for package com.android.vending
02-22 10:50:25.638   649   649 W PackageManager: Relax SCAN_REQUIRE_KNOWN requirement for package com.google.android.gms
02-22 10:50:25.647   649   649 I PackageManager: Finished scanning non-system apps. Time: 34 ms, packageCount: 4 , timePerPackage: 8 , cached: 4
02-22 10:50:25.650   649   649 I PackageManager: Time to scan packages: 0.26 seconds
02-22 10:50:25.650   649   649 I PackageManager: Permission ownership changed. Updating all permissions.
02-22 10:50:25.665   649   649 V PackageManager: reconcileAppsData for null u0 0x1 migrateAppData=true
02-22 10:50:25.688   649   649 V PackageManager: reconcileAppsData finished 21 packages
02-22 10:50:25.689   649   649 I PackageManagerTiming: write settings
02-22 10:50:25.690   649   705 I SystemServerTimingAsync: InitThreadPoolExec:prepareAppData
02-22 10:50:25.690   649   705 D SystemServerInitThreadPool: Started executing prepareAppData
02-22 10:50:25.765   649   649 D PackageManagerTiming: write settings took to complete: 76ms
02-22 10:50:25.768   649   649 V PackageManager: Ephemeral resolver found; pkg: com.google.android.gms, info:ResolveInfo{357c735 com.google.android.gms/.chimera.PersistentBoundBrokerService m=0x108000}
02-22 10:50:25.768   649   649 D PackageManager: Set ephemeral resolver: ComponentInfo{com.google.android.gms/com.google.android.gms.chimera.PersistentBoundBrokerService}
02-22 10:50:25.769   649   649 D PackageManager: Set ephemeral installer activity: ComponentInfo{com.android.vending/com.google.android.finsky.instantapps.EphemeralInstallerActivity}
02-22 10:50:25.779   649   649 I PackageManagerTiming: GC
02-22 10:50:25.783   649   649 D PackageManagerTiming: GC took to complete: 4ms
02-22 10:50:25.783   649   649 I PackageManager: Fix for b/169414761 is applied
02-22 10:50:25.783   649   649 D PackageManagerTiming: create package manager took to complete: 554ms
02-22 10:50:25.783   649   649 V UserManagerService: Checking that all system packages are whitelisted.
02-22 10:50:25.784   649   649 W UserManagerService: checkWhitelistedSystemPackages(mode=ENFORCE|IMPLICIT_WHITELIST|IMPLICIT_WHITELIST_SYSTEM) has 50 warnings:
02-22 10:50:25.784   649   649 W UserManagerService: com.android.theme.color.amethyst is allowlisted but not present.
02-22 10:50:25.784   649   649 W UserManagerService: com.android.theme.icon.pebble is allowlisted but not present.
02-22 10:50:25.784   649   649 W UserManagerService: com.android.theme.color.sand is allowlisted but not present.
02-22 10:50:25.784   649   649 W UserManagerService: com.android.theme.icon.vessel is allowlisted but not present.
02-22 10:50:25.784   649   649 W UserManagerService: com.android.theme.color.cinnamon is allowlisted but not present.
02-22 10:50:25.784   649   649 W UserManagerService: com.android.theme.icon_pack.victor.settings is allowlisted but not present.
02-22 10:50:25.784   649   649 W UserManagerService: com.android.theme.icon_pack.rounded.systemui is allowlisted but not present.
02-22 10:50:25.784   649   649 W UserManagerService: com.android.theme.icon.taperedrect is allowlisted but not present.
02-22 10:50:25.784   649   649 W UserManagerService: com.android.theme.icon_pack.rounded.android is allowlisted but not present.
02-22 10:50:25.784   649   649 W UserManagerService: com.android.theme.icon_pack.victor.systemui is allowlisted but not present.
02-22 10:50:25.784   649   649 W UserManagerService: com.android.theme.icon_pack.circular.themepicker is allowlisted but not present.
02-22 10:50:25.784   649   649 W UserManagerService: com.android.theme.color.tangerine is allowlisted but not present.
02-22 10:50:25.784   649   649 W UserManagerService: com.android.theme.color.aquamarine is allowlisted but not present.
02-22 10:50:25.784   649   649 W UserManagerService: com.android.theme.color.black is allowlisted but not present.
02-22 10:50:25.784   649   649 W UserManagerService: com.android.theme.color.green is allowlisted but not present.
02-22 10:50:25.784   649   649 W UserManagerService: com.android.theme.color.ocean is allowlisted but not present.
02-22 10:50:25.784   649   649 W UserManagerService: com.android.theme.color.space is allowlisted but not present.
02-22 10:50:25.784   649   649 W UserManagerService: com.android.theme.icon_pack.rounded.launcher is allowlisted but not present.
02-22 10:50:25.784   649   649 W UserManagerService: com.android.theme.icon_pack.kai.settings is allowlisted but not present.
02-22 10:50:25.784   649   649 W UserManagerService: com.android.internal.systemui.navbar.twobutton is allowlisted but not present.
02-22 10:50:25.784   649   649 W UserManagerService: com.android.theme.icon_pack.sam.settings is allowlisted but not present.
02-22 10:50:25.784   649   649 W UserManagerService: com.android.theme.icon_pack.kai.themepicker is allowlisted but not present.
02-22 10:50:25.784   649   649 W UserManagerService: com.android.theme.icon_pack.victor.launcher is allowlisted but not present.
02-22 10:50:25.784   649   649 W UserManagerService: com.android.theme.icon_pack.filled.settings is allowlisted but not present.
02-22 10:50:25.784   649   649 W UserManagerService: com.android.theme.icon_pack.kai.systemui is allowlisted but not present.
02-22 10:50:25.784   649   649 W UserManagerService: com.android.theme.icon_pack.circular.settings is allowlisted but not present.
02-22 10:50:25.784   649   649 W UserManagerService: com.android.theme.icon_pack.sam.systemui is allowlisted but not present.
02-22 10:50:25.784   649   649 W UserManagerService: com.android.theme.icon.teardrop is allowlisted but not present.
02-22 10:50:25.784   649   649 W UserManagerService: com.android.theme.icon_pack.rounded.themepicker is allowlisted but not present.
02-22 10:50:25.784   649   649 W UserManagerService: com.android.theme.icon_pack.filled.systemui is allowlisted but not present.
02-22 10:50:25.784   649   649 W UserManagerService: com.android.theme.icon_pack.sam.android is allowlisted but not present.
02-22 10:50:25.784   649   649 W UserManagerService: com.android.theme.icon_pack.filled.android is allowlisted but not present.
02-22 10:50:25.784   649   649 W UserManagerService: com.android.theme.icon_pack.circular.systemui is allowlisted but not present.
02-22 10:50:25.784   649   649 W UserManagerService: com.android.theme.icon_pack.kai.android is allowlisted but not present.
02-22 10:50:25.784   649   649 W UserManagerService: com.android.theme.icon_pack.kai.launcher is allowlisted but not present.
02-22 10:50:25.784   649   649 W UserManagerService: com.android.theme.icon_pack.sam.launcher is allowlisted but not present.
02-22 10:50:25.784   649   649 W UserManagerService: com.android.theme.icon.squircle is allowlisted but not present.
02-22 10:50:25.784   649   649 W UserManagerService: com.android.theme.icon_pack.victor.android is allowlisted but not present.
02-22 10:50:25.784   649   649 W UserManagerService: com.android.theme.color.palette is allowlisted but not present.
02-22 10:50:25.784   649   649 W UserManagerService: com.android.theme.icon_pack.filled.launcher is allowlisted but not present.
02-22 10:50:25.784   649   649 W UserManagerService: com.android.theme.color.carbon is allowlisted but not present.
02-22 10:50:25.784   649   649 W UserManagerService: com.android.theme.icon_pack.circular.launcher is allowlisted but not present.
02-22 10:50:25.784   649   649 W UserManagerService: com.android.theme.icon_pack.filled.themepicker is allowlisted but not present.
02-22 10:50:25.784   649   649 W UserManagerService: com.android.theme.icon_pack.victor.themepicker is allowlisted but not present.
02-22 10:50:25.784   649   649 W UserManagerService: com.android.theme.color.orchid is allowlisted but not present.
02-22 10:50:25.784   649   649 W UserManagerService: com.android.theme.color.purple is allowlisted but not present.
02-22 10:50:25.784   649   649 W UserManagerService: com.android.theme.icon_pack.sam.themepicker is allowlisted but not present.
02-22 10:50:25.784   649   649 W UserManagerService: com.android.theme.icon.roundedrect is allowlisted but not present.
02-22 10:50:25.784   649   649 W UserManagerService: com.android.theme.icon_pack.rounded.settings is allowlisted but not present.
02-22 10:50:25.784   649   649 W UserManagerService: com.android.theme.icon_pack.circular.android is allowlisted but not present.
02-22 10:50:25.787   649   649 I Watchdog: Resuming HandlerChecker: main thread for reason: packagemanagermain. Pause count: 0
02-22 10:50:25.787   649   649 I SystemServerDexLoadReporter: Configuring system server dex reporter
02-22 10:50:25.792   649   649 D SystemServerTiming: StartPackageManagerService took to complete: 566ms
02-22 10:50:25.792   649   649 I SystemServerTiming: StartOtaDexOptService
02-22 10:50:25.792   649   649 I Watchdog: Pausing HandlerChecker: main thread for reason: moveab. Pause count: 1
02-22 10:50:25.793   649   649 D OTADexopt: No upgrade, skipping A/B artifacts check.
02-22 10:50:25.795   649   649 I Watchdog: Resuming HandlerChecker: main thread for reason: moveab. Pause count: 0
02-22 10:50:25.796   649   649 D SystemServerTiming: StartOtaDexOptService took to complete: 4ms
02-22 10:50:25.797   649   649 I SystemServerTiming: StartUserManagerService
02-22 10:50:25.798   649   649 I SystemServiceManager: Starting com.android.server.pm.UserManagerService$LifeCycle
02-22 10:50:25.801   649   649 D SystemServerTiming: StartUserManagerService took to complete: 3ms
02-22 10:50:25.802   649   649 I SystemServerTiming: InitAttributerCache
02-22 10:50:25.804   649   649 D SystemServerTiming: InitAttributerCache took to complete: 1ms
02-22 10:50:25.804   649   649 I SystemServerTiming: SetSystemProcess
02-22 10:50:25.813   649   664 V HistoricalRegistry: Interaction before persistence initialized
02-22 10:50:25.824   649   705 D SystemServerTimingAsync: AppDataFixup took to complete: 134ms
02-22 10:50:25.839   649   664 V HistoricalRegistry: Interaction before persistence initialized
02-22 10:50:25.841   649   682 I ActivityManager: Connection with lmkd established
02-22 10:50:25.848   649   649 D SystemServerTiming: SetSystemProcess took to complete: 41ms
02-22 10:50:25.848   649   649 I SystemServerTiming: InitWatchdog
02-22 10:50:25.848   649   649 D SystemServerTiming: InitWatchdog took to complete: 0ms
02-22 10:50:25.849   649   649 I SystemServerTiming: StartOverlayManagerService
02-22 10:50:25.870     0     0 I init    : Control message: Processed ctl.start for 'idmap2d' from pid: 649 (system_server)
02-22 10:50:25.882   649   649 D SystemServerTiming: StartOverlayManagerService took to complete: 33ms
02-22 10:50:25.882   649   649 I SystemServerTiming: StartSensorPrivacyService
02-22 10:50:25.887   649   649 D SystemServerTiming: StartSensorPrivacyService took to complete: 5ms
02-22 10:50:25.887   649   649 I SystemServerTiming: StartSensorService
02-22 10:50:25.887   649   649 I SystemServiceManager: Starting com.android.server.sensors.SensorService
02-22 10:50:25.887   649   649 D SystemServerTiming: StartSensorService took to complete: 0ms
02-22 10:50:25.887   649   649 D SystemServerTiming: startBootstrapServices took to complete: 1002ms
02-22 10:50:25.888   649   649 I SystemServerTiming: startCoreServices
02-22 10:50:25.888   649   649 I SystemServerTiming: StartSystemConfigService
02-22 10:50:25.888   649   649 I SystemServiceManager: Starting com.android.server.SystemConfigService
02-22 10:50:25.889   649   676 I SystemServerTimingAsync: InitThreadPoolExec:StartNativeSensorService
02-22 10:50:25.889   649   676 D SystemServerInitThreadPool: Started executing StartNativeSensorService
02-22 10:50:25.889   649   676 I SystemServerTimingAsync: StartNativeSensorService
02-22 10:50:25.889   649   649 D SystemServerTiming: StartSystemConfigService took to complete: 1ms
02-22 10:50:25.889   649   649 I SystemServerTiming: StartBatteryService
02-22 10:50:25.890   649   649 I SystemServiceManager: Starting com.android.server.BatteryService
02-22 10:50:25.903   649   676 V HistoricalRegistry: Interaction before persistence initialized
02-22 10:50:25.905   649   649 I HealthServiceWrapper: health: HealthServiceWrapper listening to instance default
02-22 10:50:25.905   649   676 D SystemServerTimingAsync: StartNativeSensorService took to complete: 16ms
02-22 10:50:25.906   649   676 D SystemServerInitThreadPool: Finished executing StartNativeSensorService
02-22 10:50:25.906   649   676 D SystemServerTimingAsync: InitThreadPoolExec:StartNativeSensorService took to complete: 17ms
02-22 10:50:25.908   649   649 I BatteryService: health: Waited 3ms and received the update.
