02-22 10:50:27.533   649   649 D SystemServerTiming: OnBootPhase_480_com.android.server.media.metrics.MediaMetricsManagerService took to complete: 0ms
02-22 10:50:27.533   649   649 I SystemServerTiming: OnBootPhase_480_com.android.server.media.projection.MediaProjectionManagerService
02-22 10:50:27.533   649   649 D SystemServerTiming: OnBootPhase_480_com.android.server.media.projection.MediaProjectionManagerService took to complete: 0ms
02-22 10:50:27.533   649   649 I SystemServerTiming: OnBootPhase_480_com.android.server.slice.SliceManagerService$Lifecycle
02-22 10:50:27.533   649   649 D SystemServerTiming: OnBootPhase_480_com.android.server.slice.SliceManagerService$Lifecycle took to complete: 0ms
02-22 10:50:27.533   649   649 I SystemServerTiming: OnBootPhase_480_com.android.server.stats.StatsCompanion$Lifecycle
02-22 10:50:27.533   649   649 D SystemServerTiming: OnBootPhase_480_com.android.server.stats.StatsCompanion$Lifecycle took to complete: 0ms
02-22 10:50:27.533   649   649 I SystemServerTiming: OnBootPhase_480_com.android.server.scheduling.RebootReadinessManagerService$Lifecycle
02-22 10:50:27.533   649   649 D SystemServerTiming: OnBootPhase_480_com.android.server.scheduling.RebootReadinessManagerService$Lifecycle took to complete: 0ms
02-22 10:50:27.533   649   649 I SystemServerTiming: OnBootPhase_480_com.android.server.stats.pull.StatsPullAtomService
02-22 10:50:27.533   649   649 D SystemServerTiming: OnBootPhase_480_com.android.server.stats.pull.StatsPullAtomService took to complete: 0ms
02-22 10:50:27.533   649   649 I SystemServerTiming: OnBootPhase_480_com.android.server.incident.IncidentCompanionService
02-22 10:50:27.533   649   649 D SystemServerTiming: OnBootPhase_480_com.android.server.incident.IncidentCompanionService took to complete: 0ms
02-22 10:50:27.533   649   649 I SystemServerTiming: OnBootPhase_480_com.android.server.MmsServiceBroker
02-22 10:50:27.533   649   649 D SystemServerTiming: OnBootPhase_480_com.android.server.MmsServiceBroker took to complete: 0ms
02-22 10:50:27.533   649   649 I SystemServerTiming: OnBootPhase_480_com.android.server.autofill.AutofillManagerService
02-22 10:50:27.533   649   649 D SystemServerTiming: OnBootPhase_480_com.android.server.autofill.AutofillManagerService took to complete: 0ms
02-22 10:50:27.533   649   649 I SystemServerTiming: OnBootPhase_480_com.android.server.clipboard.ClipboardService
02-22 10:50:27.533   649   649 D SystemServerTiming: OnBootPhase_480_com.android.server.clipboard.ClipboardService took to complete: 0ms
02-22 10:50:27.533   649   649 I SystemServerTiming: OnBootPhase_480_com.android.server.appbinding.AppBindingService$Lifecycle
02-22 10:50:27.533   649   649 D SystemServerTiming: OnBootPhase_480_com.android.server.appbinding.AppBindingService$Lifecycle took to complete: 0ms
02-22 10:50:27.533   649   649 I SystemServerTiming: OnBootPhase_480_com.android.server.tracing.TracingServiceProxy
02-22 10:50:27.533   649   649 D SystemServerTiming: OnBootPhase_480_com.android.server.tracing.TracingServiceProxy took to complete: 0ms
02-22 10:50:27.533   649   649 D SystemServerTiming: OnBootPhase_480 took to complete: 93ms
02-22 10:50:27.533   649   649 D SystemServerTiming: StartBootPhaseLockSettingsReady took to complete: 93ms
02-22 10:50:27.533   649   649 I SystemServerTiming: StartBootPhaseSystemServicesReady
02-22 10:50:27.533   649   649 I SystemServiceManager: Starting phase 500
02-22 10:50:27.533   649   649 I SystemServerTiming: OnBootPhase_500
02-22 10:50:27.533   649   649 I SystemServerTiming: OnBootPhase_500_com.android.server.security.FileIntegrityService
02-22 10:50:27.533   649   649 D SystemServerTiming: OnBootPhase_500_com.android.server.security.FileIntegrityService took to complete: 0ms
02-22 10:50:27.533   649   649 I SystemServerTiming: OnBootPhase_500_com.android.server.pm.Installer
02-22 10:50:27.533   649   649 D SystemServerTiming: OnBootPhase_500_com.android.server.pm.Installer took to complete: 0ms
02-22 10:50:27.533   649   649 I SystemServerTiming: OnBootPhase_500_com.android.server.os.DeviceIdentifiersPolicyService
02-22 10:50:27.533   649   649 D SystemServerTiming: OnBootPhase_500_com.android.server.os.DeviceIdentifiersPolicyService took to complete: 0ms
02-22 10:50:27.533   649   649 I SystemServerTiming: OnBootPhase_500_com.android.server.uri.UriGrantsManagerService$Lifecycle
02-22 10:50:27.533   649   649 D SystemServerTiming: OnBootPhase_500_com.android.server.uri.UriGrantsManagerService$Lifecycle took to complete: 0ms
02-22 10:50:27.533   649   649 I SystemServerTiming: OnBootPhase_500_com.android.server.powerstats.PowerStatsService
02-22 10:50:27.542   649   649 E StatsPullAtomCallbackImpl: Failed to init OnDevicePowerMeasurement puller
02-22 10:50:27.544   649   649 D SystemServerTiming: OnBootPhase_500_com.android.server.powerstats.PowerStatsService took to complete: 11ms
02-22 10:50:27.545   649   649 I SystemServerTiming: OnBootPhase_500_com.android.server.wm.ActivityTaskManagerService$Lifecycle
02-22 10:50:27.545   649   649 D SystemServerTiming: OnBootPhase_500_com.android.server.wm.ActivityTaskManagerService$Lifecycle took to complete: 0ms
02-22 10:50:27.546   649   649 I SystemServerTiming: OnBootPhase_500_com.android.server.am.ActivityManagerService$Lifecycle
02-22 10:50:27.567   649   649 D SystemServerTiming: OnBootPhase_500_com.android.server.am.ActivityManagerService$Lifecycle took to complete: 17ms
02-22 10:50:27.567   649   649 I SystemServerTiming: OnBootPhase_500_com.android.server.pm.DataLoaderManagerService
02-22 10:50:27.567   649   649 D SystemServerTiming: OnBootPhase_500_com.android.server.pm.DataLoaderManagerService took to complete: 0ms
02-22 10:50:27.567   649   649 I SystemServerTiming: OnBootPhase_500_com.android.server.power.PowerManagerService
02-22 10:50:27.567   649   649 D SystemServerTiming: OnBootPhase_500_com.android.server.power.PowerManagerService took to complete: 0ms
02-22 10:50:27.567   649   649 I SystemServerTiming: OnBootPhase_500_com.android.server.power.ThermalManagerService
02-22 10:50:27.567   649   649 D SystemServerTiming: OnBootPhase_500_com.android.server.power.ThermalManagerService took to complete: 0ms
02-22 10:50:27.567   649   649 I SystemServerTiming: OnBootPhase_500_com.android.server.power.hint.HintManagerService
02-22 10:50:27.567   649   649 V HintManagerService: Initializing HintManager service...
02-22 10:50:27.567   649   649 V HistoricalRegistry: Interaction before persistence initialized
02-22 10:50:27.567   649   649 D SystemServerTiming: OnBootPhase_500_com.android.server.power.hint.HintManagerService took to complete: 0ms
02-22 10:50:27.567   649   649 I SystemServerTiming: OnBootPhase_500_com.android.server.recoverysystem.RecoverySystemService$Lifecycle
02-22 10:50:27.567   649   649 D SystemServerTiming: OnBootPhase_500_com.android.server.recoverysystem.RecoverySystemService$Lifecycle took to complete: 0ms
02-22 10:50:27.567   649   649 I SystemServerTiming: OnBootPhase_500_com.android.server.lights.LightsService
02-22 10:50:27.567   649   649 D SystemServerTiming: OnBootPhase_500_com.android.server.lights.LightsService took to complete: 0ms
02-22 10:50:27.567   649   649 I SystemServerTiming: OnBootPhase_500_com.android.server.display.DisplayManagerService
02-22 10:50:27.567   649   649 D SystemServerTiming: OnBootPhase_500_com.android.server.display.DisplayManagerService took to complete: 0ms
02-22 10:50:27.567   649   649 I SystemServerTiming: OnBootPhase_500_com.android.server.pm.verify.domain.DomainVerificationService
02-22 10:50:27.567   649   649 D SystemServerTiming: OnBootPhase_500_com.android.server.pm.verify.domain.DomainVerificationService took to complete: 0ms
02-22 10:50:27.567   649   649 I SystemServerTiming: OnBootPhase_500_com.android.server.pm.PackageInstallerService$Lifecycle
02-22 10:50:27.567   649   649 D SystemServerTiming: OnBootPhase_500_com.android.server.pm.PackageInstallerService$Lifecycle took to complete: 0ms
02-22 10:50:27.567   649   649 I SystemServerTiming: OnBootPhase_500_com.android.server.pm.UserManagerService$LifeCycle
02-22 10:50:27.567   649   649 D SystemServerTiming: OnBootPhase_500_com.android.server.pm.UserManagerService$LifeCycle took to complete: 0ms
02-22 10:50:27.567   649   649 I SystemServerTiming: OnBootPhase_500_com.android.server.om.OverlayManagerService
02-22 10:50:27.567   649   649 D SystemServerTiming: OnBootPhase_500_com.android.server.om.OverlayManagerService took to complete: 0ms
02-22 10:50:27.567   649   649 I SystemServerTiming: OnBootPhase_500_com.android.server.SensorPrivacyService
02-22 10:50:27.573   649   649 D SystemServerTiming: OnBootPhase_500_com.android.server.SensorPrivacyService took to complete: 6ms
02-22 10:50:27.574   649   649 I SystemServerTiming: OnBootPhase_500_com.android.server.sensors.SensorService
02-22 10:50:27.574   649   649 D SystemServerTiming: OnBootPhase_500_com.android.server.sensors.SensorService took to complete: 0ms
02-22 10:50:27.574   649   649 I SystemServerTiming: OnBootPhase_500_com.android.server.SystemConfigService
02-22 10:50:27.574   649   649 D SystemServerTiming: OnBootPhase_500_com.android.server.SystemConfigService took to complete: 0ms
02-22 10:50:27.575   649   649 I SystemServerTiming: OnBootPhase_500_com.android.server.BatteryService
02-22 10:50:27.575   649   649 D SystemServerTiming: OnBootPhase_500_com.android.server.BatteryService took to complete: 0ms
02-22 10:50:27.576   649   649 I SystemServerTiming: OnBootPhase_500_com.android.server.usage.UsageStatsService
02-22 10:50:27.576   649   649 D AppStandbyController: Setting app idle enabled state
02-22 10:50:27.577   649   649 V HistoricalRegistry: Interaction before persistence initialized
02-22 10:50:27.578   649   649 D SystemServerTiming: OnBootPhase_500_com.android.server.usage.UsageStatsService took to complete: 2ms
02-22 10:50:27.578   649   649 I SystemServerTiming: OnBootPhase_500_com.android.server.webkit.WebViewUpdateService
02-22 10:50:27.578   649   649 D SystemServerTiming: OnBootPhase_500_com.android.server.webkit.WebViewUpdateService took to complete: 0ms
02-22 10:50:27.578   649   649 I SystemServerTiming: OnBootPhase_500_com.android.server.CachedDeviceStateService
02-22 10:50:27.578   649   649 D SystemServerTiming: OnBootPhase_500_com.android.server.CachedDeviceStateService took to complete: 0ms
02-22 10:50:27.579   649   649 I SystemServerTiming: OnBootPhase_500_com.android.server.BinderCallsStatsService$LifeCycle
02-22 10:50:27.580   649   649 D SystemServerTiming: OnBootPhase_500_com.android.server.BinderCallsStatsService$LifeCycle took to complete: 1ms
02-22 10:50:27.582   649   649 I SystemServerTiming: OnBootPhase_500_com.android.server.LooperStatsService$Lifecycle
02-22 10:50:27.585   649   649 D SystemServerTiming: OnBootPhase_500_com.android.server.LooperStatsService$Lifecycle took to complete: 2ms
02-22 10:50:27.585   649   649 I SystemServerTiming: OnBootPhase_500_com.android.server.rollback.RollbackManagerService
02-22 10:50:27.585   649   649 D SystemServerTiming: OnBootPhase_500_com.android.server.rollback.RollbackManagerService took to complete: 0ms
02-22 10:50:27.586   649   649 I SystemServerTiming: OnBootPhase_500_com.android.server.os.NativeTombstoneManagerService
02-22 10:50:27.586   649   649 D SystemServerTiming: OnBootPhase_500_com.android.server.os.NativeTombstoneManagerService took to complete: 0ms
02-22 10:50:27.587   649   649 I SystemServerTiming: OnBootPhase_500_com.android.server.os.BugreportManagerService
02-22 10:50:27.588   649   649 D SystemServerTiming: OnBootPhase_500_com.android.server.os.BugreportManagerService took to complete: 0ms
02-22 10:50:27.589   649   649 I SystemServerTiming: OnBootPhase_500_com.android.server.gpu.GpuService
02-22 10:50:27.589   649   649 D SystemServerTiming: OnBootPhase_500_com.android.server.gpu.GpuService took to complete: 0ms
02-22 10:50:27.590   649   649 I SystemServerTiming: OnBootPhase_500_com.android.server.security.KeyChainSystemService
02-22 10:50:27.591   649   649 D SystemServerTiming: OnBootPhase_500_com.android.server.security.KeyChainSystemService took to complete: 0ms
02-22 10:50:27.591   649   649 I SystemServerTiming: OnBootPhase_500_com.android.server.telecom.TelecomLoaderService
02-22 10:50:27.592   649   649 D SystemServerTiming: OnBootPhase_500_com.android.server.telecom.TelecomLoaderService took to complete: 0ms
02-22 10:50:27.592   649   649 I SystemServerTiming: OnBootPhase_500_com.android.server.accounts.AccountManagerService$Lifecycle
02-22 10:50:27.592   649   649 D SystemServerTiming: OnBootPhase_500_com.android.server.accounts.AccountManagerService$Lifecycle took to complete: 0ms
02-22 10:50:27.592   649   649 I SystemServerTiming: OnBootPhase_500_com.android.server.content.ContentService$Lifecycle
02-22 10:50:27.595   649   649 D SystemServerTiming: OnBootPhase_500_com.android.server.content.ContentService$Lifecycle took to complete: 0ms
02-22 10:50:27.595   649   649 I SystemServerTiming: OnBootPhase_500_com.android.server.DropBoxManagerService
02-22 10:50:27.597   649   649 D SystemServerTiming: OnBootPhase_500_com.android.server.DropBoxManagerService took to complete: 0ms
02-22 10:50:27.597   649   649 I SystemServerTiming: OnBootPhase_500_com.android.role.RoleService
02-22 10:50:27.598   649   649 D SystemServerTiming: OnBootPhase_500_com.android.role.RoleService took to complete: 0ms
02-22 10:50:27.598   649   649 I SystemServerTiming: OnBootPhase_500_com.android.server.vibrator.VibratorManagerService$Lifecycle
02-22 10:50:27.599   649   649 V VibratorManagerService: Initializing VibratorManager service...
02-22 10:50:27.601   649   649 V HistoricalRegistry: Interaction before persistence initialized
02-22 10:50:27.602   649   649 V VibratorManagerService: VibratorManager service initialized
02-22 10:50:27.604   649   649 D SystemServerTiming: OnBootPhase_500_com.android.server.vibrator.VibratorManagerService$Lifecycle took to complete: 5ms
02-22 10:50:27.605   649   649 I SystemServerTiming: OnBootPhase_500_com.android.server.alarm.AlarmManagerService
02-22 10:50:27.611   649   649 D SystemServerTiming: OnBootPhase_500_com.android.server.alarm.AlarmManagerService took to complete: 3ms
02-22 10:50:27.614   649   649 I SystemServerTiming: OnBootPhase_500_com.android.server.devicestate.DeviceStateManagerService
02-22 10:50:27.614   649   649 D SystemServerTiming: OnBootPhase_500_com.android.server.devicestate.DeviceStateManagerService took to complete: 0ms
02-22 10:50:27.615   649   649 I SystemServerTiming: OnBootPhase_500_com.android.server.camera.CameraServiceProxy
02-22 10:50:27.615   649   649 D SystemServerTiming: OnBootPhase_500_com.android.server.camera.CameraServiceProxy took to complete: 0ms
02-22 10:50:27.616   649   649 I SystemServerTiming: OnBootPhase_500_com.android.server.BluetoothService
02-22 10:50:27.617   649   649 D SystemServerTiming: OnBootPhase_500_com.android.server.BluetoothService took to complete: 1ms
02-22 10:50:27.617   649   649 I SystemServerTiming: OnBootPhase_500_com.android.server.connectivity.IpConnectivityMetrics
02-22 10:50:27.627   649   649 D SystemServerTiming: OnBootPhase_500_com.android.server.connectivity.IpConnectivityMetrics took to complete: 8ms
02-22 10:50:27.628   649   649 I SystemServerTiming: OnBootPhase_500_com.android.server.net.watchlist.NetworkWatchlistService$Lifecycle
02-22 10:50:27.628   649   649 D SystemServerTiming: OnBootPhase_500_com.android.server.net.watchlist.NetworkWatchlistService$Lifecycle took to complete: 0ms
02-22 10:50:27.629   649   649 I SystemServerTiming: OnBootPhase_500_com.android.server.PinnerService
02-22 10:50:27.630   649   649 D SystemServerTiming: OnBootPhase_500_com.android.server.PinnerService took to complete: 0ms
02-22 10:50:27.631   649   649 I SystemServerTiming: OnBootPhase_500_com.google.android.startop.iorap.IorapForwardingService
02-22 10:50:27.631   649   649 D SystemServerTiming: OnBootPhase_500_com.google.android.startop.iorap.IorapForwardingService took to complete: 0ms
02-22 10:50:27.632   649   649 I SystemServerTiming: OnBootPhase_500_com.android.server.integrity.AppIntegrityManagerService
02-22 10:50:27.632   649   649 D SystemServerTiming: OnBootPhase_500_com.android.server.integrity.AppIntegrityManagerService took to complete: 0ms
02-22 10:50:27.633   649   649 I SystemServerTiming: OnBootPhase_500_com.android.server.inputmethod.InputMethodManagerService$Lifecycle
02-22 10:50:27.633   649   649 D SystemServerTiming: OnBootPhase_500_com.android.server.inputmethod.InputMethodManagerService$Lifecycle took to complete: 0ms
02-22 10:50:27.634   649   649 I SystemServerTiming: OnBootPhase_500_com.android.server.accessibility.AccessibilityManagerService$Lifecycle
02-22 10:50:27.634   649   649 D SystemServerTiming: OnBootPhase_500_com.android.server.accessibility.AccessibilityManagerService$Lifecycle took to complete: 0ms
02-22 10:50:27.635   649   649 I SystemServerTiming: OnBootPhase_500_com.android.server.StorageManagerService$Lifecycle
02-22 10:50:27.637   649   649 D SystemServerTiming: OnBootPhase_500_com.android.server.StorageManagerService$Lifecycle took to complete: 2ms
02-22 10:50:27.638   649   649 I SystemServerTiming: OnBootPhase_500_com.android.server.usage.StorageStatsService$Lifecycle
02-22 10:50:27.638   649   649 D SystemServerTiming: OnBootPhase_500_com.android.server.usage.StorageStatsService$Lifecycle took to complete: 0ms
02-22 10:50:27.639   649   649 I SystemServerTiming: OnBootPhase_500_com.android.server.UiModeManagerService
02-22 10:50:27.643   649   649 I ActivityTaskManager: Config changes=200 {1.0 ?mcc?mnc [en_US] ldltr sw443dp w443dp h863dp 260dpi nrml long port finger qwerty/v/v -nav/h winConfig={ mBounds=Rect(0, 0 - 720, 1520) mAppBounds=Rect(0, 0 - 720, 1442) mMaxBounds=Rect(0, 0 - 720, 1520) mWindowingMode=fullscreen mDisplayWindowingMode=fullscreen mActivityType=undefined mAlwaysOnTop=undefined mRotation=ROTATION_0} s.6 ?fontWeightAdjustment}
02-22 10:50:27.645   649   649 I WindowManager: Override config changes=200 {1.0 ?mcc?mnc [en_US] ldltr sw443dp w443dp h863dp 260dpi nrml long port finger qwerty/v/v -nav/h winConfig={ mBounds=Rect(0, 0 - 720, 1520) mAppBounds=Rect(0, 0 - 720, 1442) mMaxBounds=Rect(0, 0 - 720, 1520) mWindowingMode=fullscreen mDisplayWindowingMode=fullscreen mActivityType=undefined mAlwaysOnTop=undefined mRotation=ROTATION_0} s.6 ?fontWeightAdjustment} for displayId=0
02-22 10:50:27.657   649   649 D SystemServerTiming: OnBootPhase_500_com.android.server.UiModeManagerService took to complete: 18ms
02-22 10:50:27.657   649   649 I SystemServerTiming: OnBootPhase_500_com.android.server.locksettings.LockSettingsService$Lifecycle
02-22 10:50:27.658   649   649 D SystemServerTiming: OnBootPhase_500_com.android.server.locksettings.LockSettingsService$Lifecycle took to complete: 0ms
02-22 10:50:27.659   649   649 I SystemServerTiming: OnBootPhase_500_com.android.server.testharness.TestHarnessModeService
02-22 10:50:27.659   649   649 D TestHarnessModeService: Setting up test harness mode
02-22 10:50:27.660   649   649 D TestHarnessModeService: Getting PersistentDataBlockManagerInternal from LocalServices
02-22 10:50:27.660   649   649 E TestHarnessModeService: Failed to start Test Harness Mode; no implementation of PersistentDataBlockManagerInternal was bound!
02-22 10:50:27.662   649   649 D SystemServerTiming: OnBootPhase_500_com.android.server.testharness.TestHarnessModeService took to complete: 2ms
02-22 10:50:27.662   649   649 I SystemServerTiming: OnBootPhase_500_com.android.server.DeviceIdleController
02-22 10:50:27.666   649   649 V HistoricalRegistry: Interaction before persistence initialized
02-22 10:50:27.667   649   649 D SystemServerTiming: OnBootPhase_500_com.android.server.DeviceIdleController took to complete: 4ms
02-22 10:50:27.668   649   649 I SystemServerTiming: OnBootPhase_500_com.android.server.devicepolicy.DevicePolicyManagerService$Lifecycle
02-22 10:50:27.668   649   649 D SystemServerTiming: OnBootPhase_500_com.android.server.devicepolicy.DevicePolicyManagerService$Lifecycle took to complete: 0ms
02-22 10:50:27.669   649   649 I SystemServerTiming: OnBootPhase_500_com.android.server.texttospeech.TextToSpeechManagerService
02-22 10:50:27.669   649   649 D SystemServerTiming: OnBootPhase_500_com.android.server.texttospeech.TextToSpeechManagerService took to complete: 0ms
02-22 10:50:27.670   649   649 I SystemServerTiming: OnBootPhase_500_com.android.server.speech.SpeechRecognitionManagerService
02-22 10:50:27.671   649   649 D SystemServerTiming: OnBootPhase_500_com.android.server.speech.SpeechRecognitionManagerService took to complete: 0ms
02-22 10:50:27.671   649   649 I SystemServerTiming: OnBootPhase_500_com.android.server.searchui.SearchUiManagerService
02-22 10:50:27.672   649   649 D SystemServerTiming: OnBootPhase_500_com.android.server.searchui.SearchUiManagerService took to complete: 0ms
02-22 10:50:27.672   649   649 I SystemServerTiming: OnBootPhase_500_com.android.server.smartspace.SmartspaceManagerService
02-22 10:50:27.673   649   649 D SystemServerTiming: OnBootPhase_500_com.android.server.smartspace.SmartspaceManagerService took to complete: 0ms
02-22 10:50:27.674   649   649 I SystemServerTiming: OnBootPhase_500_com.android.server.graphics.fonts.FontManagerService$Lifecycle
02-22 10:50:27.676   649   649 D SystemServerTiming: OnBootPhase_500_com.android.server.graphics.fonts.FontManagerService$Lifecycle took to complete: 0ms
02-22 10:50:27.676   649   649 I SystemServerTiming: OnBootPhase_500_com.android.server.textservices.TextServicesManagerService$Lifecycle
02-22 10:50:27.676   649   649 D SystemServerTiming: OnBootPhase_500_com.android.server.textservices.TextServicesManagerService$Lifecycle took to complete: 0ms
02-22 10:50:27.676   649   649 I SystemServerTiming: OnBootPhase_500_com.android.server.textclassifier.TextClassificationManagerService$Lifecycle
02-22 10:50:27.676   649   649 D SystemServerTiming: OnBootPhase_500_com.android.server.textclassifier.TextClassificationManagerService$Lifecycle took to complete: 0ms
02-22 10:50:27.677   649   649 I SystemServerTiming: OnBootPhase_500_com.android.server.NetworkScoreService$Lifecycle
02-22 10:50:27.678   649   649 D SystemServerTiming: OnBootPhase_500_com.android.server.NetworkScoreService$Lifecycle took to complete: 1ms
02-22 10:50:27.681   649   649 I SystemServerTiming: OnBootPhase_500_com.android.server.wifi.WifiService
02-22 10:50:27.685   649   649 D SystemServerTiming: OnBootPhase_500_com.android.server.wifi.WifiService took to complete: 4ms
02-22 10:50:27.686   649   649 I SystemServerTiming: OnBootPhase_500_com.android.server.wifi.scanner.WifiScanningService
02-22 10:50:27.693   649   649 D SystemServerTiming: OnBootPhase_500_com.android.server.wifi.scanner.WifiScanningService took to complete: 6ms
02-22 10:50:27.694   649   649 I SystemServerTiming: OnBootPhase_500_com.android.server.ethernet.EthernetService
02-22 10:50:27.722   649   649 D SystemServerTiming: OnBootPhase_500_com.android.server.ethernet.EthernetService took to complete: 27ms
02-22 10:50:27.723   649   649 I SystemServerTiming: OnBootPhase_500_com.android.server.ConnectivityServiceInitializer
02-22 10:50:27.724   649   649 D SystemServerTiming: OnBootPhase_500_com.android.server.ConnectivityServiceInitializer took to complete: 0ms
02-22 10:50:27.724   649   649 I SystemServerTiming: OnBootPhase_500_com.android.server.notification.NotificationManagerService
02-22 10:50:27.753   649   649 D SystemServerTiming: OnBootPhase_500_com.android.server.notification.NotificationManagerService took to complete: 27ms
02-22 10:50:27.754   649   649 I SystemServerTiming: OnBootPhase_500_com.android.server.storage.DeviceStorageMonitorService
02-22 10:50:27.755   649   649 D SystemServerTiming: OnBootPhase_500_com.android.server.storage.DeviceStorageMonitorService took to complete: 0ms
02-22 10:50:27.755   649   649 I SystemServerTiming: OnBootPhase_500_com.android.server.location.LocationManagerService$Lifecycle
02-22 10:50:27.760   649   649 V HistoricalRegistry: Interaction before persistence initialized
02-22 10:50:27.766   649   649 D SystemServerTiming: OnBootPhase_500_com.android.server.location.LocationManagerService$Lifecycle took to complete: 10ms
02-22 10:50:27.766   649   649 I SystemServerTiming: OnBootPhase_500_com.android.server.timedetector.TimeDetectorService$Lifecycle
02-22 10:50:27.767   649   649 D SystemServerTiming: OnBootPhase_500_com.android.server.timedetector.TimeDetectorService$Lifecycle took to complete: 0ms
02-22 10:50:27.767   649   649 I SystemServerTiming: OnBootPhase_500_com.android.server.timezonedetector.TimeZoneDetectorService$Lifecycle
02-22 10:50:27.768   649   649 D SystemServerTiming: OnBootPhase_500_com.android.server.timezonedetector.TimeZoneDetectorService$Lifecycle took to complete: 0ms
02-22 10:50:27.768   649   649 I SystemServerTiming: OnBootPhase_500_com.android.server.timezonedetector.location.LocationTimeZoneManagerService$Lifecycle
02-22 10:50:27.769   649   649 D SystemServerTiming: OnBootPhase_500_com.android.server.timezonedetector.location.LocationTimeZoneManagerService$Lifecycle took to complete: 0ms
02-22 10:50:27.769   649   649 I SystemServerTiming: OnBootPhase_500_com.android.server.search.SearchManagerService$Lifecycle
02-22 10:50:27.770   649   649 D SystemServerTiming: OnBootPhase_500_com.android.server.search.SearchManagerService$Lifecycle took to complete: 0ms
02-22 10:50:27.770   649   649 I SystemServerTiming: OnBootPhase_500_com.android.server.wallpaper.WallpaperManagerService$Lifecycle
02-22 10:50:27.771   649   649 D SystemServerTiming: OnBootPhase_500_com.android.server.wallpaper.WallpaperManagerService$Lifecycle took to complete: 0ms
02-22 10:50:27.771   649   649 I SystemServerTiming: OnBootPhase_500_com.android.server.audio.AudioService$Lifecycle
02-22 10:50:27.771   649   649 D SystemServerTiming: OnBootPhase_500_com.android.server.audio.AudioService$Lifecycle took to complete: 0ms
02-22 10:50:27.772   649   649 I SystemServerTiming: OnBootPhase_500_com.android.server.soundtrigger_middleware.SoundTriggerMiddlewareService$Lifecycle
02-22 10:50:27.772   649   649 D SystemServerTiming: OnBootPhase_500_com.android.server.soundtrigger_middleware.SoundTriggerMiddlewareService$Lifecycle took to complete: 0ms
02-22 10:50:27.773   649   649 I SystemServerTiming: OnBootPhase_500_com.android.server.DockObserver
02-22 10:50:27.774   649   649 D SystemServerTiming: OnBootPhase_500_com.android.server.DockObserver took to complete: 0ms
02-22 10:50:27.775   649   649 I SystemServerTiming: OnBootPhase_500_com.android.server.adb.AdbService$Lifecycle
02-22 10:50:27.775   649   649 D SystemServerTiming: OnBootPhase_500_com.android.server.adb.AdbService$Lifecycle took to complete: 0ms
02-22 10:50:27.775   649   649 I SystemServerTiming: OnBootPhase_500_com.android.server.usb.UsbService$Lifecycle
02-22 10:50:27.779   649   649 D SystemServerTiming: OnBootPhase_500_com.android.server.usb.UsbService$Lifecycle took to complete: 0ms
02-22 10:50:27.780   649   649 I SystemServerTiming: OnBootPhase_500_com.android.server.twilight.TwilightService
02-22 10:50:27.780   649   649 D SystemServerTiming: OnBootPhase_500_com.android.server.twilight.TwilightService took to complete: 0ms
02-22 10:50:27.781   649   649 I SystemServerTiming: OnBootPhase_500_com.android.server.display.color.ColorDisplayService
02-22 10:50:27.782   649   649 D SystemServerTiming: OnBootPhase_500_com.android.server.display.color.ColorDisplayService took to complete: 0ms
02-22 10:50:27.785   649   649 I SystemServerTiming: OnBootPhase_500_com.android.server.job.JobSchedulerService
02-22 10:50:27.794   649   649 V HistoricalRegistry: Interaction before persistence initialized
02-22 10:50:27.805   649   649 D SystemServerTiming: OnBootPhase_500_com.android.server.job.JobSchedulerService took to complete: 20ms
02-22 10:50:27.807   649   649 I SystemServerTiming: OnBootPhase_500_com.android.server.soundtrigger.SoundTriggerService
02-22 10:50:27.807   649   649 D SoundTriggerService: onBootPhase: 500 : false
02-22 10:50:27.808   649   649 D SystemServerTiming: OnBootPhase_500_com.android.server.soundtrigger.SoundTriggerService took to complete: 1ms
02-22 10:50:27.808   649   649 I SystemServerTiming: OnBootPhase_500_com.android.server.trust.TrustManagerService
02-22 10:50:27.811   649   649 D SystemServerTiming: OnBootPhase_500_com.android.server.trust.TrustManagerService took to complete: 2ms
02-22 10:50:27.811   649   649 I SystemServerTiming: OnBootPhase_500_com.android.server.backup.BackupManagerService$Lifecycle
02-22 10:50:27.812   649   649 D SystemServerTiming: OnBootPhase_500_com.android.server.backup.BackupManagerService$Lifecycle took to complete: 0ms
02-22 10:50:27.813   649   649 I SystemServerTiming: OnBootPhase_500_com.android.server.appwidget.AppWidgetService
02-22 10:50:27.820   649   649 D SystemServerTiming: OnBootPhase_500_com.android.server.appwidget.AppWidgetService took to complete: 0ms
02-22 10:50:27.820   649   649 I SystemServerTiming: OnBootPhase_500_com.android.server.voiceinteraction.VoiceInteractionManagerService
02-22 10:50:27.821   649   649 D SystemServerTiming: OnBootPhase_500_com.android.server.voiceinteraction.VoiceInteractionManagerService took to complete: 0ms
02-22 10:50:27.821   649   649 I SystemServerTiming: OnBootPhase_500_com.android.server.apphibernation.AppHibernationService
02-22 10:50:27.822   649   649 D SystemServerTiming: OnBootPhase_500_com.android.server.apphibernation.AppHibernationService took to complete: 0ms
02-22 10:50:27.823   649   649 I SystemServerTiming: OnBootPhase_500_com.android.server.GestureLauncherService
02-22 10:50:27.823   649   649 D SystemServerTiming: OnBootPhase_500_com.android.server.GestureLauncherService took to complete: 0ms
02-22 10:50:27.823   649   649 I SystemServerTiming: OnBootPhase_500_com.android.server.SensorNotificationService
02-22 10:50:27.823   649   649 D SystemServerTiming: OnBootPhase_500_com.android.server.SensorNotificationService took to complete: 0ms
02-22 10:50:27.823   649   649 I SystemServerTiming: OnBootPhase_500_com.android.server.emergency.EmergencyAffordanceService
02-22 10:50:27.823   649   649 D SystemServerTiming: OnBootPhase_500_com.android.server.emergency.EmergencyAffordanceService took to complete: 0ms
02-22 10:50:27.824   649   649 I SystemServerTiming: OnBootPhase_500_com.android.server.blob.BlobStoreManagerService
02-22 10:50:27.824   649   649 D SystemServerTiming: OnBootPhase_500_com.android.server.blob.BlobStoreManagerService took to complete: 0ms
02-22 10:50:27.824   649   649 I SystemServerTiming: OnBootPhase_500_com.android.server.dreams.DreamManagerService
02-22 10:50:27.824   649   649 D SystemServerTiming: OnBootPhase_500_com.android.server.dreams.DreamManagerService took to complete: 0ms
02-22 10:50:27.824   649   649 I SystemServerTiming: OnBootPhase_500_com.android.server.print.PrintManagerService
02-22 10:50:27.824   649   649 D SystemServerTiming: OnBootPhase_500_com.android.server.print.PrintManagerService took to complete: 0ms
02-22 10:50:27.824   649   649 I SystemServerTiming: OnBootPhase_500_com.android.server.companion.CompanionDeviceManagerService
02-22 10:50:27.825   649   649 I CompanionDeviceManagerService: initBleScanning()
02-22 10:50:27.826   649   649 D SystemServerTiming: OnBootPhase_500_com.android.server.companion.CompanionDeviceManagerService took to complete: 2ms
02-22 10:50:27.826   649   649 I SystemServerTiming: OnBootPhase_500_com.android.server.restrictions.RestrictionsManagerService
02-22 10:50:27.826   649   649 D SystemServerTiming: OnBootPhase_500_com.android.server.restrictions.RestrictionsManagerService took to complete: 0ms
02-22 10:50:27.826   649   649 I SystemServerTiming: OnBootPhase_500_com.android.server.media.MediaSessionService
02-22 10:50:27.826   649   649 D SystemServerTiming: OnBootPhase_500_com.android.server.media.MediaSessionService took to complete: 0ms
02-22 10:50:27.827   649   649 I SystemServerTiming: OnBootPhase_500_com.android.server.media.MediaResourceMonitorService
02-22 10:50:27.827   649   649 D SystemServerTiming: OnBootPhase_500_com.android.server.media.MediaResourceMonitorService took to complete: 0ms
02-22 10:50:27.827   649   649 I SystemServerTiming: OnBootPhase_500_com.android.server.biometrics.BiometricService
02-22 10:50:27.827   649   649 D SystemServerTiming: OnBootPhase_500_com.android.server.biometrics.BiometricService took to complete: 0ms
02-22 10:50:27.827   649   649 I SystemServerTiming: OnBootPhase_500_com.android.server.biometrics.AuthService
02-22 10:50:27.827   649   649 D SystemServerTiming: OnBootPhase_500_com.android.server.biometrics.AuthService took to complete: 0ms
02-22 10:50:27.829   649   649 I SystemServerTiming: OnBootPhase_500_com.android.server.pm.ShortcutService$Lifecycle
02-22 10:50:27.829   649   649 D SystemServerTiming: OnBootPhase_500_com.android.server.pm.ShortcutService$Lifecycle took to complete: 0ms
02-22 10:50:27.829   649   649 I SystemServerTiming: OnBootPhase_500_com.android.server.pm.LauncherAppsService
02-22 10:50:27.831   649   649 D SystemServerTiming: OnBootPhase_500_com.android.server.pm.LauncherAppsService took to complete: 0ms
02-22 10:50:27.832   649   649 I SystemServerTiming: OnBootPhase_500_com.android.server.pm.CrossProfileAppsService
02-22 10:50:27.832   649   649 D SystemServerTiming: OnBootPhase_500_com.android.server.pm.CrossProfileAppsService took to complete: 0ms
02-22 10:50:27.834   649   649 I SystemServerTiming: OnBootPhase_500_com.android.server.people.PeopleService
02-22 10:50:27.837   649   649 D SystemServerTiming: OnBootPhase_500_com.android.server.people.PeopleService took to complete: 3ms
02-22 10:50:27.838   649   649 I SystemServerTiming: OnBootPhase_500_com.android.server.media.metrics.MediaMetricsManagerService
02-22 10:50:27.838   649   649 D SystemServerTiming: OnBootPhase_500_com.android.server.media.metrics.MediaMetricsManagerService took to complete: 0ms
02-22 10:50:27.839   649   649 I SystemServerTiming: OnBootPhase_500_com.android.server.media.projection.MediaProjectionManagerService
02-22 10:50:27.840   649   649 D SystemServerTiming: OnBootPhase_500_com.android.server.media.projection.MediaProjectionManagerService took to complete: 0ms
02-22 10:50:27.841   649   649 I SystemServerTiming: OnBootPhase_500_com.android.server.slice.SliceManagerService$Lifecycle
02-22 10:50:27.843   649   649 D SystemServerTiming: OnBootPhase_500_com.android.server.slice.SliceManagerService$Lifecycle took to complete: 0ms
02-22 10:50:27.845   649   649 I SystemServerTiming: OnBootPhase_500_com.android.server.stats.StatsCompanion$Lifecycle
02-22 10:50:27.846   649   649 D SystemServerTiming: OnBootPhase_500_com.android.server.stats.StatsCompanion$Lifecycle took to complete: 0ms
02-22 10:50:27.847   649   649 I SystemServerTiming: OnBootPhase_500_com.android.server.scheduling.RebootReadinessManagerService$Lifecycle
02-22 10:50:27.848   649   649 D SystemServerTiming: OnBootPhase_500_com.android.server.scheduling.RebootReadinessManagerService$Lifecycle took to complete: 0ms
02-22 10:50:27.848   649   649 I SystemServerTiming: OnBootPhase_500_com.android.server.stats.pull.StatsPullAtomService
02-22 10:50:27.857   649   649 D SystemServerTiming: OnBootPhase_500_com.android.server.stats.pull.StatsPullAtomService took to complete: 8ms
02-22 10:50:27.857   649   649 I SystemServerTiming: OnBootPhase_500_com.android.server.incident.IncidentCompanionService
02-22 10:50:27.859   649   649 D SystemServerTiming: OnBootPhase_500_com.android.server.incident.IncidentCompanionService took to complete: 0ms
02-22 10:50:27.860   649   649 I SystemServerTiming: OnBootPhase_500_com.android.server.MmsServiceBroker
02-22 10:50:27.860   649   649 D SystemServerTiming: OnBootPhase_500_com.android.server.MmsServiceBroker took to complete: 0ms
02-22 10:50:27.860   649   649 I SystemServerTiming: OnBootPhase_500_com.android.server.autofill.AutofillManagerService
02-22 10:50:27.860   649   649 D SystemServerTiming: OnBootPhase_500_com.android.server.autofill.AutofillManagerService took to complete: 0ms
02-22 10:50:27.860   649   649 I SystemServerTiming: OnBootPhase_500_com.android.server.clipboard.ClipboardService
02-22 10:50:27.861   649   649 D SystemServerTiming: OnBootPhase_500_com.android.server.clipboard.ClipboardService took to complete: 0ms
02-22 10:50:27.862   649   649 I SystemServerTiming: OnBootPhase_500_com.android.server.appbinding.AppBindingService$Lifecycle
02-22 10:50:27.863   649   679 E KernelCpuThreadReader: Failed to initialize KernelCpuThreadReader
02-22 10:50:27.863   649   679 E KernelCpuThreadReader: java.nio.file.NoSuchFileException: /proc/self/time_in_state
02-22 10:50:27.863   649   679 E KernelCpuThreadReader: 	at sun.nio.fs.UnixFileSystemProvider.newByteChannel(UnixFileSystemProvider.java:214)
02-22 10:50:27.863   649   679 E KernelCpuThreadReader: 	at java.nio.file.Files.newByteChannel(Files.java:361)
02-22 10:50:27.863   649   679 E KernelCpuThreadReader: 	at java.nio.file.Files.newByteChannel(Files.java:407)
02-22 10:50:27.863   649   679 E KernelCpuThreadReader: 	at java.nio.file.Files.readAllBytes(Files.java:3152)
02-22 10:50:27.863   649   679 E KernelCpuThreadReader: 	at com.android.internal.os.ProcTimeInStateReader.initializeTimeInStateFormat(ProcTimeInStateReader.java:159)
02-22 10:50:27.863   649   679 E KernelCpuThreadReader: 	at com.android.internal.os.ProcTimeInStateReader.<init>(ProcTimeInStateReader.java:106)
02-22 10:50:27.863   649   679 E KernelCpuThreadReader: 	at com.android.internal.os.KernelCpuThreadReader.<init>(KernelCpuThreadReader.java:138)
02-22 10:50:27.863   649   679 E KernelCpuThreadReader: 	at com.android.internal.os.KernelCpuThreadReader.create(KernelCpuThreadReader.java:151)
02-22 10:50:27.863   649   679 E KernelCpuThreadReader: 	at com.android.internal.os.KernelCpuThreadReaderSettingsObserver.<init>(KernelCpuThreadReaderSettingsObserver.java:95)
02-22 10:50:27.863   649   679 E KernelCpuThreadReader: 	at com.android.internal.os.KernelCpuThreadReaderSettingsObserver.getSettingsModifiedReader(KernelCpuThreadReaderSettingsObserver.java:80)
02-22 10:50:27.863   649   679 E KernelCpuThreadReader: 	at com.android.server.stats.pull.StatsPullAtomService.initializePullersState(StatsPullAtomService.java:798)
02-22 10:50:27.863   649   679 E KernelCpuThreadReader: 	at com.android.server.stats.pull.StatsPullAtomService.lambda$onBootPhase$0$StatsPullAtomService(StatsPullAtomService.java:757)
02-22 10:50:27.863   649   679 E KernelCpuThreadReader: 	at com.android.server.stats.pull.StatsPullAtomService$$ExternalSyntheticLambda14.run(Unknown Source:2)
02-22 10:50:27.863   649   679 E KernelCpuThreadReader: 	at android.os.Handler.handleCallback(Handler.java:938)
02-22 10:50:27.863   649   679 E KernelCpuThreadReader: 	at android.os.Handler.dispatchMessage(Handler.java:99)
02-22 10:50:27.863   649   679 E KernelCpuThreadReader: 	at android.os.Looper.loopOnce(Looper.java:201)
02-22 10:50:27.863   649   679 E KernelCpuThreadReader: 	at android.os.Looper.loop(Looper.java:288)
02-22 10:50:27.863   649   679 E KernelCpuThreadReader: 	at android.os.HandlerThread.run(HandlerThread.java:67)
02-22 10:50:27.866   649   649 D SystemServerTiming: OnBootPhase_500_com.android.server.appbinding.AppBindingService$Lifecycle took to complete: 0ms
02-22 10:50:27.870   649   649 I SystemServerTiming: OnBootPhase_500_com.android.server.tracing.TracingServiceProxy
02-22 10:50:27.873   649   649 D SystemServerTiming: OnBootPhase_500_com.android.server.tracing.TracingServiceProxy took to complete: 0ms
02-22 10:50:27.873   649   649 D SystemServerTiming: OnBootPhase_500 took to complete: 340ms
02-22 10:50:27.874   649   649 D SystemServerTiming: StartBootPhaseSystemServicesReady took to complete: 341ms
02-22 10:50:27.875   649   649 I SystemServerTiming: MakeWindowManagerServiceReady
02-22 10:50:27.881   649   679 I HealthServiceWrapper: health: HealthServiceWrapper listening to instance default
02-22 10:50:27.883   649   679 D StatsPullAtomService: Registering pullers with statsd
02-22 10:50:27.888   649   679 I StatsPullAtomService: register thermal listener successfully
02-22 10:50:27.899   649   649 D SystemServerTiming: MakeWindowManagerServiceReady took to complete: 23ms
02-22 10:50:27.901   649   649 I SystemServerTiming: MakePowerManagerServiceReady
02-22 10:50:27.903   649   649 I AttentionDetector: readValuesFromDeviceConfig():
02-22 10:50:27.903   649   649 I AttentionDetector: mMaximumExtensionMillis=900000
02-22 10:50:27.903   649   649 I AttentionDetector: mPreDimCheckDurationMillis=2000
02-22 10:50:27.903   649   649 I AttentionDetector: mRequestedPostDimTimeoutMillis=0
02-22 10:50:27.914   649   649 E DisplayPowerController[0]: failed to set up display white-balance: java.lang.IllegalStateException: cannot find sensor com.google.sensor.color
02-22 10:50:27.920   649   649 W DisplayPowerController[0]: Screen brightness nits configuration is unavailable; falling back
02-22 10:50:27.943   649   691 W KeyguardServiceDelegate: onScreenTurningOn(): no keyguard service!
02-22 10:50:27.946   649   691 V DisplayPowerController[0]: Brightness [0.39763778] reason changing to: 'override', previous reason: '0'.
02-22 10:50:27.947   649   687 E KernelCpuSpeedReader: Failed to read cpu-freq: /sys/devices/system/cpu/cpu0/cpufreq/stats/time_in_state: open failed: ENOENT (No such file or directory)
02-22 10:50:27.954   649   649 I FaceDownDetector: readValuesFromDeviceConfig():
02-22 10:50:27.954   649   649 I FaceDownDetector: mAccelerationThreshold=0.2
02-22 10:50:27.954   649   649 I FaceDownDetector: mZAccelerationThreshold=-9.5
02-22 10:50:27.954   649   649 I FaceDownDetector: mTimeThreshold=PT1S
02-22 10:50:27.954   649   649 I FaceDownDetector: mIsEnabled=true
02-22 10:50:27.959   649   799 E DisplayDeviceConfig: requesting nits when no mapping exists.
02-22 10:50:27.960   649   672 I DisplayDeviceRepository: Display device changed state: "Built-in Screen", ON
02-22 10:50:27.967   649   649 I ScreenUndimDetector: readValuesFromDeviceConfig():
02-22 10:50:27.967   649   649 I ScreenUndimDetector: mKeepScreenOnForMillis=600000
02-22 10:50:27.967   649   649 I ScreenUndimDetector: mKeepScreenOnNotificationEnabled=true
02-22 10:50:27.967   649   649 I ScreenUndimDetector: mUndimsRequired=2
02-22 10:50:27.973   649   649 D SystemServerTiming: MakePowerManagerServiceReady took to complete: 71ms
02-22 10:50:27.973   649   649 I SystemServerTiming: StartPermissionPolicyService
02-22 10:50:27.973   649   649 I SystemServiceManager: Starting com.android.server.policy.PermissionPolicyService
02-22 10:50:27.974   649   680 I DropBoxManagerService: add tag=system_server_wtf isTagEnabled=true flags=0x2
02-22 10:50:27.978   649   799 E DisplayDeviceConfig: requesting nits when no mapping exists.
02-22 10:50:27.982   411   411 I android.hardware.wifi@1.0-service: Wifi HAL started
02-22 10:50:27.984   649   649 D SystemServerTiming: StartPermissionPolicyService took to complete: 11ms
02-22 10:50:27.995   649   649 I SystemServerTiming: MakePackageManagerServiceReady
02-22 10:50:27.999   649   680 I DropBoxManagerService: add tag=system_server_wtf isTagEnabled=true flags=0x2
02-22 10:50:28.031   411   411 W android.hardware.wifi@1.0-service: No active wlan interfaces in use! Using default
02-22 10:50:28.031   411   411 E android.hardware.wifi@1.0-service: Unknown iface name: wlan0
02-22 10:50:28.031   411   411 E android.hardware.wifi@1.0-service: Unknown iface name: wlan0
02-22 10:50:28.034   411   411 I android.hardware.wifi@1.0-service: Adding interface handle for wlan0
02-22 10:50:28.034   411   411 W android.hardware.wifi@1.0-service: No active wlan interfaces in use! Using default
02-22 10:50:28.034   411   411 E android.hardware.wifi@1.0-service: Failed to register radio mode change callback
02-22 10:50:28.034   411   411 W android.hardware.wifi@1.0-service: No active wlan interfaces in use! Using default
02-22 10:50:28.034   411   411 I android.hardware.wifi@1.0-service: Configured chip in mode 0
02-22 10:50:28.034   411   411 W android.hardware.wifi@1.0-service: No active wlan interfaces in use! Using default
02-22 10:50:28.047   411   411 I android.hardware.wifi@1.0-service: Adding interface handle for wlan0
02-22 10:50:28.047   411   411 E android.hardware.wifi@1.0-service: Failed to set DFS flag; DFS channels may be unavailable.
02-22 10:50:28.069   514   514 I wificond: createClientInterface: wiphy_index 0 iface_name wlan0
02-22 10:50:28.078   514   514 I wificond: create scanner for interface with index: 7
02-22 10:50:28.079   514   514 I wificond: subscribe scan result for interface with index: 7
02-22 10:50:28.085   649   649 V UserDataPreparer: Found /data/user_de/0 with serial number 0
02-22 10:50:28.087   514   514 I wificond: add channel type 0 support at wiphy index: 0
02-22 10:50:28.088   514   514 I wificond: add channel type 1 support at wiphy index: 0
02-22 10:50:28.087   649   649 V UserDataPreparer: Found /data/user/0 with serial number 0
02-22 10:50:28.091   649   649 V UserDataPreparer: Found /data/system_de/0 with serial number 0
02-22 10:50:28.092   649   649 V UserDataPreparer: Found /data/system_ce/0 with serial number 0
02-22 10:50:28.092   649   649 V UserDataPreparer: Found /data/misc_ce/0 with serial number 0
02-22 10:50:28.098   649   649 I PackageManager: Permission ownership changed. Updating all permissions.
02-22 10:50:28.254     0     0 I init    : starting service 'wpa_supplicant'...
02-22 10:50:28.254     0     0 I init    : Created socket '/dev/socket/wpa_wlan0', mode 660, user 1010, group 1010
02-22 10:50:28.256     0     0 I init    : Control message: Processed ctl.interface_start for 'android.hardware.wifi.supplicant@1.0::ISupplicant/default' from pid: 114 (/system/bin/hwservicemanager)
02-22 10:50:28.244   649   649 D StagingManagerTiming: restoreSessions took to complete: 6ms
02-22 10:50:28.247   649   649 D SystemServerTiming: MakePackageManagerServiceReady took to complete: 251ms
02-22 10:50:28.248   649   649 I SystemServerTiming: MakeDisplayManagerServiceReady
02-22 10:50:28.256   649   649 D SystemServerTiming: MakeDisplayManagerServiceReady took to complete: 7ms
02-22 10:50:28.260   649   649 I SystemServerTiming: StartDeviceSpecificServices
02-22 10:50:28.262   649   649 D SystemServerTiming: StartDeviceSpecificServices took to complete: 0ms
02-22 10:50:28.262   649   649 I SystemServerTiming: GameManagerService
02-22 10:50:28.262   649   649 I SystemServiceManager: Starting com.android.server.app.GameManagerService$Lifecycle
02-22 10:50:28.270   649   649 D SystemServerTiming: GameManagerService took to complete: 8ms
02-22 10:50:28.270   649   649 I SystemServerTiming: StartBootPhaseDeviceSpecificServicesReady
02-22 10:50:28.274   649   649 I SystemServiceManager: Starting phase 520
02-22 10:50:28.275   649   649 I SystemServerTiming: OnBootPhase_520
02-22 10:50:28.278   649   649 I SystemServerTiming: OnBootPhase_520_com.android.server.security.FileIntegrityService
02-22 10:50:28.279   649   649 D SystemServerTiming: OnBootPhase_520_com.android.server.security.FileIntegrityService took to complete: 0ms
02-22 10:50:28.285   649   649 I SystemServerTiming: OnBootPhase_520_com.android.server.pm.Installer
02-22 10:50:28.286   649   649 D SystemServerTiming: OnBootPhase_520_com.android.server.pm.Installer took to complete: 0ms
02-22 10:50:28.289   649   649 I SystemServerTiming: OnBootPhase_520_com.android.server.os.DeviceIdentifiersPolicyService
02-22 10:50:28.289   649   649 D SystemServerTiming: OnBootPhase_520_com.android.server.os.DeviceIdentifiersPolicyService took to complete: 0ms
02-22 10:50:28.289   649   649 I SystemServerTiming: OnBootPhase_520_com.android.server.uri.UriGrantsManagerService$Lifecycle
02-22 10:50:28.289   649   649 D SystemServerTiming: OnBootPhase_520_com.android.server.uri.UriGrantsManagerService$Lifecycle took to complete: 0ms
02-22 10:50:28.289   649   649 I SystemServerTiming: OnBootPhase_520_com.android.server.powerstats.PowerStatsService
02-22 10:50:28.289   649   649 D SystemServerTiming: OnBootPhase_520_com.android.server.powerstats.PowerStatsService took to complete: 0ms
02-22 10:50:28.289   649   649 I SystemServerTiming: OnBootPhase_520_com.android.server.wm.ActivityTaskManagerService$Lifecycle
02-22 10:50:28.289   649   649 D SystemServerTiming: OnBootPhase_520_com.android.server.wm.ActivityTaskManagerService$Lifecycle took to complete: 0ms
02-22 10:50:28.290   649   649 I SystemServerTiming: OnBootPhase_520_com.android.server.am.ActivityManagerService$Lifecycle
02-22 10:50:28.290   649   649 D SystemServerTiming: OnBootPhase_520_com.android.server.am.ActivityManagerService$Lifecycle took to complete: 0ms
02-22 10:50:28.290   649   649 I SystemServerTiming: OnBootPhase_520_com.android.server.pm.DataLoaderManagerService
02-22 10:50:28.292   649   649 D SystemServerTiming: OnBootPhase_520_com.android.server.pm.DataLoaderManagerService took to complete: 0ms
02-22 10:50:28.295   649   649 I SystemServerTiming: OnBootPhase_520_com.android.server.power.PowerManagerService
02-22 10:50:28.296   649   649 D SystemServerTiming: OnBootPhase_520_com.android.server.power.PowerManagerService took to complete: 0ms
02-22 10:50:28.297   649   649 I SystemServerTiming: OnBootPhase_520_com.android.server.power.ThermalManagerService
02-22 10:50:28.301   649   649 D SystemServerTiming: OnBootPhase_520_com.android.server.power.ThermalManagerService took to complete: 0ms
02-22 10:50:28.301   649   649 I SystemServerTiming: OnBootPhase_520_com.android.server.power.hint.HintManagerService
02-22 10:50:28.302   649   649 D SystemServerTiming: OnBootPhase_520_com.android.server.power.hint.HintManagerService took to complete: 0ms
