02-22 10:50:30.590   649   687 W BatteryStatsImpl: Attempted to remove untracked isolated uid (1037)
02-22 10:50:30.594   649   649 V StorageManagerService: Package com.android.providers.calendar does not have legacy storage
02-22 10:50:30.594   649   649 V StorageManagerService: Package com.android.providers.media does not have legacy storage
02-22 10:50:30.595   649   649 V StorageManagerService: Package com.google.android.ext.shared does not have legacy storage
02-22 10:50:30.595   649   649 V StorageManagerService: Package com.android.internal.systemui.navbar.gestural_wide_back does not have legacy storage
02-22 10:50:30.595   649   649 V StorageManagerService: Package com.android.wallpapercropper does not have legacy storage
02-22 10:50:30.599   649   714 D CompatibilityChangeReporter: Compat change id reported: 157233955; UID 10071; state: ENABLED
02-22 10:50:30.600   649   649 V StorageManagerService: Package com.android.documentsui does not have legacy storage
02-22 10:50:30.600   649   649 V StorageManagerService: Package com.android.externalstorage does not have legacy storage
02-22 10:50:30.600   649   649 V StorageManagerService: Package com.android.htmlviewer does not have legacy storage
02-22 10:50:30.601   649   649 V StorageManagerService: Package com.android.companiondevicemanager does not have legacy storage
02-22 10:50:30.601   649   649 V StorageManagerService: Package com.android.quicksearchbox does not have legacy storage
02-22 10:50:30.601   649   649 V StorageManagerService: Package com.android.mms.service does not have legacy storage
02-22 10:50:30.601   649   649 V StorageManagerService: Package com.android.providers.downloads does not have legacy storage
02-22 10:50:30.603   649   649 V StorageManagerService: Package com.android.messaging has legacy storage
02-22 10:50:30.604   649   649 V StorageManagerService: Package com.android.internal.systemui.onehanded.gestural does not have legacy storage
02-22 10:50:30.604   649   649 V StorageManagerService: Package com.google.android.configupdater does not have legacy storage
02-22 10:50:30.648   649   724 I DropBoxManagerService: add tag=SYSTEM_TOMBSTONE_PROTO isTagEnabled=true flags=0x4
02-22 10:50:30.660   649   649 V StorageManagerService: Package com.vovakra2.Polflakona does not have legacy storage
02-22 10:50:30.670   649   649 V StorageManagerService: Package com.android.providers.downloads.ui does not have legacy storage
02-22 10:50:30.671   649   649 V StorageManagerService: Package com.android.vending does not have legacy storage
02-22 10:50:30.676   649   649 V StorageManagerService: Package com.android.pacprocessor does not have legacy storage
02-22 10:50:30.679   649   649 V StorageManagerService: Package com.android.simappdialog does not have legacy storage
02-22 10:50:30.691   649   649 V StorageManagerService: Package com.android.networkstack does not have legacy storage
02-22 10:50:30.692   649   649 V StorageManagerService: Package com.android.connectivity.resources does not have legacy storage
02-22 10:50:30.707   649   649 V StorageManagerService: Package com.android.internal.display.cutout.emulation.hole does not have legacy storage
02-22 10:50:30.708   649   649 V StorageManagerService: Package com.android.internal.display.cutout.emulation.tall does not have legacy storage
02-22 10:50:30.708   649   649 V StorageManagerService: Package com.android.modulemetadata does not have legacy storage
02-22 10:50:30.711   649   649 V StorageManagerService: Package com.android.certinstaller does not have legacy storage
02-22 10:50:30.713   649   649 V StorageManagerService: Package com.android.carrierconfig does not have legacy storage
02-22 10:50:30.715   649   649 V StorageManagerService: Package com.android.internal.systemui.navbar.threebutton does not have legacy storage
02-22 10:50:30.719   649   724 E NativeTombstoneManager: Tombstone's UID (1000) not an app, ignoring
02-22 10:50:30.720   649   724 I DropBoxManagerService: add tag=SYSTEM_TOMBSTONE_PROTO isTagEnabled=true flags=0x4
02-22 10:50:30.730   649   649 V StorageManagerService: Package com.genymotion.systempatcher does not have legacy storage
02-22 10:50:30.734   649   649 V StorageManagerService: Package android does not have legacy storage
02-22 10:50:30.735   649   649 V StorageManagerService: Package com.android.contacts does not have legacy storage
02-22 10:50:30.743   649   649 V StorageManagerService: Package com.android.camera2 does not have legacy storage
02-22 10:50:30.744   649   649 V StorageManagerService: Package com.android.egg does not have legacy storage
02-22 10:50:30.745   649   649 V StorageManagerService: Package com.android.mtp does not have legacy storage
02-22 10:50:30.752   649   649 V StorageManagerService: Package com.android.nfc does not have legacy storage
02-22 10:50:30.752   649   649 V StorageManagerService: Package com.android.ons does not have legacy storage
02-22 10:50:30.764   649   649 V StorageManagerService: Package com.android.launcher3 does not have legacy storage
02-22 10:50:30.765   649   649 V StorageManagerService: Package com.android.backupconfirm does not have legacy storage
02-22 10:50:30.766   649   649 V StorageManagerService: Package com.android.provision does not have legacy storage
02-22 10:50:30.768   649   649 V StorageManagerService: Package com.android.statementservice does not have legacy storage
02-22 10:50:30.770   649   649 V StorageManagerService: Package com.android.settings.intelligence does not have legacy storage
02-22 10:50:30.772   649   649 V StorageManagerService: Package com.android.calendar does not have legacy storage
02-22 10:50:30.776   649   649 V StorageManagerService: Package com.android.internal.systemui.navbar.gestural_extra_wide_back does not have legacy storage
02-22 10:50:30.802   649   649 V StorageManagerService: Package com.android.providers.settings does not have legacy storage
02-22 10:50:30.809   649   649 V StorageManagerService: Package com.android.sharedstoragebackup does not have legacy storage
02-22 10:50:30.810   649   649 V StorageManagerService: Package com.android.printspooler does not have legacy storage
02-22 10:50:30.815   649   649 V StorageManagerService: Package com.android.dreams.basic does not have legacy storage
02-22 10:50:30.815   649   649 V StorageManagerService: Package com.android.webview does not have legacy storage
02-22 10:50:30.818   649   649 V StorageManagerService: Package com.android.se does not have legacy storage
02-22 10:50:30.822   649   649 V StorageManagerService: Package com.android.inputdevices does not have legacy storage
02-22 10:50:30.823   649   649 V StorageManagerService: Package com.android.bips does not have legacy storage
02-22 10:50:30.823   649   649 V StorageManagerService: Package com.android.musicfx does not have legacy storage
02-22 10:50:30.825   649   649 V StorageManagerService: Package com.android.cellbroadcastreceiver does not have legacy storage
02-22 10:50:30.831   649   649 V StorageManagerService: Package android.ext.shared does not have legacy storage
02-22 10:50:30.832   649   649 V StorageManagerService: Package com.android.onetimeinitializer does not have legacy storage
02-22 10:50:30.835   649   724 E NativeTombstoneManager: Tombstone's UID (1000) not an app, ignoring
02-22 10:50:30.836   649   724 I DropBoxManagerService: add tag=SYSTEM_TOMBSTONE_PROTO isTagEnabled=true flags=0x4
02-22 10:50:30.847   649   649 V StorageManagerService: Package host.exp.exponent does not have legacy storage
02-22 10:50:30.850   649   649 V StorageManagerService: Package com.android.server.telecom does not have legacy storage
02-22 10:50:30.853   649   649 V StorageManagerService: Package com.google.android.syncadapters.contacts does not have legacy storage
02-22 10:50:30.855   649   649 V StorageManagerService: Package com.android.cellbroadcastservice does not have legacy storage
02-22 10:50:30.855   649   649 V StorageManagerService: Package com.android.keychain does not have legacy storage
02-22 10:50:30.860   649   649 V StorageManagerService: Package com.android.printservice.recommendation does not have legacy storage
02-22 10:50:30.860   649   649 V StorageManagerService: Package com.android.dialer does not have legacy storage
02-22 10:50:30.861   649   649 V StorageManagerService: Package com.android.gallery3d has legacy storage
02-22 10:50:30.861   649   649 V StorageManagerService: Package com.google.android.gms does not have legacy storage
02-22 10:50:30.861   649   649 V StorageManagerService: Package com.google.android.gsf does not have legacy storage
02-22 10:50:30.861   649   649 V StorageManagerService: Package android.ext.services does not have legacy storage
02-22 10:50:30.895   649   649 V StorageManagerService: Package com.android.wifi.resources does not have legacy storage
02-22 10:50:30.895   649   649 V StorageManagerService: Package com.android.calllogbackup does not have legacy storage
02-22 10:50:30.895   649   649 V StorageManagerService: Package com.android.cameraextensions does not have legacy storage
02-22 10:50:30.895   649   649 V StorageManagerService: Package com.android.localtransport does not have legacy storage
02-22 10:50:30.899   649   649 V StorageManagerService: Package com.android.packageinstaller does not have legacy storage
02-22 10:50:30.900   649   649 V StorageManagerService: Package com.android.carrierdefaultapp does not have legacy storage
02-22 10:50:30.902   649   649 V StorageManagerService: Package com.android.theme.font.notoserifsource does not have legacy storage
02-22 10:50:30.905   649   649 V StorageManagerService: Package com.android.proxyhandler does not have legacy storage
02-22 10:50:30.911   649   724 E NativeTombstoneManager: Tombstone's UID (1070) not an app, ignoring
02-22 10:50:30.914   649   724 I DropBoxManagerService: add tag=SYSTEM_TOMBSTONE_PROTO isTagEnabled=true flags=0x0
02-22 10:50:30.915   649   649 V StorageManagerService: Package com.android.internal.display.cutout.emulation.waterfall does not have legacy storage
02-22 10:50:30.915   649   649 V StorageManagerService: Package com.android.inputmethod.latin does not have legacy storage
02-22 10:50:30.915   649   649 V StorageManagerService: Package org.chromium.webview_shell does not have legacy storage
02-22 10:50:30.921   649   649 V StorageManagerService: Package com.android.managedprovisioning does not have legacy storage
02-22 10:50:30.948   649   724 E NativeTombstoneManager: Tombstone's UID (1002) not an app, ignoring
02-22 10:50:30.952   649   649 V StorageManagerService: Package com.android.networkstack.tethering does not have legacy storage
02-22 10:50:30.952   649   649 V StorageManagerService: Package com.android.soundpicker does not have legacy storage
02-22 10:50:30.952   649   649 V StorageManagerService: Package com.android.dreams.phototable does not have legacy storage
02-22 10:50:30.952   649   649 V StorageManagerService: Package com.android.smspush does not have legacy storage
02-22 10:50:30.952   649   649 V StorageManagerService: Package com.android.wallpaper.livepicker does not have legacy storage
02-22 10:50:30.952   649   649 V StorageManagerService: Package com.android.cellbroadcastreceiver.module does not have legacy storage
02-22 10:50:30.952   649   649 V StorageManagerService: Package com.android.imsserviceentitlement does not have legacy storage
02-22 10:50:30.952   649   649 V StorageManagerService: Package com.amaze.filemanager has legacy storage
02-22 10:50:30.952   649   649 V StorageManagerService: Package com.android.storagemanager does not have legacy storage
02-22 10:50:30.952   649   649 V StorageManagerService: Package com.genymotion.tasklocker does not have legacy storage
02-22 10:50:30.952   649   649 V StorageManagerService: Package com.android.bookmarkprovider does not have legacy storage
02-22 10:50:30.952   649   649 V StorageManagerService: Package com.android.settings does not have legacy storage
02-22 10:50:30.952   649   649 V StorageManagerService: Package com.android.networkstack.permissionconfig does not have legacy storage
02-22 10:50:30.952   649   649 V StorageManagerService: Package com.android.cts.ctsshim does not have legacy storage
02-22 10:50:30.952   649   649 V StorageManagerService: Package com.android.vpndialogs does not have legacy storage
02-22 10:50:30.952   649   649 V StorageManagerService: Package com.android.music has legacy storage
02-22 10:50:30.952   649   649 V StorageManagerService: Package com.android.phone does not have legacy storage
02-22 10:50:30.952   649   649 V StorageManagerService: Package com.android.shell does not have legacy storage
02-22 10:50:30.952   649   649 V StorageManagerService: Package com.android.wallpaperbackup does not have legacy storage
02-22 10:50:30.952   649   649 V StorageManagerService: Package com.android.providers.blockednumber does not have legacy storage
02-22 10:50:30.952   649   649 V StorageManagerService: Package com.android.providers.userdictionary does not have legacy storage
02-22 10:50:30.952   649   649 V StorageManagerService: Package com.android.providers.media.module does not have legacy storage
02-22 10:50:30.952   649   649 V StorageManagerService: Package com.android.emergency does not have legacy storage
02-22 10:50:30.952   649   649 V StorageManagerService: Package com.genymotion.genyd does not have legacy storage
02-22 10:50:30.952   649   649 V StorageManagerService: Package com.android.hotspot2.osulogin does not have legacy storage
02-22 10:50:30.953   649   649 V StorageManagerService: Package com.android.internal.systemui.navbar.gestural does not have legacy storage
02-22 10:50:30.953   649   649 V StorageManagerService: Package com.android.location.fused does not have legacy storage
02-22 10:50:30.953   649   649 V StorageManagerService: Package com.android.deskclock does not have legacy storage
02-22 10:50:30.953   649   649 V StorageManagerService: Package com.android.systemui does not have legacy storage
02-22 10:50:30.953   649   649 V StorageManagerService: Package com.android.bluetoothmidiservice does not have legacy storage
02-22 10:50:30.953   649   649 V StorageManagerService: Package com.genymotion.superuser does not have legacy storage
02-22 10:50:30.953   649   649 V StorageManagerService: Package com.android.permissioncontroller does not have legacy storage
02-22 10:50:30.953   649   649 V StorageManagerService: Package com.android.traceur does not have legacy storage
02-22 10:50:30.953   649   649 V StorageManagerService: Package com.android.bluetooth does not have legacy storage
02-22 10:50:30.953   649   649 V StorageManagerService: Package com.android.development does not have legacy storage
02-22 10:50:30.953   649   649 V StorageManagerService: Package com.android.wallpaperpicker does not have legacy storage
02-22 10:50:30.953   649   649 V StorageManagerService: Package com.android.providers.contacts does not have legacy storage
02-22 10:50:30.953   649   649 V StorageManagerService: Package com.android.captiveportallogin does not have legacy storage
02-22 10:50:30.953   649   649 V StorageManagerService: Package com.android.internal.systemui.navbar.gestural_narrow_back does not have legacy storage
02-22 10:50:30.953   649   649 W SystemServiceManager: Service com.android.server.StorageManagerService$Lifecycle took 425 ms in onStartUser-0
02-22 10:50:30.953   649   649 D SystemServerTiming: ssm.onStartUser-0_com.android.server.StorageManagerService$Lifecycle took to complete: 425ms
02-22 10:50:30.953   649   649 I SystemServerTiming: ssm.onStartUser-0_com.android.server.usage.StorageStatsService$Lifecycle
02-22 10:50:30.953   649   649 D SystemServerTiming: ssm.onStartUser-0_com.android.server.usage.StorageStatsService$Lifecycle took to complete: 0ms
02-22 10:50:30.953   649   649 I SystemServerTiming: ssm.onStartUser-0_com.android.server.UiModeManagerService
02-22 10:50:30.953   649   649 D SystemServerTiming: ssm.onStartUser-0_com.android.server.UiModeManagerService took to complete: 0ms
02-22 10:50:30.953   649   649 I SystemServerTiming: ssm.onStartUser-0_com.android.server.locksettings.LockSettingsService$Lifecycle
02-22 10:50:30.953   649   649 D SystemServerTiming: ssm.onStartUser-0_com.android.server.locksettings.LockSettingsService$Lifecycle took to complete: 0ms
02-22 10:50:30.953   649   649 I SystemServerTiming: ssm.onStartUser-0_com.android.server.testharness.TestHarnessModeService
02-22 10:50:30.953   649   649 D SystemServerTiming: ssm.onStartUser-0_com.android.server.testharness.TestHarnessModeService took to complete: 0ms
02-22 10:50:30.953   649   649 I SystemServerTiming: ssm.onStartUser-0_com.android.server.DeviceIdleController
02-22 10:50:30.953   649   649 D SystemServerTiming: ssm.onStartUser-0_com.android.server.DeviceIdleController took to complete: 0ms
02-22 10:50:30.953   649   649 I SystemServerTiming: ssm.onStartUser-0_com.android.server.devicepolicy.DevicePolicyManagerService$Lifecycle
02-22 10:50:30.954   649   649 D SystemServerTiming: ssm.onStartUser-0_com.android.server.devicepolicy.DevicePolicyManagerService$Lifecycle took to complete: 1ms
02-22 10:50:30.954   649   649 I SystemServerTiming: ssm.onStartUser-0_com.android.server.texttospeech.TextToSpeechManagerService
02-22 10:50:30.954   649   649 D SystemServerTiming: ssm.onStartUser-0_com.android.server.texttospeech.TextToSpeechManagerService took to complete: 0ms
02-22 10:50:30.954   649   649 I SystemServerTiming: ssm.onStartUser-0_com.android.server.speech.SpeechRecognitionManagerService
02-22 10:50:30.954   649   649 D SystemServerTiming: ssm.onStartUser-0_com.android.server.speech.SpeechRecognitionManagerService took to complete: 0ms
02-22 10:50:30.954   649   649 I SystemServerTiming: ssm.onStartUser-0_com.android.server.searchui.SearchUiManagerService
02-22 10:50:30.954   649   649 D SystemServerTiming: ssm.onStartUser-0_com.android.server.searchui.SearchUiManagerService took to complete: 0ms
02-22 10:50:30.954   649   649 I SystemServerTiming: ssm.onStartUser-0_com.android.server.smartspace.SmartspaceManagerService
02-22 10:50:30.954   649   649 D SystemServerTiming: ssm.onStartUser-0_com.android.server.smartspace.SmartspaceManagerService took to complete: 0ms
02-22 10:50:30.954   649   649 I SystemServerTiming: ssm.onStartUser-0_com.android.server.graphics.fonts.FontManagerService$Lifecycle
02-22 10:50:30.954   649   649 D SystemServerTiming: ssm.onStartUser-0_com.android.server.graphics.fonts.FontManagerService$Lifecycle took to complete: 0ms
02-22 10:50:30.954   649   649 I SystemServerTiming: ssm.onStartUser-0_com.android.server.textservices.TextServicesManagerService$Lifecycle
02-22 10:50:30.954   649   649 D SystemServerTiming: ssm.onStartUser-0_com.android.server.textservices.TextServicesManagerService$Lifecycle took to complete: 0ms
02-22 10:50:30.954   649   649 I SystemServerTiming: ssm.onStartUser-0_com.android.server.textclassifier.TextClassificationManagerService$Lifecycle
02-22 10:50:30.954   649   649 D SystemServerTiming: ssm.onStartUser-0_com.android.server.textclassifier.TextClassificationManagerService$Lifecycle took to complete: 0ms
02-22 10:50:30.954   649   649 I SystemServerTiming: ssm.onStartUser-0_com.android.server.NetworkScoreService$Lifecycle
02-22 10:50:30.954   649   649 D SystemServerTiming: ssm.onStartUser-0_com.android.server.NetworkScoreService$Lifecycle took to complete: 0ms
02-22 10:50:30.954   649   649 I SystemServerTiming: ssm.onStartUser-0_com.android.server.wifi.WifiService
02-22 10:50:30.954   649   649 D SystemServerTiming: ssm.onStartUser-0_com.android.server.wifi.WifiService took to complete: 0ms
02-22 10:50:30.954   649   649 I SystemServerTiming: ssm.onStartUser-0_com.android.server.wifi.scanner.WifiScanningService
02-22 10:50:30.954   649   649 D SystemServerTiming: ssm.onStartUser-0_com.android.server.wifi.scanner.WifiScanningService took to complete: 0ms
02-22 10:50:30.954   649   649 I SystemServerTiming: ssm.onStartUser-0_com.android.server.ethernet.EthernetService
02-22 10:50:30.954   649   649 D SystemServerTiming: ssm.onStartUser-0_com.android.server.ethernet.EthernetService took to complete: 0ms
02-22 10:50:30.954   649   649 I SystemServerTiming: ssm.onStartUser-0_com.android.server.ConnectivityServiceInitializer
02-22 10:50:30.954   649   649 D SystemServerTiming: ssm.onStartUser-0_com.android.server.ConnectivityServiceInitializer took to complete: 0ms
02-22 10:50:30.954   649   649 I SystemServerTiming: ssm.onStartUser-0_com.android.server.notification.NotificationManagerService
02-22 10:50:30.954   649   649 D SystemServerTiming: ssm.onStartUser-0_com.android.server.notification.NotificationManagerService took to complete: 0ms
02-22 10:50:30.954   649   649 I SystemServerTiming: ssm.onStartUser-0_com.android.server.storage.DeviceStorageMonitorService
02-22 10:50:30.954   649   649 D SystemServerTiming: ssm.onStartUser-0_com.android.server.storage.DeviceStorageMonitorService took to complete: 0ms
02-22 10:50:30.954   649   649 I SystemServerTiming: ssm.onStartUser-0_com.android.server.location.LocationManagerService$Lifecycle
02-22 10:50:30.955   649   649 D SystemServerTiming: ssm.onStartUser-0_com.android.server.location.LocationManagerService$Lifecycle took to complete: 1ms
02-22 10:50:30.955   649   649 I SystemServerTiming: ssm.onStartUser-0_com.android.server.timedetector.TimeDetectorService$Lifecycle
02-22 10:50:30.955   649   649 D SystemServerTiming: ssm.onStartUser-0_com.android.server.timedetector.TimeDetectorService$Lifecycle took to complete: 0ms
02-22 10:50:30.955   649   649 I SystemServerTiming: ssm.onStartUser-0_com.android.server.timezonedetector.TimeZoneDetectorService$Lifecycle
02-22 10:50:30.955   649   649 D SystemServerTiming: ssm.onStartUser-0_com.android.server.timezonedetector.TimeZoneDetectorService$Lifecycle took to complete: 0ms
02-22 10:50:30.955   649   649 I SystemServerTiming: ssm.onStartUser-0_com.android.server.timezonedetector.location.LocationTimeZoneManagerService$Lifecycle
02-22 10:50:30.955   649   649 D SystemServerTiming: ssm.onStartUser-0_com.android.server.timezonedetector.location.LocationTimeZoneManagerService$Lifecycle took to complete: 0ms
02-22 10:50:30.955   649   649 I SystemServerTiming: ssm.onStartUser-0_com.android.server.search.SearchManagerService$Lifecycle
02-22 10:50:30.955   649   649 D SystemServerTiming: ssm.onStartUser-0_com.android.server.search.SearchManagerService$Lifecycle took to complete: 0ms
02-22 10:50:30.955   649   649 I SystemServerTiming: ssm.onStartUser-0_com.android.server.wallpaper.WallpaperManagerService$Lifecycle
02-22 10:50:30.955   649   649 D SystemServerTiming: ssm.onStartUser-0_com.android.server.wallpaper.WallpaperManagerService$Lifecycle took to complete: 0ms
02-22 10:50:30.955   649   649 I SystemServerTiming: ssm.onStartUser-0_com.android.server.audio.AudioService$Lifecycle
02-22 10:50:30.955   649   649 D SystemServerTiming: ssm.onStartUser-0_com.android.server.audio.AudioService$Lifecycle took to complete: 0ms
02-22 10:50:30.955   649   649 I SystemServerTiming: ssm.onStartUser-0_com.android.server.soundtrigger_middleware.SoundTriggerMiddlewareService$Lifecycle
02-22 10:50:30.955   649   649 D SystemServerTiming: ssm.onStartUser-0_com.android.server.soundtrigger_middleware.SoundTriggerMiddlewareService$Lifecycle took to complete: 0ms
02-22 10:50:30.955   649   649 I SystemServerTiming: ssm.onStartUser-0_com.android.server.DockObserver
02-22 10:50:30.955   649   649 D SystemServerTiming: ssm.onStartUser-0_com.android.server.DockObserver took to complete: 0ms
02-22 10:50:30.955   649   649 I SystemServerTiming: ssm.onStartUser-0_com.android.server.adb.AdbService$Lifecycle
02-22 10:50:30.955   649   649 D SystemServerTiming: ssm.onStartUser-0_com.android.server.adb.AdbService$Lifecycle took to complete: 0ms
02-22 10:50:30.955   649   649 I SystemServerTiming: ssm.onStartUser-0_com.android.server.usb.UsbService$Lifecycle
02-22 10:50:30.955   649   649 D SystemServerTiming: ssm.onStartUser-0_com.android.server.usb.UsbService$Lifecycle took to complete: 0ms
02-22 10:50:30.955   649   649 I SystemServerTiming: ssm.onStartUser-0_com.android.server.twilight.TwilightService
02-22 10:50:30.955   649   649 D SystemServerTiming: ssm.onStartUser-0_com.android.server.twilight.TwilightService took to complete: 0ms
02-22 10:50:30.955   649   649 I SystemServerTiming: ssm.onStartUser-0_com.android.server.display.color.ColorDisplayService
02-22 10:50:30.955   649   649 D SystemServerTiming: ssm.onStartUser-0_com.android.server.display.color.ColorDisplayService took to complete: 0ms
02-22 10:50:30.955   649   649 I SystemServerTiming: ssm.onStartUser-0_com.android.server.job.JobSchedulerService
02-22 10:50:30.955   649   649 D SystemServerTiming: ssm.onStartUser-0_com.android.server.job.JobSchedulerService took to complete: 0ms
02-22 10:50:30.955   649   649 I SystemServerTiming: ssm.onStartUser-0_com.android.server.soundtrigger.SoundTriggerService
02-22 10:50:30.955   649   649 D SystemServerTiming: ssm.onStartUser-0_com.android.server.soundtrigger.SoundTriggerService took to complete: 0ms
02-22 10:50:30.955   649   649 I SystemServerTiming: ssm.onStartUser-0_com.android.server.trust.TrustManagerService
02-22 10:50:30.955   649   649 D SystemServerTiming: ssm.onStartUser-0_com.android.server.trust.TrustManagerService took to complete: 0ms
02-22 10:50:30.955   649   649 I SystemServerTiming: ssm.onStartUser-0_com.android.server.backup.BackupManagerService$Lifecycle
02-22 10:50:30.955   649   649 D SystemServerTiming: ssm.onStartUser-0_com.android.server.backup.BackupManagerService$Lifecycle took to complete: 0ms
02-22 10:50:30.955   649   649 I SystemServerTiming: ssm.onStartUser-0_com.android.server.appwidget.AppWidgetService
02-22 10:50:30.955   649   649 D SystemServerTiming: ssm.onStartUser-0_com.android.server.appwidget.AppWidgetService took to complete: 0ms
02-22 10:50:30.955   649   649 I SystemServerTiming: ssm.onStartUser-0_com.android.server.voiceinteraction.VoiceInteractionManagerService
02-22 10:50:30.956   649   649 W VoiceInteractionManager: no available voice recognition services found for user 0
02-22 10:50:30.956   649   649 D SystemServerTiming: ssm.onStartUser-0_com.android.server.voiceinteraction.VoiceInteractionManagerService took to complete: 1ms
02-22 10:50:30.956   649   649 I SystemServerTiming: ssm.onStartUser-0_com.android.server.apphibernation.AppHibernationService
02-22 10:50:30.956   649   649 D SystemServerTiming: ssm.onStartUser-0_com.android.server.apphibernation.AppHibernationService took to complete: 0ms
02-22 10:50:30.956   649   649 I SystemServerTiming: ssm.onStartUser-0_com.android.server.GestureLauncherService
02-22 10:50:30.956   649   649 D SystemServerTiming: ssm.onStartUser-0_com.android.server.GestureLauncherService took to complete: 0ms
02-22 10:50:30.956   649   649 I SystemServerTiming: ssm.onStartUser-0_com.android.server.SensorNotificationService
02-22 10:50:30.956   649   649 D SystemServerTiming: ssm.onStartUser-0_com.android.server.SensorNotificationService took to complete: 0ms
02-22 10:50:30.956   649   649 I SystemServerTiming: ssm.onStartUser-0_com.android.server.emergency.EmergencyAffordanceService
02-22 10:50:30.956   649   649 D SystemServerTiming: ssm.onStartUser-0_com.android.server.emergency.EmergencyAffordanceService took to complete: 0ms
02-22 10:50:30.956   649   649 I SystemServerTiming: ssm.onStartUser-0_com.android.server.blob.BlobStoreManagerService
02-22 10:50:30.956   649   649 D SystemServerTiming: ssm.onStartUser-0_com.android.server.blob.BlobStoreManagerService took to complete: 0ms
02-22 10:50:30.956   649   649 I SystemServerTiming: ssm.onStartUser-0_com.android.server.dreams.DreamManagerService
02-22 10:50:30.956   649   649 D SystemServerTiming: ssm.onStartUser-0_com.android.server.dreams.DreamManagerService took to complete: 0ms
02-22 10:50:30.956   649   649 I SystemServerTiming: ssm.onStartUser-0_com.android.server.print.PrintManagerService
02-22 10:50:30.956   649   649 D SystemServerTiming: ssm.onStartUser-0_com.android.server.print.PrintManagerService took to complete: 0ms
02-22 10:50:30.956   649   649 I SystemServerTiming: ssm.onStartUser-0_com.android.server.companion.CompanionDeviceManagerService
02-22 10:50:30.956   649   649 D SystemServerTiming: ssm.onStartUser-0_com.android.server.companion.CompanionDeviceManagerService took to complete: 0ms
02-22 10:50:30.956   649   649 I SystemServerTiming: ssm.onStartUser-0_com.android.server.restrictions.RestrictionsManagerService
02-22 10:50:30.956   649   649 D SystemServerTiming: ssm.onStartUser-0_com.android.server.restrictions.RestrictionsManagerService took to complete: 0ms
02-22 10:50:30.956   649   649 I SystemServerTiming: ssm.onStartUser-0_com.android.server.media.MediaSessionService
02-22 10:50:30.956   649   649 D SystemServerTiming: ssm.onStartUser-0_com.android.server.media.MediaSessionService took to complete: 0ms
02-22 10:50:30.956   649   649 I SystemServerTiming: ssm.onStartUser-0_com.android.server.media.MediaResourceMonitorService
02-22 10:50:30.956   649   649 D SystemServerTiming: ssm.onStartUser-0_com.android.server.media.MediaResourceMonitorService took to complete: 0ms
02-22 10:50:30.956   649   649 I SystemServerTiming: ssm.onStartUser-0_com.android.server.biometrics.BiometricService
02-22 10:50:30.956   649   649 D SystemServerTiming: ssm.onStartUser-0_com.android.server.biometrics.BiometricService took to complete: 0ms
02-22 10:50:30.956   649   649 I SystemServerTiming: ssm.onStartUser-0_com.android.server.biometrics.AuthService
02-22 10:50:30.956   649   649 D SystemServerTiming: ssm.onStartUser-0_com.android.server.biometrics.AuthService took to complete: 0ms
02-22 10:50:30.956   649   649 I SystemServerTiming: ssm.onStartUser-0_com.android.server.pm.ShortcutService$Lifecycle
02-22 10:50:30.956   649   649 D SystemServerTiming: ssm.onStartUser-0_com.android.server.pm.ShortcutService$Lifecycle took to complete: 0ms
02-22 10:50:30.956   649   649 I SystemServerTiming: ssm.onStartUser-0_com.android.server.pm.LauncherAppsService
02-22 10:50:30.956   649   649 D SystemServerTiming: ssm.onStartUser-0_com.android.server.pm.LauncherAppsService took to complete: 0ms
02-22 10:50:30.956   649   649 I SystemServerTiming: ssm.onStartUser-0_com.android.server.pm.CrossProfileAppsService
02-22 10:50:30.956   649   649 D SystemServerTiming: ssm.onStartUser-0_com.android.server.pm.CrossProfileAppsService took to complete: 0ms
02-22 10:50:30.956   649   649 I SystemServerTiming: ssm.onStartUser-0_com.android.server.people.PeopleService
02-22 10:50:30.956   649   649 D SystemServerTiming: ssm.onStartUser-0_com.android.server.people.PeopleService took to complete: 0ms
02-22 10:50:30.956   649   649 I SystemServerTiming: ssm.onStartUser-0_com.android.server.media.metrics.MediaMetricsManagerService
02-22 10:50:30.956   649   649 D SystemServerTiming: ssm.onStartUser-0_com.android.server.media.metrics.MediaMetricsManagerService took to complete: 0ms
02-22 10:50:30.956   649   649 I SystemServerTiming: ssm.onStartUser-0_com.android.server.media.projection.MediaProjectionManagerService
02-22 10:50:30.956   649   649 D SystemServerTiming: ssm.onStartUser-0_com.android.server.media.projection.MediaProjectionManagerService took to complete: 0ms
02-22 10:50:30.956   649   649 I SystemServerTiming: ssm.onStartUser-0_com.android.server.slice.SliceManagerService$Lifecycle
02-22 10:50:30.956   649   649 D SystemServerTiming: ssm.onStartUser-0_com.android.server.slice.SliceManagerService$Lifecycle took to complete: 0ms
02-22 10:50:30.956   649   649 I SystemServerTiming: ssm.onStartUser-0_com.android.server.stats.StatsCompanion$Lifecycle
02-22 10:50:30.956   649   649 D SystemServerTiming: ssm.onStartUser-0_com.android.server.stats.StatsCompanion$Lifecycle took to complete: 0ms
02-22 10:50:30.956   649   649 I SystemServerTiming: ssm.onStartUser-0_com.android.server.scheduling.RebootReadinessManagerService$Lifecycle
02-22 10:50:30.956   649   649 D SystemServerTiming: ssm.onStartUser-0_com.android.server.scheduling.RebootReadinessManagerService$Lifecycle took to complete: 0ms
02-22 10:50:30.956   649   649 I SystemServerTiming: ssm.onStartUser-0_com.android.server.stats.pull.StatsPullAtomService
02-22 10:50:30.956   649   649 D SystemServerTiming: ssm.onStartUser-0_com.android.server.stats.pull.StatsPullAtomService took to complete: 0ms
02-22 10:50:30.956   649   649 I SystemServerTiming: ssm.onStartUser-0_com.android.server.incident.IncidentCompanionService
02-22 10:50:30.956   649   649 D SystemServerTiming: ssm.onStartUser-0_com.android.server.incident.IncidentCompanionService took to complete: 0ms
02-22 10:50:30.956   649   649 I SystemServerTiming: ssm.onStartUser-0_com.android.server.MmsServiceBroker
02-22 10:50:30.956   649   649 D SystemServerTiming: ssm.onStartUser-0_com.android.server.MmsServiceBroker took to complete: 0ms
02-22 10:50:30.956   649   649 I SystemServerTiming: ssm.onStartUser-0_com.android.server.autofill.AutofillManagerService
02-22 10:50:30.956   649   649 D SystemServerTiming: ssm.onStartUser-0_com.android.server.autofill.AutofillManagerService took to complete: 0ms
02-22 10:50:30.957   649   649 I SystemServerTiming: ssm.onStartUser-0_com.android.server.clipboard.ClipboardService
02-22 10:50:30.957   649   649 D SystemServerTiming: ssm.onStartUser-0_com.android.server.clipboard.ClipboardService took to complete: 0ms
02-22 10:50:30.957   649   649 I SystemServerTiming: ssm.onStartUser-0_com.android.server.appbinding.AppBindingService$Lifecycle
02-22 10:50:30.957   649   649 D SystemServerTiming: ssm.onStartUser-0_com.android.server.appbinding.AppBindingService$Lifecycle took to complete: 0ms
02-22 10:50:30.957   649   649 I SystemServerTiming: ssm.onStartUser-0_com.android.server.tracing.TracingServiceProxy
02-22 10:50:30.957   649   649 D SystemServerTiming: ssm.onStartUser-0_com.android.server.tracing.TracingServiceProxy took to complete: 0ms
02-22 10:50:30.957   649   649 I SystemServerTiming: ssm.onStartUser-0_com.android.server.policy.PermissionPolicyService
02-22 10:50:30.957   649   649 D SystemServerTiming: ssm.onStartUser-0_com.android.server.policy.PermissionPolicyService took to complete: 0ms
02-22 10:50:30.957   649   649 I SystemServerTiming: ssm.onStartUser-0_com.android.server.pm.StagingManager$Lifecycle
02-22 10:50:30.957   649   649 D SystemServerTiming: ssm.onStartUser-0_com.android.server.pm.StagingManager$Lifecycle took to complete: 0ms
02-22 10:50:30.957   649   649 I SystemServerTiming: ssm.onStartUser-0_com.android.server.app.GameManagerService$Lifecycle
02-22 10:50:30.958   649   649 V GameManagerService: Settings file doesn't exists, skip reading
02-22 10:50:30.958   649   649 D SystemServerTiming: ssm.onStartUser-0_com.android.server.app.GameManagerService$Lifecycle took to complete: 1ms
02-22 10:50:30.958   649   649 I SystemServerTiming: ssm.onStartUser-0_com.android.server.appsearch.AppSearchManagerService
02-22 10:50:30.958   649   649 D SystemServerTiming: ssm.onStartUser-0_com.android.server.appsearch.AppSearchManagerService took to complete: 0ms
02-22 10:50:30.958   649   649 I SystemServerTiming: ssm.onStartUser-0_com.android.server.media.MediaCommunicationService
02-22 10:50:30.958   649   649 D SystemServerTiming: ssm.onStartUser-0_com.android.server.media.MediaCommunicationService took to complete: 0ms
02-22 10:50:30.958   649   649 D SystemServerTiming: ssm.StartUser-0 took to complete: 567ms
02-22 10:50:30.958   649   649 I SystemServerTiming: startPersistentApps
02-22 10:50:30.961   649   649 D CompatibilityChangeReporter: Compat change id reported: 135634846; UID 1068; state: DISABLED
02-22 10:50:30.967   649   649 D CompatibilityChangeReporter: Compat change id reported: 135634846; UID 1001; state: DISABLED
02-22 10:50:30.967   649   649 D CompatibilityChangeReporter: Compat change id reported: 177438394; UID 1001; state: DISABLED
02-22 10:50:30.967   649   649 D CompatibilityChangeReporter: Compat change id reported: 135772972; UID 1001; state: DISABLED
02-22 10:50:30.967   649   649 D CompatibilityChangeReporter: Compat change id reported: 135754954; UID 1001; state: ENABLED
02-22 10:50:30.967   649   649 D SystemServerTiming: startPersistentApps took to complete: 9ms
02-22 10:50:30.967   649   649 I SystemServerTiming: startHomeOnAllDisplays
02-22 10:50:30.968   649   649 I ActivityTaskManager: START u0 {act=android.intent.action.MAIN cat=[android.intent.category.HOME] flg=0x10000100 cmp=com.android.settings/.FallbackHome (has extras)} from uid 0
02-22 10:50:30.974   649   724 I DropBoxManagerService: add tag=SYSTEM_TOMBSTONE_PROTO isTagEnabled=true flags=0x4
02-22 10:50:31.013   649   679 D CountryDetector: Using custom country detector class: com.android.server.location.ComprehensiveCountryDetector
02-22 10:50:31.013   649   679 E CountryDetector: Could not instantiate the custom country detector class
02-22 10:50:31.013   649   679 D CountryDetector: Using default country detector
02-22 10:50:31.166   649   724 I DropBoxManagerService: add tag=SYSTEM_TOMBSTONE_PROTO isTagEnabled=true flags=0x4
02-22 10:50:31.230   649   649 D CompatibilityChangeReporter: Compat change id reported: 174042980; UID 1000; state: DISABLED
02-22 10:50:31.236   649   724 E NativeTombstoneManager: Tombstone's UID (0) not an app, ignoring
02-22 10:50:31.237   649   724 I DropBoxManagerService: add tag=SYSTEM_TOMBSTONE_PROTO isTagEnabled=true flags=0x0
02-22 10:50:31.246   649   649 D SystemServerTiming: startHomeOnAllDisplays took to complete: 279ms
02-22 10:50:31.247   649   649 I SystemServerTiming: showSystemReadyErrorDialogs
02-22 10:50:31.284   649   724 E NativeTombstoneManager: Tombstone's UID (1000) not an app, ignoring
02-22 10:50:31.285   649   724 I DropBoxManagerService: add tag=SYSTEM_TOMBSTONE_PROTO isTagEnabled=true flags=0x4
02-22 10:50:31.306   649   649 D SystemServerTiming: showSystemReadyErrorDialogs took to complete: 54ms
02-22 10:50:31.306   649   649 I SystemServerTiming: sendUserStartBroadcast
02-22 10:50:31.309   649   649 D SystemServerTiming: sendUserStartBroadcast took to complete: 3ms
02-22 10:50:31.310   649   649 I SystemServerTiming: resumeTopActivities
02-22 10:50:31.314   649   649 D SystemServerTiming: resumeTopActivities took to complete: 4ms
02-22 10:50:31.315   649   649 I SystemServerTiming: sendUserSwitchBroadcasts
02-22 10:50:31.317   649   649 D SystemServerTiming: sendUserSwitchBroadcasts took to complete: 1ms
02-22 10:50:31.317   649   649 I SystemServerTiming: setBinderProxies
02-22 10:50:31.319   649   649 D SystemServerTiming: setBinderProxies took to complete: 0ms
02-22 10:50:31.320   649   649 D SystemServerTiming: ActivityManagerStartApps took to complete: 930ms
02-22 10:50:31.320   649   649 D SystemServerTiming: PhaseActivityManagerReady took to complete: 2871ms
02-22 10:50:31.321   649   649 I SystemServerTiming: StartSystemUI
02-22 10:50:31.326   649   681 W ActivityManager: Slow operation: 365ms so far, now at startProcess: done updating battery stats
02-22 10:50:31.332   649   681 W ActivityManager: Slow operation: 371ms so far, now at startProcess: building log message
02-22 10:50:31.332   649   681 I ActivityManager: Start proc 1011:com.android.se/1068 for added application com.android.se
02-22 10:50:31.332   649   681 W ActivityManager: Slow operation: 371ms so far, now at startProcess: starting to update pids map
02-22 10:50:31.332   649   681 W ActivityManager: Slow operation: 371ms so far, now at startProcess: done updating pids map
02-22 10:50:31.332   649   681 W ActivityManager: Slow operation: 366ms so far, now at startProcess: asking zygote to start proc
02-22 10:50:31.338   649   681 W ActivityManager: Slow operation: 372ms so far, now at startProcess: returned from zygote!
02-22 10:50:31.344   649   669 W Looper  : Slow dispatch took 279ms android.fg h=com.android.server.DropBoxManagerService$DropBoxManagerBroadcastHandler c=null m=1
02-22 10:50:31.344   649   796 D CompatibilityChangeReporter: Compat change id reported: 168419799; UID 1068; state: DISABLED
02-22 10:50:31.346   649   724 E NativeTombstoneManager: Tombstone's UID (1000) not an app, ignoring
02-22 10:50:31.347   649   724 I DropBoxManagerService: add tag=SYSTEM_TOMBSTONE_PROTO isTagEnabled=true flags=0x4
02-22 10:50:31.380   649   672 D CompatibilityChangeReporter: Compat change id reported: 135634846; UID 1000; state: DISABLED
02-22 10:50:31.380   649   672 D CompatibilityChangeReporter: Compat change id reported: 177438394; UID 1000; state: DISABLED
02-22 10:50:31.380   649   672 D CompatibilityChangeReporter: Compat change id reported: 135772972; UID 1000; state: DISABLED
02-22 10:50:31.381   649   672 D CompatibilityChangeReporter: Compat change id reported: 135754954; UID 1000; state: ENABLED
02-22 10:50:31.401   649   681 W ActivityManager: Slow operation: 435ms so far, now at startProcess: done updating battery stats
02-22 10:50:31.403   649   681 I Watchdog: Interesting Java process com.android.phone started. Pid 1042
02-22 10:50:31.404   649   681 W ActivityManager: Slow operation: 438ms so far, now at startProcess: building log message
02-22 10:50:31.405   649   681 I ActivityManager: Start proc 1042:com.android.phone/1001 for added application com.android.phone
02-22 10:50:31.406   649   681 W ActivityManager: Slow operation: 440ms so far, now at startProcess: starting to update pids map
02-22 10:50:31.406   649   681 W ActivityManager: Slow operation: 440ms so far, now at startProcess: done updating pids map
02-22 10:50:31.408   824   824 D SystemUIBootTiming: DependencyInjection took to complete: 5ms
02-22 10:50:31.416   649   649 D SystemServerTiming: StartSystemUI took to complete: 94ms
02-22 10:50:31.416   649   649 D SystemServerTiming: startOtherServices took to complete: 5475ms
02-22 10:50:31.416   649   649 D SystemServerTiming: StartServices took to complete: 6531ms
02-22 10:50:31.418   649   649 W Looper  : Slow delivery took 6125ms main h=android.app.PropertyInvalidatedCache$AutoCorker$1 c=null m=0
02-22 10:50:31.421   649   649 D ConditionProviders.SCP: onConnected
02-22 10:50:31.430   649   681 I ActivityManager: Start proc 1059:com.android.settings/1000 for top-activity {com.android.settings/com.android.settings.FallbackHome}
02-22 10:50:31.434   649   724 E NativeTombstoneManager: Tombstone's UID (0) not an app, ignoring
02-22 10:50:31.435   649   724 I DropBoxManagerService: add tag=SYSTEM_TOMBSTONE_PROTO isTagEnabled=true flags=0x0
02-22 10:50:31.439   649   649 D ConditionProviders: Subscribing to condition://android/event?userId=-10000&calendar=&reply=1 with ComponentInfo{android/com.android.server.notification.EventConditionProvider}
02-22 10:50:31.441   649   649 D ConditionProviders: Subscribing to condition://android/schedule?days=1.2.3.4.5.6.7&start=22.0&end=7.0&exitAtAlarm=true with ComponentInfo{android/com.android.server.notification.ScheduleConditionProvider}
02-22 10:50:31.496   649   724 E NativeTombstoneManager: Tombstone's UID (1000) not an app, ignoring
02-22 10:50:31.497   649   724 I DropBoxManagerService: add tag=SYSTEM_TOMBSTONE_PROTO isTagEnabled=true flags=0x4
02-22 10:50:31.510   649   649 D CompatibilityChangeReporter: Compat change id reported: 135634846; UID 10078; state: DISABLED
02-22 10:50:31.514   649   681 D CompatibilityChangeReporter: Compat change id reported: 143937733; UID 10078; state: ENABLED
02-22 10:50:31.519   649  1022 D CompatibilityChangeReporter: Compat change id reported: 181136395; UID 1000; state: DISABLED
02-22 10:50:31.520   649  1022 D CompatibilityChangeReporter: Compat change id reported: 174042936; UID 1000; state: DISABLED
02-22 10:50:31.523   649   664 D CompatibilityChangeReporter: Compat change id reported: 168419799; UID 1001; state: DISABLED
02-22 10:50:31.545   649   681 I ActivityManager: Start proc 1079:android.ext.services/u0a78 for service {android.ext.services/android.ext.services.autofill.InlineSuggestionRenderServiceImpl}
02-22 10:50:31.557   649   671 I DropBoxManagerService: add tag=system_app_strictmode isTagEnabled=true flags=0x2
02-22 10:50:31.560   649   671 I DropBoxManagerService: add tag=system_app_strictmode isTagEnabled=true flags=0x2
02-22 10:50:31.570   649   671 I DropBoxManagerService: add tag=system_app_strictmode isTagEnabled=true flags=0x2
02-22 10:50:31.572   649   671 I DropBoxManagerService: add tag=system_app_strictmode isTagEnabled=true flags=0x2
02-22 10:50:31.591   649   649 W Looper  : Slow dispatch took 139ms main h=android.os.Handler c=<recycled PooledLambda@22f2402> m=1
02-22 10:50:31.602   649   724 E NativeTombstoneManager: Tombstone's UID (1070) not an app, ignoring
02-22 10:50:31.602   649   724 I DropBoxManagerService: add tag=SYSTEM_TOMBSTONE_PROTO isTagEnabled=true flags=0x0
02-22 10:50:31.656   649  1022 D CompatibilityChangeReporter: Compat change id reported: 182478738; UID 1073; state: DISABLED
02-22 10:50:31.677   649   714 D CompatibilityChangeReporter: Compat change id reported: 168419799; UID 10078; state: DISABLED
02-22 10:50:31.695   649   714 D CompatibilityChangeReporter: Compat change id reported: 171306433; UID 1000; state: ENABLED
02-22 10:50:31.699   649   671 I DropBoxManagerService: add tag=system_server_strictmode isTagEnabled=true flags=0x2
02-22 10:50:31.707   649   724 E NativeTombstoneManager: Tombstone's UID (1000) not an app, ignoring
02-22 10:50:31.708   649   724 I DropBoxManagerService: add tag=SYSTEM_TOMBSTONE_PROTO isTagEnabled=true flags=0x4
02-22 10:50:31.761   649   649 W Looper  : Slow dispatch took 160ms main h=android.app.ActivityThread$H c=null m=114
02-22 10:50:31.766   649   649 I PackageWatchdog: Syncing health check requests for packages: {}
02-22 10:50:31.766   649   649 I ExplicitHealthCheckController: Service not ready to get health check supported packages. Binding...
02-22 10:50:31.768   649   649 I ExplicitHealthCheckController: Explicit health check service is bound
02-22 10:50:31.797   824   824 D SystemUIBootTiming: StartServicescom.android.systemui.util.NotificationChannels took to complete: 8ms
02-22 10:50:31.843   649   724 I DropBoxManagerService: add tag=SYSTEM_TOMBSTONE_PROTO isTagEnabled=true flags=0x4
02-22 10:50:31.866   649   649 D CompatibilityChangeReporter: Compat change id reported: 135634846; UID 10076; state: DISABLED
02-22 10:50:31.883   649   649 D CompatibilityChangeReporter: Compat change id reported: 177438394; UID 10076; state: DISABLED
02-22 10:50:31.884   649   649 D CompatibilityChangeReporter: Compat change id reported: 135772972; UID 10076; state: DISABLED
02-22 10:50:31.884   649   649 D CompatibilityChangeReporter: Compat change id reported: 135754954; UID 10076; state: DISABLED
02-22 10:50:31.885   649   681 D CompatibilityChangeReporter: Compat change id reported: 143937733; UID 10076; state: DISABLED
02-22 10:50:31.892   649   681 I ActivityManager: Start proc 1115:com.android.permissioncontroller/u0a76 for service {com.android.permissioncontroller/com.android.permissioncontroller.hibernation.HibernationJobService}
02-22 10:50:31.940   649   649 D CompatibilityChangeReporter: Compat change id reported: 168419799; UID 1000; state: DISABLED
02-22 10:50:31.969   649   671 I DropBoxManagerService: add tag=system_app_strictmode isTagEnabled=true flags=0x2
02-22 10:50:31.976   649   671 I DropBoxManagerService: add tag=system_app_strictmode isTagEnabled=true flags=0x2
02-22 10:50:31.981   649  1022 D CompatibilityChangeReporter: Compat change id reported: 168419799; UID 10076; state: DISABLED
02-22 10:50:32.016   649   671 I DropBoxManagerService: add tag=system_app_strictmode isTagEnabled=true flags=0x2
02-22 10:50:32.022   649   724 E NativeTombstoneManager: Tombstone's UID (1000) not an app, ignoring
02-22 10:50:32.022   649   724 I DropBoxManagerService: add tag=SYSTEM_TOMBSTONE_PROTO isTagEnabled=true flags=0x4
02-22 10:50:32.028   649   671 I DropBoxManagerService: add tag=system_app_strictmode isTagEnabled=true flags=0x2
02-22 10:50:32.050   649   649 W Looper  : Slow dispatch took 224ms main h=com.android.server.job.JobSchedulerService$JobHandler c=null m=1
02-22 10:50:32.053   649   649 D BluetoothManagerService: BluetoothServiceConnection: com.android.bluetooth.btservice.AdapterService
02-22 10:50:32.054   649   671 D BluetoothManagerService: MESSAGE_BLUETOOTH_SERVICE_CONNECTED: 1
02-22 10:50:32.058   649   649 I ConnectivityModuleConnector: Networking module service connected
02-22 10:50:32.061   649   671 D BluetoothManagerService: Broadcasting onBluetoothServiceUp() to 3 receivers.
02-22 10:50:32.086   649   671 D BluetoothManagerService: MESSAGE_BLUETOOTH_STATE_CHANGE: OFF > BLE_TURNING_ON
02-22 10:50:32.086   649   671 D BluetoothManagerService: Sending BLE State Change: OFF > BLE_TURNING_ON
02-22 10:50:32.099   207  1138 D local_opengl: Sending id 7 to host
02-22 10:50:32.110   649   724 E NativeTombstoneManager: Tombstone's UID (1002) not an app, ignoring
02-22 10:50:32.112   649   724 I DropBoxManagerService: add tag=SYSTEM_TOMBSTONE_PROTO isTagEnabled=true flags=0x4
02-22 10:50:32.156   649   649 I SystemServerTiming: ManagedServices.unbindOtherUserServices_current0
02-22 10:50:32.156   649   649 D SystemServerTiming: ManagedServices.unbindOtherUserServices_current0 took to complete: 0ms
02-22 10:50:32.156   649   649 I SystemServerTiming: ManagedServices.unbindOtherUserServices_current0
02-22 10:50:32.156   649   649 D SystemServerTiming: ManagedServices.unbindOtherUserServices_current0 took to complete: 0ms
02-22 10:50:32.157   649   649 I SystemServerTiming: ManagedServices.unbindOtherUserServices_current0
02-22 10:50:32.158   649   649 D SystemServerTiming: ManagedServices.unbindOtherUserServices_current0 took to complete: 1ms
02-22 10:50:32.175   649   649 V NotificationAssistants: enabling notification assistant for 0: ComponentInfo{android.ext.services/android.ext.services.notification.Assistant}
